Component: ARM Compiler 5.06 update 6 (build 750) Tool: armlink [4d35ed]

==============================================================================

Section Cross References

    main.o(.text) refers to _printf_percent.o(.ARM.Collect$$_printf_percent$$00000000) for _printf_percent
    main.o(.text) refers to _printf_d.o(.ARM.Collect$$_printf_percent$$00000009) for _printf_d
    main.o(.text) refers to _printf_dec.o(.text) for _printf_int_dec
    main.o(.text) refers to _printf_f.o(.ARM.Collect$$_printf_percent$$00000003) for _printf_f
    main.o(.text) refers to printf1.o(x$fpl$printf1) for _printf_fp_dec
    main.o(.text) refers to f2d.o(x$fpl$f2d) for __aeabi_f2d
    main.o(.text) refers to atan2.o(i.__hardfp_atan2) for __hardfp_atan2
    main.o(.text) refers to dmul.o(x$fpl$dmul) for __aeabi_dmul
    main.o(.text) refers to ddiv.o(x$fpl$ddiv) for __aeabi_ddiv
    main.o(.text) refers to dfixu.o(x$fpl$dfixu) for __aeabi_d2uiz
    main.o(.text) refers to lcd.o(.text) for LCD_DrawPoint
    main.o(.text) refers to adc.o(.text) for Get_Adc
    main.o(.text) refers to rt_memclr_w.o(.text) for __aeabi_memclr4
    main.o(.text) refers to misc.o(.text) for NVIC_PriorityGroupConfig
    main.o(.text) refers to delay.o(.text) for delay_init
    main.o(.text) refers to usart.o(.text) for uart_init
    main.o(.text) refers to led.o(.text) for LED_Init
    main.o(.text) refers to key.o(.text) for KEY_Init
    main.o(.text) refers to dac.o(.text) for DAC_Mode_Init
    main.o(.text) refers to timer.o(.text) for TIM3_Int_Init
    main.o(.text) refers to arm_cfft_radix4_init_f32.o(.text) for arm_cfft_radix4_init_f32
    main.o(.text) refers to main.o(.data) for kaiser
    main.o(.text) refers to lcd.o(.bss) for lcddev
    main.o(.text) refers to lcd.o(.data) for POINT_COLOR
    main.o(.text) refers to noretval__2printf.o(.text) for __2printf
    main.o(.text) refers to arm_cfft_radix4_f32.o(.text) for arm_cfft_radix4_f32
    main.o(.text) refers to arm_cmplx_mag_f32.o(.text) for arm_cmplx_mag_f32
    main.o(.text) refers to noretval__2sprintf.o(.text) for __2sprintf
    main.o(.text) refers to main.o(.bss) for fft_inputbuf
    system_stm32f4xx.o(.text) refers to system_stm32f4xx.o(.data) for SystemCoreClock
    led.o(.text) refers to stm32f4xx_rcc.o(.text) for RCC_AHB1PeriphClockCmd
    led.o(.text) refers to stm32f4xx_gpio.o(.text) for GPIO_Init
    lcd.o(.text) refers to _printf_percent.o(.ARM.Collect$$_printf_percent$$00000000) for _printf_percent
    lcd.o(.text) refers to _printf_x.o(.ARM.Collect$$_printf_percent$$0000000C) for _printf_x
    lcd.o(.text) refers to _printf_hex_int.o(.text) for _printf_longlong_hex
    lcd.o(.text) refers to delay.o(.text) for delay_us
    lcd.o(.text) refers to lcd.o(.bss) for lcddev
    lcd.o(.text) refers to dflt_clz.o(x$fpl$dfltu) for __aeabi_ui2d
    lcd.o(.text) refers to dmul.o(x$fpl$dmul) for __aeabi_dmul
    lcd.o(.text) refers to dfixu.o(x$fpl$dfixu) for __aeabi_d2uiz
    lcd.o(.text) refers to lcd.o(.data) for POINT_COLOR
    lcd.o(.text) refers to stm32f4xx_rcc.o(.text) for RCC_AHB1PeriphClockCmd
    lcd.o(.text) refers to stm32f4xx_gpio.o(.text) for GPIO_Init
    lcd.o(.text) refers to stm32f4xx_fsmc.o(.text) for FSMC_NORSRAMInit
    lcd.o(.text) refers to noretval__2printf.o(.text) for __2printf
    lcd.o(.text) refers to lcd.o(.constdata) for asc2_1206
    key.o(.text) refers to stm32f4xx_rcc.o(.text) for RCC_AHB1PeriphClockCmd
    key.o(.text) refers to stm32f4xx_gpio.o(.text) for GPIO_Init
    key.o(.text) refers to delay.o(.text) for delay_ms
    key.o(.text) refers to key.o(.data) for key_up
    timer.o(.text) refers to stm32f4xx_rcc.o(.text) for RCC_APB1PeriphClockCmd
    timer.o(.text) refers to stm32f4xx_tim.o(.text) for TIM_TimeBaseInit
    timer.o(.text) refers to misc.o(.text) for NVIC_Init
    timer.o(.text) refers to main.o(.data) for timeout
    dac.o(.text) refers to stm32f4xx_rcc.o(.text) for RCC_AHB1PeriphClockCmd
    dac.o(.text) refers to stm32f4xx_gpio.o(.text) for GPIO_Init
    dac.o(.text) refers to stm32f4xx_dac.o(.text) for DAC_Init
    dac.o(.text) refers to stm32f4xx_tim.o(.text) for TIM_TimeBaseInit
    dac.o(.text) refers to stm32f4xx_dma.o(.text) for DMA_Init
    dac.o(.text) refers to f2d.o(x$fpl$f2d) for __aeabi_f2d
    dac.o(.text) refers to sin.o(i.__hardfp_sin) for __hardfp_sin
    dac.o(.text) refers to d2f.o(x$fpl$d2f) for __aeabi_d2f
    dac.o(.text) refers to dac.o(.data) for Sine12bit
    adc.o(.text) refers to stm32f4xx_rcc.o(.text) for RCC_AHB1PeriphClockCmd
    adc.o(.text) refers to stm32f4xx_gpio.o(.text) for GPIO_Init
    adc.o(.text) refers to stm32f4xx_adc.o(.text) for ADC_CommonInit
    adc.o(.text) refers to delay.o(.text) for delay_ms
    delay.o(.text) refers to misc.o(.text) for SysTick_CLKSourceConfig
    delay.o(.text) refers to delay.o(.data) for fac_us
    usart.o(.rev16_text) refers (Special) to use_no_semi_2.o(.text) for __use_no_semihosting
[...]
    __Vectors                                0x08000000   Data           4  startup_stm32f40_41xxx.o(RESET)
    __Vectors_End                            0x08000188   Data           0  startup_stm32f40_41xxx.o(RESET)
    __main                                   0x08000189   Thumb Code     8  __main.o(!!!main)
    __scatterload                            0x08000191   Thumb Code     0  __scatter.o(!!!scatter)
    __scatterload_rt2                        0x08000191   Thumb Code    44  __scatter.o(!!!scatter)
    __scatterload_rt2_thumb_only             0x08000191   Thumb Code     0  __scatter.o(!!!scatter)
    __scatterload_null                       0x0800019f   Thumb Code     0  __scatter.o(!!!scatter)
    __decompress                             0x080001c5   Thumb Code   100  __dclz77c.o(!!dclz77c)
    __decompress2                            0x080001c5   Thumb Code     0  __dclz77c.o(!!dclz77c)
    __scatterload_zeroinit                   0x08000229   Thumb Code    28  __scatter_zi.o(!!handler_zi)
    _printf_f                                0x08000245   Thumb Code     0  _printf_f.o(.ARM.Collect$$_printf_percent$$00000003)
    _printf_percent                          0x08000245   Thumb Code     0  _printf_percent.o(.ARM.Collect$$_printf_percent$$00000000)
    _printf_d                                0x0800024b   Thumb Code     0  _printf_d.o(.ARM.Collect$$_printf_percent$$00000009)
    _printf_x                                0x08000251   Thumb Code     0  _printf_x.o(.ARM.Collect$$_printf_percent$$0000000C)
    _printf_percent_end                      0x08000257   Thumb Code     0  _printf_percent_end.o(.ARM.Collect$$_printf_percent$$00000017)
    __rt_lib_init                            0x0800025b   Thumb Code     0  libinit.o(.ARM.Collect$$libinit$$00000000)
    __rt_lib_init_fp_1                       0x0800025d   Thumb Code     0  libinit2.o(.ARM.Collect$$libinit$$00000001)
    __rt_lib_init_heap_1                     0x08000261   Thumb Code     0  libinit2.o(.ARM.Collect$$libinit$$0000000A)
    __rt_lib_init_lc_common                  0x08000261   Thumb Code     0  libinit2.o(.ARM.Collect$$libinit$$0000000F)
    __rt_lib_init_preinit_1                  0x08000261   Thumb Code     0  libinit2.o(.ARM.Collect$$libinit$$00000004)
    __rt_lib_init_rand_1                     0x08000261   Thumb Code     0  libinit2.o(.ARM.Collect$$libinit$$0000000E)
    __rt_lib_init_user_alloc_1               0x08000261   Thumb Code     0  libinit2.o(.ARM.Collect$$libinit$$0000000C)
    __rt_lib_init_lc_collate_1               0x08000267   Thumb Code     0  libinit2.o(.ARM.Collect$$libinit$$00000011)
    __rt_lib_init_lc_ctype_1                 0x08000267   Thumb Code     0  libinit2.o(.ARM.Collect$$libinit$$00000013)
    __rt_lib_init_lc_monetary_1              0x08000267   Thumb Code     0  libinit2.o(.ARM.Collect$$libinit$$00000015)
    __rt_lib_init_lc_numeric_2               0x08000267   Thumb Code     0  libinit2.o(.ARM.Collect$$libinit$$00000016)
    __rt_lib_init_alloca_1                   0x08000271   Thumb Code     0  libinit2.o(.ARM.Collect$$libinit$$0000002E)
    __rt_lib_init_argv_1                     0x08000271   Thumb Code     0  libinit2.o(.ARM.Collect$$libinit$$0000002C)
    __rt_lib_init_atexit_1                   0x08000271   Thumb Code     0  libinit2.o(.ARM.Collect$$libinit$$0000001B)
    __rt_lib_init_clock_1                    0x08000271   Thumb Code     0  libinit2.o(.ARM.Collect$$libinit$$00000021)
    __rt_lib_init_cpp_1                      0x08000271   Thumb Code     0  libinit2.o(.ARM.Collect$$libinit$$00000032)
    __rt_lib_init_exceptions_1               0x08000271   Thumb Code     0  libinit2.o(.ARM.Collect$$libinit$$00000030)
    __rt_lib_init_fp_trap_1                  0x08000271   Thumb Code     0  libinit2.o(.ARM.Collect$$libinit$$0000001F)
    __rt_lib_init_getenv_1                   0x08000271   Thumb Code     0  libinit2.o(.ARM.Collect$$libinit$$00000023)
    __rt_lib_init_lc_numeric_1               0x08000271   Thumb Code     0  libinit2.o(.ARM.Collect$$libinit$$00000017)
    __rt_lib_init_lc_time_1                  0x08000271   Thumb Code     0  libinit2.o(.ARM.Collect$$libinit$$00000019)
    __rt_lib_init_return                     0x08000271   Thumb Code     0  libinit2.o(.ARM.Collect$$libinit$$00000033)
    __rt_lib_init_signal_1                   0x08000271   Thumb Code     0  libinit2.o(.ARM.Collect$$libinit$$0000001D)
    __rt_lib_init_stdio_1                    0x08000271   Thumb Code     0  libinit2.o(.ARM.Collect$$libinit$$00000025)
    __rt_lib_shutdown                        0x08000273   Thumb Code     0  libshutdown.o(.ARM.Collect$$libshutdown$$00000000)
    __rt_lib_shutdown_cpp_1                  0x08000275   Thumb Code     0  libshutdown2.o(.ARM.Collect$$libshutdown$$00000002)
    __rt_lib_shutdown_fp_trap_1              0x08000275   Thumb Code     0  libshutdown2.o(.ARM.Collect$$libshutdown$$00000007)
    __rt_lib_shutdown_heap_1                 0x08000275   Thumb Code     0  libshutdown2.o(.ARM.Collect$$libshutdown$$0000000F)
    __rt_lib_shutdown_return                 0x08000275   Thumb Code     0  libshutdown2.o(.ARM.Collect$$libshutdown$$00000010)
    __rt_lib_shutdown_signal_1               0x08000275   Thumb Code     0  libshutdown2.o(.ARM.Collect$$libshutdown$$0000000A)
    __rt_lib_shutdown_stdio_1                0x08000275   Thumb Code     0  libshutdown2.o(.ARM.Collect$$libshutdown$$00000004)
    __rt_lib_shutdown_user_alloc_1           0x08000275   Thumb Code     0  libshutdown2.o(.ARM.Collect$$libshutdown$$0000000C)
    __rt_entry                               0x08000277   Thumb Code     0  __rtentry.o(.ARM.Collect$$rtentry$$00000000)
    __rt_entry_presh_1                       0x08000277   Thumb Code     0  __rtentry2.o(.ARM.Collect$$rtentry$$00000002)
    __rt_entry_sh                            0x08000277   Thumb Code     0  __rtentry4.o(.ARM.Collect$$rtentry$$00000004)
    __rt_entry_li                            0x0800027d   Thumb Code     0  __rtentry2.o(.ARM.Collect$$rtentry$$0000000A)
    __rt_entry_postsh_1                      0x0800027d   Thumb Code     0  __rtentry2.o(.ARM.Collect$$rtentry$$00000009)
    __rt_entry_main                          0x08000281   Thumb Code     0  __rtentry2.o(.ARM.Collect$$rtentry$$0000000D)
    __rt_entry_postli_1                      0x08000281   Thumb Code     0  __rtentry2.o(.ARM.Collect$$rtentry$$0000000C)
    __rt_exit                                0x08000289   Thumb Code     0  rtexit.o(.ARM.Collect$$rtexit$$00000000)
    __rt_exit_ls                             0x0800028b   Thumb Code     0  rtexit2.o(.ARM.Collect$$rtexit$$00000003)
    __rt_exit_prels_1                        0x0800028b   Thumb Code     0  rtexit2.o(.ARM.Collect$$rtexit$$00000002)
    __rt_exit_exit                           0x0800028f   Thumb Code     0  rtexit2.o(.ARM.Collect$$rtexit$$00000004)
    get_arg                                  0x08000295   Thumb Code   196  main.o(.text)
    get_freq                                 0x08000359   Thumb Code    80  main.o(.text)
    Add_Kwindow                              0x080003a9   Thumb Code    48  main.o(.text)
    get_vpp                                  0x080003d9   Thumb Code   108  main.o(.text)
    clear_point                              0x08000445   Thumb Code   158  main.o(.text)
    DrawOscillogram                          0x080004e3   Thumb Code   144  main.o(.text)
    Collect_ADC_LEVEL                        0x08000573   Thumb Code   106  main.o(.text)
    Lcd_DrawNetwork                          0x080005dd   Thumb Code    96  main.o(.text)
    Set_BackGround                           0x0800063d   Thumb Code   104  main.o(.text)
    main                                     0x080006a5   Thumb Code   444  main.o(.text)
    rDawSpectrum                             0x08000861   Thumb Code   200  main.o(.text)
    NMI_Handler                              0x0800097d   Thumb Code     2  stm32f4xx_it.o(.text)
    HardFault_Handler                        0x0800097f   Thumb Code     4  stm32f4xx_it.o(.text)
    MemManage_Handler                        0x08000983   Thumb Code     4  stm32f4xx_it.o(.text)
    BusFault_Handler                         0x08000987   Thumb Code     4  stm32f4xx_it.o(.text)
    UsageFault_Handler                       0x0800098b   Thumb Code     4  stm32f4xx_it.o(.text)
    SVC_Handler                              0x0800098f   Thumb Code     2  stm32f4xx_it.o(.text)
    DebugMon_Handler                         0x08000991   Thumb Code     2  stm32f4xx_it.o(.text)
    PendSV_Handler                           0x08000993   Thumb Code     2  stm32f4xx_it.o(.text)
    SysTick_Handler                          0x08000995   Thumb Code     2  stm32f4xx_it.o(.text)
    SystemInit                               0x08000a75   Thumb Code    88  system_stm32f4xx.o(.text)
    SystemCoreClockUpdate                    0x08000acd   Thumb Code   174  system_stm32f4xx.o(.text)
    LED_Init                                 0x08000ba9   Thumb Code    60  led.o(.text)
    LCD_WR_REG                               0x08000be9   Thumb Code    18  lcd.o(.text)
    LCD_WR_DATA                              0x08000bfb   Thumb Code    20  lcd.o(.text)
    LCD_RD_DATA                              0x08000c0f   Thumb Code    16  lcd.o(.text)
    LCD_WriteReg                             0x08000c1f   Thumb Code    14  lcd.o(.text)
    LCD_ReadReg                              0x08000c2d   Thumb Code    22  lcd.o(.text)
    LCD_WriteRAM_Prepare                     0x08000c43   Thumb Code    10  lcd.o(.text)
    LCD_WriteRAM                             0x08000c4d   Thumb Code     8  lcd.o(.text)
    LCD_BGR2RGB                              0x08000c55   Thumb Code    26  lcd.o(.text)
    opt_delay                                0x08000c6f   Thumb Code    14  lcd.o(.text)
    LCD_SetCursor                            0x08000c7d   Thumb Code   282  lcd.o(.text)
    LCD_ReadPoint                            0x08000d97   Thumb Code   132  lcd.o(.text)
    LCD_DisplayOn                            0x08000e1b   Thumb Code    32  lcd.o(.text)
    LCD_DisplayOff                           0x08000e3b   Thumb Code    32  lcd.o(.text)
    LCD_Scan_Dir                             0x08000e5b   Thumb Code   570  lcd.o(.text)
    LCD_DrawPoint                            0x08001095   Thumb Code    28  lcd.o(.text)
    LCD_Fast_DrawPoint                       0x080010b1   Thumb Code   238  lcd.o(.text)
    LCD_SSD_BackLightSet                     0x0800119f   Thumb Code    88  lcd.o(.text)
    LCD_Display_Dir                          0x080011f7   Thumb Code   298  lcd.o(.text)
    LCD_Set_Window                           0x08001321   Thumb Code   384  lcd.o(.text)
    LCD_Clear                                0x080014a1   Thumb Code    42  lcd.o(.text)
    LCD_Init                                 0x080014cb   Thumb Code 10318  lcd.o(.text)
    LCD_Fill                                 0x08003d19   Thumb Code    82  lcd.o(.text)
    LCD_Color_Fill                           0x08003d6b   Thumb Code    92  lcd.o(.text)
    LCD_DrawLine                             0x08003dc7   Thumb Code   176  lcd.o(.text)
    LCD_DrawRectangle                        0x08003e77   Thumb Code    60  lcd.o(.text)
    LCD_Draw_Circle                          0x08003eb3   Thumb Code   152  lcd.o(.text)
    LCD_ShowChar                             0x08003f4b   Thumb Code   284  lcd.o(.text)
    LCD_Pow                                  0x08004067   Thumb Code    22  lcd.o(.text)
    LCD_ShowNum                              0x0800407d   Thumb Code   148  lcd.o(.text)
    LCD_ShowxNum                             0x08004111   Thumb Code   190  lcd.o(.text)
    LCD_ShowString                           0x080041cf   Thumb Code   102  lcd.o(.text)
    KEY_Init                                 0x0800424d   Thumb Code    60  key.o(.text)
    KEY_Scan                                 0x08004289   Thumb Code   150  key.o(.text)
    TIM3_Int_Init                            0x0800432d   Thumb Code    88  timer.o(.text)
    TIM3_IRQHandler                          0x08004385   Thumb Code    34  timer.o(.text)
    DAC_Config                               0x080043b1   Thumb Code    90  dac.o(.text)
    DAC_TIM_Config                           0x0800440b   Thumb Code   100  dac.o(.text)
    DAC_DMA_Config                           0x0800446f   Thumb Code   124  dac.o(.text)
    Set_Sine12bit                            0x080044eb   Thumb Code   268  dac.o(.text)
    DAC_Mode_Init                            0x080045f7   Thumb Code    34  dac.o(.text)
    Adc_Init                                 0x08004645   Thumb Code   124  adc.o(.text)
    Get_Adc                                  0x080046c1   Thumb Code    44  adc.o(.text)
    Get_Adc_Average                          0x080046ed   Thumb Code    46  adc.o(.text)
    delay_init                               0x08004725   Thumb Code    52  delay.o(.text)
    delay_us                                 0x08004759   Thumb Code    72  delay.o(.text)
    delay_xms                                0x080047a1   Thumb Code    72  delay.o(.text)
    delay_ms                                 0x080047e9   Thumb Code    56  delay.o(.text)
    _sys_exit                                0x08004829   Thumb Code     4  usart.o(.text)
    fputc                                    0x0800482d   Thumb Code    22  usart.o(.text)
    uart_init                                0x08004843   Thumb Code   164  usart.o(.text)
    USART1_IRQHandler                        0x080048e7   Thumb Code   122  usart.o(.text)
    Reset_Handler                            0x08004971   Thumb Code     8  startup_stm32f40_41xxx.o(.text)
    ADC_IRQHandler                           0x0800498b   Thumb Code     0  startup_stm32f40_41xxx.o(.text)
    CAN1_RX0_IRQHandler                      0x0800498b   Thumb Code     0  startup_stm32f40_41xxx.o(.text)
    CAN1_RX1_IRQHandler                      0x0800498b   Thumb Code     0  startup_stm32f40_41xxx.o(.text)
    CAN1_SCE_IRQHandler                      0x0800498b   Thumb Code     0  startup_stm32f40_41xxx.o(.text)
    CAN1_TX_IRQHandler                       0x0800498b   Thumb Code     0  startup_stm32f40_41xxx.o(.text)
    CAN2_RX0_IRQHandler                      0x0800498b   Thumb Code     0  startup_stm32f40_41xxx.o(.text)
    CAN2_RX1_IRQHandler                      0x0800498b   Thumb Code     0  startup_stm32f40_41xxx.o(.text)
    CAN2_SCE_IRQHandler                      0x0800498b   Thumb Code     0  startup_stm32f40_41xxx.o(.text)
    CAN2_TX_IRQHandler                       0x0800498b   Thumb Code     0  startup_stm32f40_41xxx.o(.text)
    CRYP_IRQHandler                          0x0800498b   Thumb Code     0  startup_stm32f40_41xxx.o(.text)
    DCMI_IRQHandler                          0x0800498b   Thumb Code     0  startup_stm32f40_41xxx.o(.text)
    DMA1_Stream0_IRQHandler                  0x0800498b   Thumb Code     0  startup_stm32f40_41xxx.o(.text)
    DMA1_Stream1_IRQHandler                  0x0800498b   Thumb Code     0  startup_stm32f40_41xxx.o(.text)
    DMA1_Stream2_IRQHandler                  0x0800498b   Thumb Code     0  startup_stm32f40_41xxx.o(.text)
    DMA1_Stream3_IRQHandler                  0x0800498b   Thumb Code     0  startup_stm32f40_41xxx.o(.text)
    DMA1_Stream4_IRQHandler                  0x0800498b   Thumb Code     0  startup_stm32f40_41xxx.o(.text)
    DMA1_Stream5_IRQHandler                  0x0800498b   Thumb Code     0  startup_stm32f40_41xxx.o(.text)
    DMA1_Stream6_IRQHandler                  0x0800498b   Thumb Code     0  startup_stm32f40_41xxx.o(.text)
    DMA1_Stream7_IRQHandler                  0x0800498b   Thumb Code     0  startup_stm32f40_41xxx.o(.text)
    DMA2_Stream0_IRQHandler                  0x0800498b   Thumb Code     0  startup_stm32f40_41xxx.o(.text)
    DMA2_Stream1_IRQHandler                  0x0800498b   Thumb Code     0  startup_stm32f40_41xxx.o(.text)
    DMA2_Stream2_IRQHandler                  0x0800498b   Thumb Code     0  startup_stm32f40_41xxx.o(.text)
    DMA2_Stream3_IRQHandler                  0x0800498b   Thumb Code     0  startup_stm32f40_41xxx.o(.text)
    DMA2_Stream4_IRQHandler                  0x0800498b   Thumb Code     0  startup_stm32f40_41xxx.o(.text)
    DMA2_Stream5_IRQHandler                  0x0800498b   Thumb Code     0  startup_stm32f40_41xxx.o(.text)
    DMA2_Stream6_IRQHandler                  0x0800498b   Thumb Code     0  startup_stm32f40_41xxx.o(.text)
    DMA2_Stream7_IRQHandler                  0x0800498b   Thumb Code     0  startup_stm32f40_41xxx.o(.text)
    ETH_IRQHandler                           0x0800498b   Thumb Code     0  startup_stm32f40_41xxx.o(.text)
    ETH_WKUP_IRQHandler                      0x0800498b   Thumb Code     0  startup_stm32f40_41xxx.o(.text)
    EXTI0_IRQHandler                         0x0800498b   Thumb Code     0  startup_stm32f40_41xxx.o(.text)
    EXTI15_10_IRQHandler                     0x0800498b   Thumb Code     0  startup_stm32f40_41xxx.o(.text)
    EXTI1_IRQHandler                         0x0800498b   Thumb Code     0  startup_stm32f40_41xxx.o(.text)
    EXTI2_IRQHandler                         0x0800498b   Thumb Code     0  startup_stm32f40_41xxx.o(.text)
    EXTI3_IRQHandler                         0x0800498b   Thumb Code     0  startup_stm32f40_41xxx.o(.text)
    EXTI4_IRQHandler                         0x0800498b   Thumb Code     0  startup_stm32f40_41xxx.o(.text)
    EXTI9_5_IRQHandler                       0x0800498b   Thumb Code     0  startup_stm32f40_41xxx.o(.text)
    FLASH_IRQHandler                         0x0800498b   Thumb Code     0  startup_stm32f40_41xxx.o(.text)
    FPU_IRQHandler                           0x0800498b   Thumb Code     0  startup_stm32f40_41xxx.o(.text)
    FSMC_IRQHandler                          0x0800498b   Thumb Code     0  startup_stm32f40_41xxx.o(.text)
    HASH_RNG_IRQHandler                      0x0800498b   Thumb Code     0  startup_stm32f40_41xxx.o(.text)
    I2C1_ER_IRQHandler                       0x0800498b   Thumb Code     0  startup_stm32f40_41xxx.o(.text)
    I2C1_EV_IRQHandler                       0x0800498b   Thumb Code     0  startup_stm32f40_41xxx.o(.text)
    I2C2_ER_IRQHandler                       0x0800498b   Thumb Code     0  startup_stm32f40_41xxx.o(.text)
    I2C2_EV_IRQHandler                       0x0800498b   Thumb Code     0  startup_stm32f40_41xxx.o(.text)
    I2C3_ER_IRQHandler                       0x0800498b   Thumb Code     0  startup_stm32f40_41xxx.o(.text)
    I2C3_EV_IRQHandler                       0x0800498b   Thumb Code     0  startup_stm32f40_41xxx.o(.text)
    OTG_FS_IRQHandler                        0x0800498b   Thumb Code     0  startup_stm32f40_41xxx.o(.text)
    OTG_FS_WKUP_IRQHandler                   0x0800498b   Thumb Code     0  startup_stm32f40_41xxx.o(.text)
    OTG_HS_EP1_IN_IRQHandler                 0x0800498b   Thumb Code     0  startup_stm32f40_41xxx.o(.text)
    OTG_HS_EP1_OUT_IRQHandler                0x0800498b   Thumb Code     0  startup_stm32f40_41xxx.o(.text)
    OTG_HS_IRQHandler                        0x0800498b   Thumb Code     0  startup_stm32f40_41xxx.o(.text)
    OTG_HS_WKUP_IRQHandler                   0x0800498b   Thumb Code     0  startup_stm32f40_41xxx.o(.text)
    PVD_IRQHandler                           0x0800498b   Thumb Code     0  startup_stm32f40_41xxx.o(.text)
    RCC_IRQHandler                           0x0800498b   Thumb Code     0  startup_stm32f40_41xxx.o(.text)
    RTC_Alarm_IRQHandler                     0x0800498b   Thumb Code     0  startup_stm32f40_41xxx.o(.text)
    RTC_WKUP_IRQHandler                      0x0800498b   Thumb Code     0  startup_stm32f40_41xxx.o(.text)
    SDIO_IRQHandler                          0x0800498b   Thumb Code     0  startup_stm32f40_41xxx.o(.text)
    SPI1_IRQHandler                          0x0800498b   Thumb Code     0  startup_stm32f40_41xxx.o(.text)
    SPI2_IRQHandler                          0x0800498b   Thumb Code     0  startup_stm32f40_41xxx.o(.text)
    SPI3_IRQHandler                          0x0800498b   Thumb Code     0  startup_stm32f40_41xxx.o(.text)
    TAMP_STAMP_IRQHandler                    0x0800498b   Thumb Code     0  startup_stm32f40_41xxx.o(.text)
    TIM1_BRK_TIM9_IRQHandler                 0x0800498b   Thumb Code     0  startup_stm32f40_41xxx.o(.text)
    TIM1_CC_IRQHandler                       0x0800498b   Thumb Code     0  startup_stm32f40_41xxx.o(.text)
    TIM1_TRG_COM_TIM11_IRQHandler            0x0800498b   Thumb Code     0  startup_stm32f40_41xxx.o(.text)
    TIM1_UP_TIM10_IRQHandler                 0x0800498b   Thumb Code     0  startup_stm32f40_41xxx.o(.text)
    TIM2_IRQHandler                          0x0800498b   Thumb Code     0  startup_stm32f40_41xxx.o(.text)
    TIM4_IRQHandler                          0x0800498b   Thumb Code     0  startup_stm32f40_41xxx.o(.text)
    TIM5_IRQHandler                          0x0800498b   Thumb Code     0  startup_stm32f40_41xxx.o(.text)
    TIM6_DAC_IRQHandler                      0x0800498b   Thumb Code     0  startup_stm32f40_41xxx.o(.text)
    TIM7_IRQHandler                          0x0800498b   Thumb Code     0  startup_stm32f40_41xxx.o(.text)
    TIM8_BRK_TIM12_IRQHandler                0x0800498b   Thumb Code     0  startup_stm32f40_41xxx.o(.text)
    TIM8_CC_IRQHandler                       0x0800498b   Thumb Code     0  startup_stm32f40_41xxx.o(.text)
    TIM8_TRG_COM_TIM14_IRQHandler            0x0800498b   Thumb Code     0  startup_stm32f40_41xxx.o(.text)
    TIM8_UP_TIM13_IRQHandler                 0x0800498b   Thumb Code     0  startup_stm32f40_41xxx.o(.text)
    UART4_IRQHandler                         0x0800498b   Thumb Code     0  startup_stm32f40_41xxx.o(.text)
    UART5_IRQHandler                         0x0800498b   Thumb Code     0  startup_stm32f40_41xxx.o(.text)
    USART2_IRQHandler                        0x0800498b   Thumb Code     0  startup_stm32f40_41xxx.o(.text)
    USART3_IRQHandler                        0x0800498b   Thumb Code     0  startup_stm32f40_41xxx.o(.text)
    USART6_IRQHandler                        0x0800498b   Thumb Code     0  startup_stm32f40_41xxx.o(.text)
    WWDG_IRQHandler                          0x0800498b   Thumb Code     0  startup_stm32f40_41xxx.o(.text)
    __user_initial_stackheap                 0x0800498d   Thumb Code     0  startup_stm32f40_41xxx.o(.text)
    NVIC_PriorityGroupConfig                 0x080049b1   Thumb Code    10  misc.o(.text)
    NVIC_Init                                0x080049bb   Thumb Code   106  misc.o(.text)
    NVIC_SetVectorTable                      0x08004a25   Thumb Code    14  misc.o(.text)
    NVIC_SystemLPConfig                      0x08004a33   Thumb Code    34  misc.o(.text)
    SysTick_CLKSourceConfig                  0x08004a55   Thumb Code    40  misc.o(.text)
    GPIO_DeInit                              0x08004a91   Thumb Code   268  stm32f4xx_gpio.o(.text)
    GPIO_Init                                0x08004b9d   Thumb Code   144  stm32f4xx_gpio.o(.text)
    GPIO_StructInit                          0x08004c2d   Thumb Code    18  stm32f4xx_gpio.o(.text)
    GPIO_PinLockConfig                       0x08004c3f   Thumb Code    34  stm32f4xx_gpio.o(.text)
    GPIO_ReadInputDataBit                    0x08004c61   Thumb Code    18  stm32f4xx_gpio.o(.text)
    GPIO_ReadInputData                       0x08004c73   Thumb Code     8  stm32f4xx_gpio.o(.text)
    GPIO_ReadOutputDataBit                   0x08004c7b   Thumb Code    18  stm32f4xx_gpio.o(.text)
    GPIO_ReadOutputData                      0x08004c8d   Thumb Code     8  stm32f4xx_gpio.o(.text)
    GPIO_SetBits                             0x08004c95   Thumb Code     4  stm32f4xx_gpio.o(.text)
    GPIO_ResetBits                           0x08004c99   Thumb Code     4  stm32f4xx_gpio.o(.text)
    GPIO_WriteBit                            0x08004c9d   Thumb Code    10  stm32f4xx_gpio.o(.text)
    GPIO_Write                               0x08004ca7   Thumb Code     4  stm32f4xx_gpio.o(.text)
    GPIO_ToggleBits                          0x08004cab   Thumb Code     8  stm32f4xx_gpio.o(.text)
    GPIO_PinAFConfig                         0x08004cb3   Thumb Code    70  stm32f4xx_gpio.o(.text)
    FSMC_NORSRAMDeInit                       0x08004d25   Thumb Code    54  stm32f4xx_fsmc.o(.text)
    FSMC_NORSRAMInit                         0x08004d5b   Thumb Code   230  stm32f4xx_fsmc.o(.text)
    FSMC_NORSRAMStructInit                   0x08004e41   Thumb Code    48  stm32f4xx_fsmc.o(.text)
    FSMC_NORSRAMCmd                          0x08004e71   Thumb Code    46  stm32f4xx_fsmc.o(.text)
    FSMC_NANDDeInit                          0x08004e9f   Thumb Code    62  stm32f4xx_fsmc.o(.text)
    FSMC_NANDInit                            0x08004edd   Thumb Code   132  stm32f4xx_fsmc.o(.text)
    FSMC_NANDStructInit                      0x08004f61   Thumb Code    54  stm32f4xx_fsmc.o(.text)
    FSMC_NANDCmd                             0x08004f97   Thumb Code    86  stm32f4xx_fsmc.o(.text)
    FSMC_NANDECCCmd                          0x08004fed   Thumb Code    86  stm32f4xx_fsmc.o(.text)
    FSMC_GetECC                              0x08005043   Thumb Code    24  stm32f4xx_fsmc.o(.text)
    FSMC_PCCARDDeInit                        0x0800505b   Thumb Code    36  stm32f4xx_fsmc.o(.text)
    FSMC_PCCARDInit                          0x0800507f   Thumb Code   130  stm32f4xx_fsmc.o(.text)
    FSMC_PCCARDStructInit                    0x08005101   Thumb Code    60  stm32f4xx_fsmc.o(.text)
    FSMC_PCCARDCmd                           0x0800513d   Thumb Code    44  stm32f4xx_fsmc.o(.text)
    FSMC_ITConfig                            0x08005169   Thumb Code   128  stm32f4xx_fsmc.o(.text)
    FSMC_GetFlagStatus                       0x080051e9   Thumb Code    54  stm32f4xx_fsmc.o(.text)
    FSMC_ClearFlag                           0x0800521f   Thumb Code    74  stm32f4xx_fsmc.o(.text)
    FSMC_GetITStatus                         0x08005269   Thumb Code    62  stm32f4xx_fsmc.o(.text)
    FSMC_ClearITPendingBit                   0x080052a7   Thumb Code    66  stm32f4xx_fsmc.o(.text)
    RCC_DeInit                               0x080052ed   Thumb Code    82  stm32f4xx_rcc.o(.text)
    RCC_HSEConfig                            0x0800533f   Thumb Code    14  stm32f4xx_rcc.o(.text)
    RCC_GetFlagStatus                        0x0800534d   Thumb Code    60  stm32f4xx_rcc.o(.text)
    RCC_WaitForHSEStartUp                    0x08005389   Thumb Code    56  stm32f4xx_rcc.o(.text)
    RCC_AdjustHSICalibrationValue            0x080053c1   Thumb Code    20  stm32f4xx_rcc.o(.text)
    RCC_HSICmd                               0x080053d5   Thumb Code     6  stm32f4xx_rcc.o(.text)
    RCC_LSEConfig                            0x080053db   Thumb Code    46  stm32f4xx_rcc.o(.text)
    RCC_LSICmd                               0x08005409   Thumb Code     6  stm32f4xx_rcc.o(.text)
    RCC_PLLConfig                            0x0800540f   Thumb Code    32  stm32f4xx_rcc.o(.text)
    RCC_PLLCmd                               0x0800542f   Thumb Code     6  stm32f4xx_rcc.o(.text)
    RCC_PLLI2SConfig                         0x08005435   Thumb Code    14  stm32f4xx_rcc.o(.text)
    RCC_PLLI2SCmd                            0x08005443   Thumb Code     6  stm32f4xx_rcc.o(.text)
    RCC_PLLSAIConfig                         0x08005449   Thumb Code    20  stm32f4xx_rcc.o(.text)
    RCC_PLLSAICmd                            0x0800545d   Thumb Code     6  stm32f4xx_rcc.o(.text)
    RCC_ClockSecuritySystemCmd               0x08005463   Thumb Code     6  stm32f4xx_rcc.o(.text)
    RCC_MCO1Config                           0x08005469   Thumb Code    28  stm32f4xx_rcc.o(.text)
    RCC_MCO2Config                           0x08005485   Thumb Code    28  stm32f4xx_rcc.o(.text)
    RCC_SYSCLKConfig                         0x080054a1   Thumb Code    20  stm32f4xx_rcc.o(.text)
    RCC_GetSYSCLKSource                      0x080054b5   Thumb Code    12  stm32f4xx_rcc.o(.text)
    RCC_HCLKConfig                           0x080054c1   Thumb Code    20  stm32f4xx_rcc.o(.text)
    RCC_PCLK1Config                          0x080054d5   Thumb Code    20  stm32f4xx_rcc.o(.text)
    RCC_PCLK2Config                          0x080054e9   Thumb Code    22  stm32f4xx_rcc.o(.text)
    RCC_GetClocksFreq                        0x080054ff   Thumb Code   222  stm32f4xx_rcc.o(.text)
    RCC_RTCCLKConfig                         0x080055dd   Thumb Code    54  stm32f4xx_rcc.o(.text)
    RCC_RTCCLKCmd                            0x08005613   Thumb Code     8  stm32f4xx_rcc.o(.text)
    RCC_BackupResetCmd                       0x0800561b   Thumb Code     8  stm32f4xx_rcc.o(.text)
    RCC_I2SCLKConfig                         0x08005623   Thumb Code     6  stm32f4xx_rcc.o(.text)
    RCC_SAIPLLI2SClkDivConfig                0x08005629   Thumb Code    26  stm32f4xx_rcc.o(.text)
    RCC_SAIPLLSAIClkDivConfig                0x08005643   Thumb Code    28  stm32f4xx_rcc.o(.text)
    RCC_SAIBlockACLKConfig                   0x0800565f   Thumb Code    20  stm32f4xx_rcc.o(.text)
    RCC_SAIBlockBCLKConfig                   0x08005673   Thumb Code    20  stm32f4xx_rcc.o(.text)
    RCC_LTDCCLKDivConfig                     0x08005687   Thumb Code    20  stm32f4xx_rcc.o(.text)
    RCC_TIMCLKPresConfig                     0x0800569b   Thumb Code     6  stm32f4xx_rcc.o(.text)
    RCC_AHB1PeriphClockCmd                   0x080056a1   Thumb Code    34  stm32f4xx_rcc.o(.text)
    RCC_AHB2PeriphClockCmd                   0x080056c3   Thumb Code    78  stm32f4xx_rcc.o(.text)
    RCC_AHB3PeriphClockCmd                   0x08005711   Thumb Code    34  stm32f4xx_rcc.o(.text)
    RCC_APB1PeriphClockCmd                   0x08005733   Thumb Code    34  stm32f4xx_rcc.o(.text)
    RCC_APB2PeriphClockCmd                   0x08005755   Thumb Code    34  stm32f4xx_rcc.o(.text)
    RCC_AHB1PeriphResetCmd                   0x08005777   Thumb Code    34  stm32f4xx_rcc.o(.text)
    RCC_AHB2PeriphResetCmd                   0x08005799   Thumb Code    34  stm32f4xx_rcc.o(.text)
    RCC_AHB3PeriphResetCmd                   0x080057bb   Thumb Code    34  stm32f4xx_rcc.o(.text)
    RCC_APB1PeriphResetCmd                   0x080057dd   Thumb Code    34  stm32f4xx_rcc.o(.text)
    RCC_APB2PeriphResetCmd                   0x080057ff   Thumb Code    34  stm32f4xx_rcc.o(.text)
    RCC_AHB1PeriphClockLPModeCmd             0x08005821   Thumb Code    34  stm32f4xx_rcc.o(.text)
    RCC_AHB2PeriphClockLPModeCmd             0x08005843   Thumb Code    34  stm32f4xx_rcc.o(.text)
    RCC_AHB3PeriphClockLPModeCmd             0x08005865   Thumb Code    34  stm32f4xx_rcc.o(.text)
    RCC_APB1PeriphClockLPModeCmd             0x08005887   Thumb Code    34  stm32f4xx_rcc.o(.text)
    RCC_APB2PeriphClockLPModeCmd             0x080058a9   Thumb Code    34  stm32f4xx_rcc.o(.text)
    RCC_LSEModeConfig                        0x080058cb   Thumb Code    40  stm32f4xx_rcc.o(.text)
    RCC_ITConfig                             0x080058f3   Thumb Code    34  stm32f4xx_rcc.o(.text)
    RCC_ClearFlag                            0x08005915   Thumb Code    18  stm32f4xx_rcc.o(.text)
    RCC_GetITStatus                          0x08005927   Thumb Code    22  stm32f4xx_rcc.o(.text)
    RCC_ClearITPendingBit                    0x0800593d   Thumb Code     8  stm32f4xx_rcc.o(.text)
    USART_DeInit                             0x08005949   Thumb Code   206  stm32f4xx_usart.o(.text)
    USART_Init                               0x08005a17   Thumb Code   204  stm32f4xx_usart.o(.text)
    USART_StructInit                         0x08005ae3   Thumb Code    24  stm32f4xx_usart.o(.text)
    USART_ClockInit                          0x08005afb   Thumb Code    32  stm32f4xx_usart.o(.text)
    USART_ClockStructInit                    0x08005b1b   Thumb Code    12  stm32f4xx_usart.o(.text)
    USART_Cmd                                0x08005b27   Thumb Code    24  stm32f4xx_usart.o(.text)
    USART_SetPrescaler                       0x08005b3f   Thumb Code    16  stm32f4xx_usart.o(.text)
    USART_OverSampling8Cmd                   0x08005b4f   Thumb Code    22  stm32f4xx_usart.o(.text)
    USART_OneBitMethodCmd                    0x08005b65   Thumb Code    24  stm32f4xx_usart.o(.text)
    USART_SendData                           0x08005b7d   Thumb Code     8  stm32f4xx_usart.o(.text)
    USART_ReceiveData                        0x08005b85   Thumb Code    10  stm32f4xx_usart.o(.text)
    USART_SetAddress                         0x08005b8f   Thumb Code    18  stm32f4xx_usart.o(.text)
    USART_ReceiverWakeUpCmd                  0x08005ba1   Thumb Code    24  stm32f4xx_usart.o(.text)
    USART_WakeUpConfig                       0x08005bb9   Thumb Code    18  stm32f4xx_usart.o(.text)
    USART_LINBreakDetectLengthConfig         0x08005bcb   Thumb Code    18  stm32f4xx_usart.o(.text)
    USART_LINCmd                             0x08005bdd   Thumb Code    24  stm32f4xx_usart.o(.text)
    USART_SendBreak                          0x08005bf5   Thumb Code    10  stm32f4xx_usart.o(.text)
    USART_HalfDuplexCmd                      0x08005bff   Thumb Code    24  stm32f4xx_usart.o(.text)
    USART_SetGuardTime                       0x08005c17   Thumb Code    16  stm32f4xx_usart.o(.text)
    USART_SmartCardCmd                       0x08005c27   Thumb Code    24  stm32f4xx_usart.o(.text)
    USART_SmartCardNACKCmd                   0x08005c3f   Thumb Code    24  stm32f4xx_usart.o(.text)
    USART_IrDAConfig                         0x08005c57   Thumb Code    18  stm32f4xx_usart.o(.text)
    USART_IrDACmd                            0x08005c69   Thumb Code    24  stm32f4xx_usart.o(.text)
    USART_DMACmd                             0x08005c81   Thumb Code    18  stm32f4xx_usart.o(.text)
    USART_ITConfig                           0x08005c93   Thumb Code    74  stm32f4xx_usart.o(.text)
    USART_GetFlagStatus                      0x08005cdd   Thumb Code    26  stm32f4xx_usart.o(.text)
    USART_ClearFlag                          0x08005cf7   Thumb Code    18  stm32f4xx_usart.o(.text)
    USART_GetITStatus                        0x08005d09   Thumb Code   118  stm32f4xx_usart.o(.text)
    USART_ClearITPendingBit                  0x08005d7f   Thumb Code    30  stm32f4xx_usart.o(.text)
    TIM_DeInit                               0x08005d9d   Thumb Code   346  stm32f4xx_tim.o(.text)
    TIM_TimeBaseInit                         0x08005ef7   Thumb Code   104  stm32f4xx_tim.o(.text)
    TIM_TimeBaseStructInit                   0x08005f5f   Thumb Code    18  stm32f4xx_tim.o(.text)
    TIM_PrescalerConfig                      0x08005f71   Thumb Code     6  stm32f4xx_tim.o(.text)
    TIM_CounterModeConfig                    0x08005f77   Thumb Code    18  stm32f4xx_tim.o(.text)
    TIM_SetCounter                           0x08005f89   Thumb Code     4  stm32f4xx_tim.o(.text)
    TIM_SetAutoreload                        0x08005f8d   Thumb Code     4  stm32f4xx_tim.o(.text)
    TIM_GetCounter                           0x08005f91   Thumb Code     6  stm32f4xx_tim.o(.text)
    TIM_GetPrescaler                         0x08005f97   Thumb Code     6  stm32f4xx_tim.o(.text)
    TIM_UpdateDisableConfig                  0x08005f9d   Thumb Code    24  stm32f4xx_tim.o(.text)
    TIM_UpdateRequestConfig                  0x08005fb5   Thumb Code    24  stm32f4xx_tim.o(.text)
    TIM_ARRPreloadConfig                     0x08005fcd   Thumb Code    24  stm32f4xx_tim.o(.text)
    TIM_SelectOnePulseMode                   0x08005fe5   Thumb Code    18  stm32f4xx_tim.o(.text)
    TIM_SetClockDivision                     0x08005ff7   Thumb Code    18  stm32f4xx_tim.o(.text)
    TIM_Cmd                                  0x08006009   Thumb Code    24  stm32f4xx_tim.o(.text)
    TIM_OC1Init                              0x08006021   Thumb Code   114  stm32f4xx_tim.o(.text)
    TIM_OC2Init                              0x08006093   Thumb Code   154  stm32f4xx_tim.o(.text)
    TIM_OC3Init                              0x0800612d   Thumb Code   204  stm32f4xx_tim.o(.text)
    TIM_OC4Init                              0x080061f9   Thumb Code   112  stm32f4xx_tim.o(.text)
    TIM_OCStructInit                         0x08006269   Thumb Code    20  stm32f4xx_tim.o(.text)
    TIM_SelectOCxM                           0x0800627d   Thumb Code    86  stm32f4xx_tim.o(.text)
    TIM_SetCompare1                          0x080062d3   Thumb Code     4  stm32f4xx_tim.o(.text)
    TIM_SetCompare2                          0x080062d7   Thumb Code     4  stm32f4xx_tim.o(.text)
    TIM_SetCompare3                          0x080062db   Thumb Code     4  stm32f4xx_tim.o(.text)
    TIM_SetCompare4                          0x080062df   Thumb Code     4  stm32f4xx_tim.o(.text)
    TIM_ForcedOC1Config                      0x080062e3   Thumb Code    18  stm32f4xx_tim.o(.text)
    TIM_ForcedOC2Config                      0x080062f5   Thumb Code    26  stm32f4xx_tim.o(.text)
    TIM_ForcedOC3Config                      0x0800630f   Thumb Code    18  stm32f4xx_tim.o(.text)
    TIM_ForcedOC4Config                      0x08006321   Thumb Code    26  stm32f4xx_tim.o(.text)
    TIM_OC1PreloadConfig                     0x0800633b   Thumb Code    18  stm32f4xx_tim.o(.text)
    TIM_OC2PreloadConfig                     0x0800634d   Thumb Code    26  stm32f4xx_tim.o(.text)
    TIM_OC3PreloadConfig                     0x08006367   Thumb Code    18  stm32f4xx_tim.o(.text)
    TIM_OC4PreloadConfig                     0x08006379   Thumb Code    26  stm32f4xx_tim.o(.text)
    TIM_OC1FastConfig                        0x08006393   Thumb Code    18  stm32f4xx_tim.o(.text)
    TIM_OC2FastConfig                        0x080063a5   Thumb Code    26  stm32f4xx_tim.o(.text)
    TIM_OC3FastConfig                        0x080063bf   Thumb Code    18  stm32f4xx_tim.o(.text)
    TIM_OC4FastConfig                        0x080063d1   Thumb Code    26  stm32f4xx_tim.o(.text)
    TIM_ClearOC1Ref                          0x080063eb   Thumb Code    18  stm32f4xx_tim.o(.text)
    TIM_ClearOC2Ref                          0x080063fd   Thumb Code    24  stm32f4xx_tim.o(.text)
    TIM_ClearOC3Ref                          0x08006415   Thumb Code    18  stm32f4xx_tim.o(.text)
    TIM_ClearOC4Ref                          0x08006427   Thumb Code    24  stm32f4xx_tim.o(.text)
    TIM_OC1PolarityConfig                    0x0800643f   Thumb Code    18  stm32f4xx_tim.o(.text)
    TIM_OC1NPolarityConfig                   0x08006451   Thumb Code    18  stm32f4xx_tim.o(.text)
    TIM_OC2PolarityConfig                    0x08006463   Thumb Code    26  stm32f4xx_tim.o(.text)
    TIM_OC2NPolarityConfig                   0x0800647d   Thumb Code    26  stm32f4xx_tim.o(.text)
    TIM_OC3PolarityConfig                    0x08006497   Thumb Code    26  stm32f4xx_tim.o(.text)
    TIM_OC3NPolarityConfig                   0x080064b1   Thumb Code    26  stm32f4xx_tim.o(.text)
    TIM_OC4PolarityConfig                    0x080064cb   Thumb Code    26  stm32f4xx_tim.o(.text)
    TIM_CCxCmd                               0x080064e5   Thumb Code    30  stm32f4xx_tim.o(.text)
    TIM_CCxNCmd                              0x08006503   Thumb Code    30  stm32f4xx_tim.o(.text)
    TIM_SetIC4Prescaler                      0x08006521   Thumb Code    26  stm32f4xx_tim.o(.text)
    TIM_SetIC3Prescaler                      0x0800658b   Thumb Code    18  stm32f4xx_tim.o(.text)
    TIM_SetIC2Prescaler                      0x080065e5   Thumb Code    26  stm32f4xx_tim.o(.text)
    TIM_SetIC1Prescaler                      0x08006659   Thumb Code    18  stm32f4xx_tim.o(.text)
    TIM_ICInit                               0x080066a5   Thumb Code   110  stm32f4xx_tim.o(.text)
    TIM_ICStructInit                         0x08006713   Thumb Code    18  stm32f4xx_tim.o(.text)
    TIM_PWMIConfig                           0x08006725   Thumb Code   124  stm32f4xx_tim.o(.text)
    TIM_GetCapture1                          0x080067a1   Thumb Code     6  stm32f4xx_tim.o(.text)
    TIM_GetCapture2                          0x080067a7   Thumb Code     6  stm32f4xx_tim.o(.text)
    TIM_GetCapture3                          0x080067ad   Thumb Code     6  stm32f4xx_tim.o(.text)
    TIM_GetCapture4                          0x080067b3   Thumb Code     6  stm32f4xx_tim.o(.text)
    TIM_BDTRConfig                           0x080067b9   Thumb Code    32  stm32f4xx_tim.o(.text)
    TIM_BDTRStructInit                       0x080067d9   Thumb Code    18  stm32f4xx_tim.o(.text)
    TIM_CtrlPWMOutputs                       0x080067eb   Thumb Code    30  stm32f4xx_tim.o(.text)
    TIM_SelectCOM                            0x08006809   Thumb Code    24  stm32f4xx_tim.o(.text)
    TIM_CCPreloadControl                     0x08006821   Thumb Code    24  stm32f4xx_tim.o(.text)
    TIM_ITConfig                             0x08006839   Thumb Code    18  stm32f4xx_tim.o(.text)
    TIM_GenerateEvent                        0x0800684b   Thumb Code     4  stm32f4xx_tim.o(.text)
    TIM_GetFlagStatus                        0x0800684f   Thumb Code    18  stm32f4xx_tim.o(.text)
    TIM_ClearFlag                            0x08006861   Thumb Code     6  stm32f4xx_tim.o(.text)
    TIM_GetITStatus                          0x08006867   Thumb Code    34  stm32f4xx_tim.o(.text)
    TIM_ClearITPendingBit                    0x08006889   Thumb Code     6  stm32f4xx_tim.o(.text)
    TIM_DMAConfig                            0x0800688f   Thumb Code    10  stm32f4xx_tim.o(.text)
    TIM_DMACmd                               0x08006899   Thumb Code    18  stm32f4xx_tim.o(.text)
    TIM_SelectCCDMA                          0x080068ab   Thumb Code    24  stm32f4xx_tim.o(.text)
    TIM_InternalClockConfig                  0x080068c3   Thumb Code    12  stm32f4xx_tim.o(.text)
    TIM_SelectInputTrigger                   0x080068cf   Thumb Code    18  stm32f4xx_tim.o(.text)
    TIM_ITRxExternalClockConfig              0x080068e1   Thumb Code    24  stm32f4xx_tim.o(.text)
    TIM_TIxExternalClockConfig               0x080068f9   Thumb Code    62  stm32f4xx_tim.o(.text)
    TIM_ETRConfig                            0x08006937   Thumb Code    28  stm32f4xx_tim.o(.text)
    TIM_ETRClockMode1Config                  0x08006953   Thumb Code    54  stm32f4xx_tim.o(.text)
    TIM_ETRClockMode2Config                  0x08006989   Thumb Code    32  stm32f4xx_tim.o(.text)
    TIM_SelectOutputTrigger                  0x080069a9   Thumb Code    18  stm32f4xx_tim.o(.text)
    TIM_SelectSlaveMode                      0x080069bb   Thumb Code    18  stm32f4xx_tim.o(.text)
    TIM_SelectMasterSlaveMode                0x080069cd   Thumb Code    18  stm32f4xx_tim.o(.text)
    TIM_EncoderInterfaceConfig               0x080069df   Thumb Code    66  stm32f4xx_tim.o(.text)
    TIM_SelectHallSensor                     0x08006a21   Thumb Code    24  stm32f4xx_tim.o(.text)
    TIM_RemapConfig                          0x08006a39   Thumb Code     6  stm32f4xx_tim.o(.text)
    ADC_DeInit                               0x08006a41   Thumb Code    22  stm32f4xx_adc.o(.text)
    ADC_Init                                 0x08006a57   Thumb Code    74  stm32f4xx_adc.o(.text)
    ADC_StructInit                           0x08006aa1   Thumb Code    20  stm32f4xx_adc.o(.text)
    ADC_CommonInit                           0x08006ab5   Thumb Code    34  stm32f4xx_adc.o(.text)
    ADC_CommonStructInit                     0x08006ad7   Thumb Code    12  stm32f4xx_adc.o(.text)
    ADC_Cmd                                  0x08006ae3   Thumb Code    22  stm32f4xx_adc.o(.text)
    ADC_AnalogWatchdogCmd                    0x08006af9   Thumb Code    16  stm32f4xx_adc.o(.text)
    ADC_AnalogWatchdogThresholdsConfig       0x08006b09   Thumb Code     6  stm32f4xx_adc.o(.text)
    ADC_AnalogWatchdogSingleChannelConfig    0x08006b0f   Thumb Code    16  stm32f4xx_adc.o(.text)
    ADC_TempSensorVrefintCmd                 0x08006b1f   Thumb Code    34  stm32f4xx_adc.o(.text)
    ADC_VBATCmd                              0x08006b41   Thumb Code    34  stm32f4xx_adc.o(.text)
    ADC_RegularChannelConfig                 0x08006b63   Thumb Code   184  stm32f4xx_adc.o(.text)
    ADC_SoftwareStartConv                    0x08006c1b   Thumb Code    10  stm32f4xx_adc.o(.text)
    ADC_GetSoftwareStartConvStatus           0x08006c25   Thumb Code    20  stm32f4xx_adc.o(.text)
    ADC_EOCOnEachRegularChannelCmd           0x08006c39   Thumb Code    22  stm32f4xx_adc.o(.text)
    ADC_ContinuousModeCmd                    0x08006c4f   Thumb Code    22  stm32f4xx_adc.o(.text)
    ADC_DiscModeChannelCountConfig           0x08006c65   Thumb Code    24  stm32f4xx_adc.o(.text)
    ADC_DiscModeCmd                          0x08006c7d   Thumb Code    22  stm32f4xx_adc.o(.text)
    ADC_GetConversionValue                   0x08006c93   Thumb Code     8  stm32f4xx_adc.o(.text)
    ADC_GetMultiModeConversionValue          0x08006c9b   Thumb Code     8  stm32f4xx_adc.o(.text)
    ADC_DMACmd                               0x08006ca3   Thumb Code    22  stm32f4xx_adc.o(.text)
    ADC_DMARequestAfterLastTransferCmd       0x08006cb9   Thumb Code    22  stm32f4xx_adc.o(.text)
    ADC_MultiModeDMARequestAfterLastTransferCmd 0x08006ccf   Thumb Code    34  stm32f4xx_adc.o(.text)
    ADC_InjectedChannelConfig                0x08006cf1   Thumb Code   130  stm32f4xx_adc.o(.text)
    ADC_InjectedSequencerLengthConfig        0x08006d73   Thumb Code    24  stm32f4xx_adc.o(.text)
    ADC_SetInjectedOffset                    0x08006d8b   Thumb Code    20  stm32f4xx_adc.o(.text)
    ADC_ExternalTrigInjectedConvConfig       0x08006d9f   Thumb Code    16  stm32f4xx_adc.o(.text)
    ADC_ExternalTrigInjectedConvEdgeConfig   0x08006daf   Thumb Code    16  stm32f4xx_adc.o(.text)
    ADC_SoftwareStartInjectedConv            0x08006dbf   Thumb Code    10  stm32f4xx_adc.o(.text)
    ADC_GetSoftwareStartInjectedConvCmdStatus 0x08006dc9   Thumb Code    20  stm32f4xx_adc.o(.text)
    ADC_AutoInjectedConvCmd                  0x08006ddd   Thumb Code    22  stm32f4xx_adc.o(.text)
    ADC_InjectedDiscModeCmd                  0x08006df3   Thumb Code    22  stm32f4xx_adc.o(.text)
    ADC_GetInjectedConversionValue           0x08006e09   Thumb Code    28  stm32f4xx_adc.o(.text)
    ADC_ITConfig                             0x08006e25   Thumb Code    56  stm32f4xx_adc.o(.text)
    ADC_GetFlagStatus                        0x08006e5d   Thumb Code    18  stm32f4xx_adc.o(.text)
    ADC_ClearFlag                            0x08006e6f   Thumb Code     6  stm32f4xx_adc.o(.text)
    ADC_GetITStatus                          0x08006e75   Thumb Code    38  stm32f4xx_adc.o(.text)
    ADC_ClearITPendingBit                    0x08006e9b   Thumb Code    10  stm32f4xx_adc.o(.text)
    DAC_DeInit                               0x08006ea5   Thumb Code    22  stm32f4xx_dac.o(.text)
    DAC_Init                                 0x08006ebb   Thumb Code    46  stm32f4xx_dac.o(.text)
    DAC_StructInit                           0x08006ee9   Thumb Code    12  stm32f4xx_dac.o(.text)
    DAC_Cmd                                  0x08006ef5   Thumb Code    34  stm32f4xx_dac.o(.text)
    DAC_SoftwareTriggerCmd                   0x08006f17   Thumb Code    48  stm32f4xx_dac.o(.text)
    DAC_DualSoftwareTriggerCmd               0x08006f47   Thumb Code    38  stm32f4xx_dac.o(.text)
    DAC_WaveGenerationCmd                    0x08006f6d   Thumb Code    36  stm32f4xx_dac.o(.text)
    DAC_SetChannel1Data                      0x08006f91   Thumb Code    26  stm32f4xx_dac.o(.text)
    DAC_SetChannel2Data                      0x08006fab   Thumb Code    26  stm32f4xx_dac.o(.text)
    DAC_SetDualChannelData                   0x08006fc5   Thumb Code    32  stm32f4xx_dac.o(.text)
    DAC_GetDataOutputValue                   0x08006fe5   Thumb Code    32  stm32f4xx_dac.o(.text)
    DAC_DMACmd                               0x08007005   Thumb Code    38  stm32f4xx_dac.o(.text)
    DAC_ITConfig                             0x0800702b   Thumb Code    36  stm32f4xx_dac.o(.text)
    DAC_GetFlagStatus                        0x0800704f   Thumb Code    28  stm32f4xx_dac.o(.text)
    DAC_ClearFlag                            0x0800706b   Thumb Code    12  stm32f4xx_dac.o(.text)
    DAC_GetITStatus                          0x08007077   Thumb Code    44  stm32f4xx_dac.o(.text)
    DAC_ClearITPendingBit                    0x080070a3   Thumb Code    12  stm32f4xx_dac.o(.text)
    DMA_DeInit                               0x080070b5   Thumb Code   324  stm32f4xx_dma.o(.text)
    DMA_Init                                 0x080071f9   Thumb Code    82  stm32f4xx_dma.o(.text)
    DMA_StructInit                           0x0800724b   Thumb Code    34  stm32f4xx_dma.o(.text)
    DMA_Cmd                                  0x0800726d   Thumb Code    22  stm32f4xx_dma.o(.text)
    DMA_PeriphIncOffsetSizeConfig            0x08007283   Thumb Code    22  stm32f4xx_dma.o(.text)
    DMA_FlowControllerConfig                 0x08007299   Thumb Code    22  stm32f4xx_dma.o(.text)
    DMA_SetCurrDataCounter                   0x080072af   Thumb Code     4  stm32f4xx_dma.o(.text)
    DMA_GetCurrDataCounter                   0x080072b3   Thumb Code     8  stm32f4xx_dma.o(.text)
    DMA_DoubleBufferModeConfig               0x080072bb   Thumb Code    24  stm32f4xx_dma.o(.text)
    DMA_DoubleBufferModeCmd                  0x080072d3   Thumb Code    22  stm32f4xx_dma.o(.text)
    DMA_MemoryTargetConfig                   0x080072e9   Thumb Code    10  stm32f4xx_dma.o(.text)
    DMA_GetCurrentMemoryTarget               0x080072f3   Thumb Code    20  stm32f4xx_dma.o(.text)
    DMA_GetCmdStatus                         0x08007307   Thumb Code    20  stm32f4xx_dma.o(.text)
    DMA_GetFIFOStatus                        0x0800731b   Thumb Code    12  stm32f4xx_dma.o(.text)
    DMA_GetFlagStatus                        0x08007327   Thumb Code    56  stm32f4xx_dma.o(.text)
    DMA_ClearFlag                            0x0800735f   Thumb Code    40  stm32f4xx_dma.o(.text)
    DMA_ITConfig                             0x08007387   Thumb Code    58  stm32f4xx_dma.o(.text)
    DMA_GetITStatus                          0x080073c1   Thumb Code    84  stm32f4xx_dma.o(.text)
    DMA_ClearITPendingBit                    0x08007415   Thumb Code    40  stm32f4xx_dma.o(.text)
    arm_cmplx_mag_f32                        0x0800745d   Thumb Code   236  arm_cmplx_mag_f32.o(.text)
    arm_radix4_butterfly_f32                 0x0800754d   Thumb Code   800  arm_cfft_radix4_f32.o(.text)
    arm_radix4_butterfly_inverse_f32         0x0800786d   Thumb Code   836  arm_cfft_radix4_f32.o(.text)
    arm_cfft_radix4_f32                      0x08007bb1   Thumb Code    60  arm_cfft_radix4_f32.o(.text)
    arm_cfft_radix4_init_f32                 0x08007bed   Thumb Code   146  arm_cfft_radix4_init_f32.o(.text)
    arm_bitreversal_f32                      0x08007cad   Thumb Code   178  arm_bitreversal.o(.text)
    arm_bitreversal_q31                      0x08007d5f   Thumb Code   180  arm_bitreversal.o(.text)
    arm_bitreversal_q15                      0x08007e13   Thumb Code   128  arm_bitreversal.o(.text)
    __use_no_semihosting                     0x08007e93   Thumb Code     2  use_no_semi_2.o(.text)
    __2printf                                0x08007e95   Thumb Code    20  noretval__2printf.o(.text)
    __2sprintf                               0x08007ead   Thumb Code    34  noretval__2sprintf.o(.text)
    _printf_int_dec                          0x08007ed5   Thumb Code   104  _printf_dec.o(.text)
    _printf_int_hex                          0x08007f4d   Thumb Code    84  _printf_hex_int.o(.text)
    _printf_longlong_hex                     0x08007f4d   Thumb Code     0  _printf_hex_int.o(.text)
    __printf                                 0x08007fa5   Thumb Code   308  __printf_flags_wp.o(.text)
    __aeabi_memclr4                          0x080080dd   Thumb Code     0  rt_memclr_w.o(.text)
    __aeabi_memclr8                          0x080080dd   Thumb Code     0  rt_memclr_w.o(.text)
    __rt_memclr_w                            0x080080dd   Thumb Code    78  rt_memclr_w.o(.text)
    _memset_w                                0x080080e1   Thumb Code     0  rt_memclr_w.o(.text)
    __use_two_region_memory                  0x0800812b   Thumb Code     2  heapauxi.o(.text)
    __rt_heap_escrow$2region                 0x0800812d   Thumb Code     2  heapauxi.o(.text)
    __rt_heap_expand$2region                 0x0800812f   Thumb Code     2  heapauxi.o(.text)
    __I$use$semihosting                      0x08008131   Thumb Code     0  use_no_semi.o(.text)
    __use_no_semihosting_swi                 0x08008131   Thumb Code     2  use_no_semi.o(.text)
    __read_errno                             0x08008133   Thumb Code    10  _rserrno.o(.text)
    __set_errno                              0x0800813d   Thumb Code    12  _rserrno.o(.text)
    _printf_int_common                       0x08008149   Thumb Code   178  _printf_intcommon.o(.text)
    __lib_sel_fp_printf                      0x080081fb   Thumb Code     2  _printf_fp_dec.o(.text)
    _printf_fp_dec_real                      0x080083ad   Thumb Code   620  _printf_fp_dec.o(.text)
    _printf_char_common                      0x08008623   Thumb Code    32  _printf_char_common.o(.text)
    _sputc                                   0x08008649   Thumb Code    10  _sputc.o(.text)
    _printf_char_file                        0x08008655   Thumb Code    32  _printf_char_file.o(.text)
    __rt_locale                              0x08008679   Thumb Code     8  rt_locale_intlibspace.o(.text)
    __aeabi_errno_addr                       0x08008681   Thumb Code     8  rt_errno_addr_intlibspace.o(.text)
    __errno$intlibspace                      0x08008681   Thumb Code     0  rt_errno_addr_intlibspace.o(.text)
    __rt_errno_addr$intlibspace              0x08008681   Thumb Code     0  rt_errno_addr_intlibspace.o(.text)
    _ll_udiv10                               0x08008689   Thumb Code   138  lludiv10.o(.text)
    _printf_fp_infnan                        0x08008715   Thumb Code   112  _printf_fp_infnan.o(.text)
    _btod_etento                             0x08008795   Thumb Code   224  bigflt0.o(.text)
    ferror                                   0x08008879   Thumb Code     8  ferror.o(.text)
    __user_libspace                          0x08008881   Thumb Code     8  libspace.o(.text)
    __user_perproc_libspace                  0x08008881   Thumb Code     0  libspace.o(.text)
    __user_perthread_libspace                0x08008881   Thumb Code     0  libspace.o(.text)
    __user_setup_stackheap                   0x08008889   Thumb Code    74  sys_stackheap_outer.o(.text)
    exit                                     0x080088d3   Thumb Code    18  exit.o(.text)
    strcmp                                   0x080088e5   Thumb Code   128  strcmpv7m.o(.text)
    _btod_d2e                                0x08008965   Thumb Code    62  btod.o(CL$$btod_d2e)
    _d2e_denorm_low                          0x080089a3   Thumb Code    70  btod.o(CL$$btod_d2e_denorm_low)
    _d2e_norm_op1                            0x080089e9   Thumb Code    96  btod.o(CL$$btod_d2e_norm_op1)
    __btod_div_common                        0x08008a49   Thumb Code   696  btod.o(CL$$btod_div_common)
    _e2e                                     0x08008d81   Thumb Code   220  btod.o(CL$$btod_e2e)
    _btod_ediv                               0x08008e5d   Thumb Code    42  btod.o(CL$$btod_ediv)
    _btod_emul                               0x08008e87   Thumb Code    42  btod.o(CL$$btod_emul)
    __btod_mult_common                       0x08008eb1   Thumb Code   580  btod.o(CL$$btod_mult_common)
    __ARM_fpclassify                         0x080090f5   Thumb Code    48  fpclassify.o(i.__ARM_fpclassify)
    __hardfp_atan                            0x08009129   Thumb Code   622  atan.o(i.__hardfp_atan)
    __hardfp_atan2                           0x08009401   Thumb Code   432  atan2.o(i.__hardfp_atan2)
    __hardfp_sin                             0x080095f1   Thumb Code   180  sin.o(i.__hardfp_sin)
    __ieee754_rem_pio2                       0x080096b9   Thumb Code   938  rred.o(i.__ieee754_rem_pio2)
    __kernel_cos                             0x08009af1   Thumb Code   322  cos_i.o(i.__kernel_cos)
    __kernel_poly                            0x08009c61   Thumb Code   248  poly.o(i.__kernel_poly)
    __kernel_sin                             0x08009d59   Thumb Code   280  sin_i.o(i.__kernel_sin)
    __mathlib_dbl_infnan                     0x08009e89   Thumb Code    20  dunder.o(i.__mathlib_dbl_infnan)
    __mathlib_dbl_infnan2                    0x08009e9d   Thumb Code    20  dunder.o(i.__mathlib_dbl_infnan2)
    __mathlib_dbl_invalid                    0x08009eb1   Thumb Code    24  dunder.o(i.__mathlib_dbl_invalid)
    __mathlib_dbl_underflow                  0x08009ed1   Thumb Code    24  dunder.o(i.__mathlib_dbl_underflow)
    _is_digit                                0x08009ef1   Thumb Code    14  __printf_wp.o(i._is_digit)
    atan                                     0x08009eff   Thumb Code    16  atan.o(i.atan)
    fabs                                     0x08009f0f   Thumb Code    24  fabs.o(i.fabs)
    _get_lc_numeric                          0x08009f29   Thumb Code    44  lc_numeric_c.o(locale$$code)
    __aeabi_dneg                             0x08009f55   Thumb Code     0  basic.o(x$fpl$basic)
    _dneg                                    0x08009f55   Thumb Code     6  basic.o(x$fpl$basic)
    __aeabi_fneg                             0x08009f5b   Thumb Code     0  basic.o(x$fpl$basic)
    _fneg                                    0x08009f5b   Thumb Code     6  basic.o(x$fpl$basic)
    _dabs                                    0x08009f61   Thumb Code     6  basic.o(x$fpl$basic)
    _fabs                                    0x08009f67   Thumb Code     6  basic.o(x$fpl$basic)
    __aeabi_d2f                              0x08009f6d   Thumb Code     0  d2f.o(x$fpl$d2f)
    _d2f                                     0x08009f6d   Thumb Code    98  d2f.o(x$fpl$d2f)
    __aeabi_dadd                             0x08009fd1   Thumb Code     0  daddsub_clz.o(x$fpl$dadd)
    _dadd                                    0x08009fd1   Thumb Code   332  daddsub_clz.o(x$fpl$dadd)
    __aeabi_ddiv                             0x0800a121   Thumb Code     0  ddiv.o(x$fpl$ddiv)
    _ddiv                                    0x0800a121   Thumb Code   552  ddiv.o(x$fpl$ddiv)
    __aeabi_d2iz                             0x0800a3d1   Thumb Code     0  dfix.o(x$fpl$dfix)
    _dfix                                    0x0800a3d1   Thumb Code    94  dfix.o(x$fpl$dfix)
    __aeabi_d2uiz                            0x0800a431   Thumb Code     0  dfixu.o(x$fpl$dfixu)
    _dfixu                                   0x0800a431   Thumb Code    90  dfixu.o(x$fpl$dfixu)
    __aeabi_i2d                              0x0800a48b   Thumb Code     0  dflt_clz.o(x$fpl$dflt)
    _dflt                                    0x0800a48b   Thumb Code    46  dflt_clz.o(x$fpl$dflt)
    __aeabi_ui2d                             0x0800a4b9   Thumb Code     0  dflt_clz.o(x$fpl$dfltu)
    _dfltu                                   0x0800a4b9   Thumb Code    38  dflt_clz.o(x$fpl$dfltu)
    __aeabi_dmul                             0x0800a4e1   Thumb Code     0  dmul.o(x$fpl$dmul)
    _dmul                                    0x0800a4e1   Thumb Code   332  dmul.o(x$fpl$dmul)
    __fpl_dnaninf                            0x0800a635   Thumb Code   156  dnaninf.o(x$fpl$dnaninf)
    __fpl_dretinf                            0x0800a6d1   Thumb Code    12  dretinf.o(x$fpl$dretinf)
    __aeabi_drsub                            0x0800a6dd   Thumb Code     0  daddsub_clz.o(x$fpl$drsb)
    _drsb                                    0x0800a6dd   Thumb Code    22  daddsub_clz.o(x$fpl$drsb)
    __aeabi_dsub                             0x0800a6f5   Thumb Code     0  daddsub_clz.o(x$fpl$dsub)
    _dsub                                    0x0800a6f5   Thumb Code   464  daddsub_clz.o(x$fpl$dsub)
    __aeabi_f2d                              0x0800a8c9   Thumb Code     0  f2d.o(x$fpl$f2d)
    _f2d                                     0x0800a8c9   Thumb Code    86  f2d.o(x$fpl$f2d)
    __fpl_fnaninf                            0x0800a91f   Thumb Code   140  fnaninf.o(x$fpl$fnaninf)
    _fp_init                                 0x0800a9ab   Thumb Code    10  fpinit.o(x$fpl$fpinit)
    __fplib_config_fpu_vfp                   0x0800a9b3   Thumb Code     0  fpinit.o(x$fpl$fpinit)
    __fplib_config_pureend_doubles           0x0800a9b3   Thumb Code     0  fpinit.o(x$fpl$fpinit)
    __fpl_fretinf                            0x0800a9b5   Thumb Code    10  fretinf.o(x$fpl$fretinf)
    _printf_fp_dec                           0x0800a9bf   Thumb Code     4  printf1.o(x$fpl$printf1)
    __I$use$fp                               0x0800a9c2   Number         0  usenofp.o(x$fpl$usenofp)
    asc2_1206                                0x0800a9c2   Data        1140  lcd.o(.constdata)
    asc2_1608                                0x0800ae36   Data        1520  lcd.o(.constdata)
    asc2_2412                                0x0800b426   Data        3420  lcd.o(.constdata)
    FSMC_DefaultTimingStruct                 0x0800c184   Data          28  stm32f4xx_fsmc.o(.constdata)
    armBitRevTable                           0x0800c1a0   Data        2048  arm_common_tables.o(.constdata)
    twiddleCoef_4096                         0x0800c9a0   Data       32768  arm_common_tables.o(.constdata)
    __mathlib_zero                           0x08014aa8   Data           8  qnan.o(.constdata)
    Region$$Table$$Base                      0x08014c34   Number         0  anon$$obj.o(Region$$Table)
    Region$$Table$$Limit                     0x08014c54   Number         0  anon$$obj.o(Region$$Table)
    kaiser                                   0x20000000   Data        4096  main.o(.data)
    timeout                                  0x20001000   Data           1  main.o(.data)
    SystemCoreClock                          0x2000100c   Data           4  system_stm32f4xx.o(.data)
    AHBPrescTable                            0x20001010   Data          16  system_stm32f4xx.o(.data)
    POINT_COLOR                              0x20001020   Data           2  lcd.o(.data)
    BACK_COLOR                               0x20001022   Data           2  lcd.o(.data)
    Sine12bit                                0x20001026   Data         512  dac.o(.data)
    Sine12bit1                               0x20001226   Data         512  dac.o(.data)
    __stdout                                 0x2000142c   Data           4  usart.o(.data)
    USART_RX_STA                             0x20001430   Data           2  usart.o(.data)
    fft_inputbuf                             0x20001444   Data        8192  main.o(.bss)
    fft_outputbuf                            0x20003444   Data        4096  main.o(.bss)
    lcddev                                   0x20004444   Data          14  lcd.o(.bss)
    USART_RX_BUF                             0x20004452   Data         200  usart.o(.bss)
    __libspace_start                         0x2000451c   Data          96  libspace.o(.bss)
    __temporary_stack_top$libspace           0x2000457c   Data           0  libspace.o(.bss)



==============================================================================

Memory Map of the image

  Image Entry point : 0x08000189

  Load Region LR_IROM1 (Base: 0x08000000, Size: 0x000160b4, Max: 0x00100000, ABSOLUTE, COMPRESSED[0x00015c14])

    Execution Region ER_IROM1 (Exec base: 0x08000000, Load base: 0x08000000, Size: 0x00014c70, Max: 0x00100000, ABSOLUTE)

    Exec Addr    Load Addr    Size         Type   Attr      Idx    E Section Name        Object

    0x08000000   0x08000000   0x00000188   Data   RO          469    RESET               startup_stm32f40_41xxx.o
    0x08000188   0x08000188   0x00000008   Code   RO          904  * !!!main             c_w.l(__main.o)
    0x08000190   0x08000190   0x00000034   Code   RO         1246    !!!scatter          c_w.l(__scatter.o)
    0x080001c4   0x080001c4   0x00000064   Code   RO         1244    !!dclz77c           c_w.l(__dclz77c.o)
    0x08000228   0x08000228   0x0000001c   Code   RO         1248    !!handler_zi        c_w.l(__scatter_zi.o)
    0x08000244   0x08000244   0x00000000   Code   RO          899    .ARM.Collect$$_printf_percent$$00000000  c_w.l(_printf_percent.o)
    0x08000244   0x08000244   0x00000006   Code   RO          898    .ARM.Collect$$_printf_percent$$00000003  c_w.l(_printf_f.o)
    0x0800024a   0x0800024a   0x00000006   Code   RO          897    .ARM.Collect$$_printf_percent$$00000009  c_w.l(_printf_d.o)
    0x08000250   0x08000250   0x00000006   Code   RO          896    .ARM.Collect$$_printf_percent$$0000000C  c_w.l(_printf_x.o)
    0x08000256   0x08000256   0x00000004   Code   RO          967    .ARM.Collect$$_printf_percent$$00000017  c_w.l(_printf_percent_end.o)
    0x0800025a   0x0800025a   0x00000002   Code   RO         1121    .ARM.Collect$$libinit$$00000000  c_w.l(libinit.o)
    0x0800025c   0x0800025c   0x00000004   Code   RO         1122    .ARM.Collect$$libinit$$00000001  c_w.l(libinit2.o)
    0x08000260   0x08000260   0x00000000   Code   RO         1125    .ARM.Collect$$libinit$$00000004  c_w.l(libinit2.o)
    0x08000260   0x08000260   0x00000000   Code   RO         1128    .ARM.Collect$$libinit$$0000000A  c_w.l(libinit2.o)
    0x08000260   0x08000260   0x00000000   Code   RO         1130    .ARM.Collect$$libinit$$0000000C  c_w.l(libinit2.o)
    0x08000260   0x08000260   0x00000000   Code   RO         1132    .ARM.Collect$$libinit$$0000000E  c_w.l(libinit2.o)
    0x08000260   0x08000260   0x00000006   Code   RO         1133    .ARM.Collect$$libinit$$0000000F  c_w.l(libinit2.o)
    0x08000266   0x08000266   0x00000000   Code   RO         1135    .ARM.Collect$$libinit$$00000011  c_w.l(libinit2.o)
    0x08000266   0x08000266   0x00000000   Code   RO         1137    .ARM.Collect$$libinit$$00000013  c_w.l(libinit2.o)
    0x08000266   0x08000266   0x00000000   Code   RO         1139    .ARM.Collect$$libinit$$00000015  c_w.l(libinit2.o)
    0x08000266   0x08000266   0x0000000a   Code   RO         1140    .ARM.Collect$$libinit$$00000016  c_w.l(libinit2.o)
    0x08000270   0x08000270   0x00000000   Code   RO         1141    .ARM.Collect$$libinit$$00000017  c_w.l(libinit2.o)
    0x08000270   0x08000270   0x00000000   Code   RO         1143    .ARM.Collect$$libinit$$00000019  c_w.l(libinit2.o)
    0x08000270   0x08000270   0x00000000   Code   RO         1145    .ARM.Collect$$libinit$$0000001B  c_w.l(libinit2.o)
    0x08000270   0x08000270   0x00000000   Code   RO         1147    .ARM.Collect$$libinit$$0000001D  c_w.l(libinit2.o)
    0x08000270   0x08000270   0x00000000   Code   RO         1149    .ARM.Collect$$libinit$$0000001F  c_w.l(libinit2.o)
    0x08000270   0x08000270   0x00000000   Code   RO         1151    .ARM.Collect$$libinit$$00000021  c_w.l(libinit2.o)
    0x08000270   0x08000270   0x00000000   Code   RO         1153    .ARM.Collect$$libinit$$00000023  c_w.l(libinit2.o)
    0x08000270   0x08000270   0x00000000   Code   RO         1155    .ARM.Collect$$libinit$$00000025  c_w.l(libinit2.o)
    0x08000270   0x08000270   0x00000000   Code   RO         1159    .ARM.Collect$$libinit$$0000002C  c_w.l(libinit2.o)
    0x08000270   0x08000270   0x00000000   Code   RO         1161    .ARM.Collect$$libinit$$0000002E  c_w.l(libinit2.o)
    0x08000270   0x08000270   0x00000000   Code   RO         1163    .ARM.Collect$$libinit$$00000030  c_w.l(libinit2.o)
    0x08000270   0x08000270   0x00000000   Code   RO         1165    .ARM.Collect$$libinit$$00000032  c_w.l(libinit2.o)
    0x08000270   0x08000270   0x00000002   Code   RO         1166    .ARM.Collect$$libinit$$00000033  c_w.l(libinit2.o)
    0x08000272   0x08000272   0x00000002   Code   RO         1194    .ARM.Collect$$libshutdown$$00000000  c_w.l(libshutdown.o)
    0x08000274   0x08000274   0x00000000   Code   RO         1203    .ARM.Collect$$libshutdown$$00000002  c_w.l(libshutdown2.o)
    0x08000274   0x08000274   0x00000000   Code   RO         1205    .ARM.Collect$$libshutdown$$00000004  c_w.l(libshutdown2.o)
    0x08000274   0x08000274   0x00000000   Code   RO         1208    .ARM.Collect$$libshutdown$$00000007  c_w.l(libshutdown2.o)
    0x08000274   0x08000274   0x00000000   Code   RO         1211    .ARM.Collect$$libshutdown$$0000000A  c_w.l(libshutdown2.o)
    0x08000274   0x08000274   0x00000000   Code   RO         1213    .ARM.Collect$$libshutdown$$0000000C  c_w.l(libshutdown2.o)
    0x08000274   0x08000274   0x00000000   Code   RO         1216    .ARM.Collect$$libshutdown$$0000000F  c_w.l(libshutdown2.o)
    0x08000274   0x08000274   0x00000002   Code   RO         1217    .ARM.Collect$$libshutdown$$00000010  c_w.l(libshutdown2.o)
    0x08000276   0x08000276   0x00000000   Code   RO          954    .ARM.Collect$$rtentry$$00000000  c_w.l(__rtentry.o)
    0x08000276   0x08000276   0x00000000   Code   RO         1035    .ARM.Collect$$rtentry$$00000002  c_w.l(__rtentry2.o)
    0x08000276   0x08000276   0x00000006   Code   RO         1047    .ARM.Collect$$rtentry$$00000004  c_w.l(__rtentry4.o)
    0x0800027c   0x0800027c   0x00000000   Code   RO         1037    .ARM.Collect$$rtentry$$00000009  c_w.l(__rtentry2.o)
    0x0800027c   0x0800027c   0x00000004   Code   RO         1038    .ARM.Collect$$rtentry$$0000000A  c_w.l(__rtentry2.o)
    0x08000280   0x08000280   0x00000000   Code   RO         1040    .ARM.Collect$$rtentry$$0000000C  c_w.l(__rtentry2.o)
    0x08000280   0x08000280   0x00000008   Code   RO         1041    .ARM.Collect$$rtentry$$0000000D  c_w.l(__rtentry2.o)
    0x08000288   0x08000288   0x00000002   Code   RO         1167    .ARM.Collect$$rtexit$$00000000  c_w.l(rtexit.o)
    0x0800028a   0x0800028a   0x00000000   Code   RO         1174    .ARM.Collect$$rtexit$$00000002  c_w.l(rtexit2.o)
    0x0800028a   0x0800028a   0x00000004   Code   RO         1175    .ARM.Collect$$rtexit$$00000003  c_w.l(rtexit2.o)
    0x0800028e   0x0800028e   0x00000006   Code   RO         1176    .ARM.Collect$$rtexit$$00000004  c_w.l(rtexit2.o)
    0x08000294   0x08000294   0x000006e8   Code   RO            3    .text               main.o
    0x0800097c   0x0800097c   0x0000001a   Code   RO          180    .text               stm32f4xx_it.o
    0x08000996   0x08000996   0x00000002   PAD
    0x08000998   0x08000998   0x00000210   Code   RO          229    .text               system_stm32f4xx.o
    0x08000ba8   0x08000ba8   0x00000040   Code   RO          255    .text               led.o
    0x08000be8   0x08000be8   0x00003664   Code   RO          275    .text               lcd.o
    0x0800424c   0x0800424c   0x000000e0   Code   RO          313    .text               key.o
    0x0800432c   0x0800432c   0x00000084   Code   RO          334    .text               timer.o
    0x080043b0   0x080043b0   0x00000294   Code   RO          355    .text               dac.o
    0x08004644   0x08004644   0x000000e0   Code   RO          378    .text               adc.o
    0x08004724   0x08004724   0x00000104   Code   RO          398    .text               delay.o
    0x08004828   0x08004828   0x00000148   Code   RO          438    .text               usart.o
    0x08004970   0x08004970   0x00000040   Code   RO          470    .text               startup_stm32f40_41xxx.o
    0x080049b0   0x080049b0   0x000000e0   Code   RO          476    .text               misc.o
    0x08004a90   0x08004a90   0x00000294   Code   RO          496    .text               stm32f4xx_gpio.o
    0x08004d24   0x08004d24   0x000005c8   Code   RO          516    .text               stm32f4xx_fsmc.o
    0x080052ec   0x080052ec   0x0000065c   Code   RO          539    .text               stm32f4xx_rcc.o
    0x08005948   0x08005948   0x00000454   Code   RO          581    .text               stm32f4xx_usart.o
    0x08005d9c   0x08005d9c   0x00000ca2   Code   RO          601    .text               stm32f4xx_tim.o
    0x08006a3e   0x08006a3e   0x00000002   PAD
    0x08006a40   0x08006a40   0x00000464   Code   RO          621    .text               stm32f4xx_adc.o
    0x08006ea4   0x08006ea4   0x00000210   Code   RO          641    .text               stm32f4xx_dac.o
    0x080070b4   0x080070b4   0x000003a8   Code   RO          661    .text               stm32f4xx_dma.o
    0x0800745c   0x0800745c   0x000000f0   Code   RO          681    .text               arm_cortexM4lf_math.lib(arm_cmplx_mag_f32.o)
    0x0800754c   0x0800754c   0x000006a0   Code   RO          726    .text               arm_cortexM4lf_math.lib(arm_cfft_radix4_f32.o)
    0x08007bec   0x08007bec   0x000000c0   Code   RO          746    .text               arm_cortexM4lf_math.lib(arm_cfft_radix4_init_f32.o)
    0x08007cac   0x08007cac   0x000001e6   Code   RO          770    .text               arm_cortexM4lf_math.lib(arm_bitreversal.o)
    0x08007e92   0x08007e92   0x00000002   Code   RO          841    .text               c_w.l(use_no_semi_2.o)
    0x08007e94   0x08007e94   0x00000018   Code   RO          847    .text               c_w.l(noretval__2printf.o)
    0x08007eac   0x08007eac   0x00000028   Code   RO          849    .text               c_w.l(noretval__2sprintf.o)
    0x08007ed4   0x08007ed4   0x00000078   Code   RO          853    .text               c_w.l(_printf_dec.o)
    0x08007f4c   0x08007f4c   0x00000058   Code   RO          858    .text               c_w.l(_printf_hex_int.o)
    0x08007fa4   0x08007fa4   0x00000138   Code   RO          888    .text               c_w.l(__printf_flags_wp.o)
    0x080080dc   0x080080dc   0x0000004e   Code   RO          900    .text               c_w.l(rt_memclr_w.o)
    0x0800812a   0x0800812a   0x00000006   Code   RO          902    .text               c_w.l(heapauxi.o)
    0x08008130   0x08008130   0x00000002   Code   RO          952    .text               c_w.l(use_no_semi.o)
    0x08008132   0x08008132   0x00000016   Code   RO          955    .text               c_w.l(_rserrno.o)
    0x08008148   0x08008148   0x000000b2   Code   RO          957    .text               c_w.l(_printf_intcommon.o)
    0x080081fa   0x080081fa   0x0000041e   Code   RO          959    .text               c_w.l(_printf_fp_dec.o)
    0x08008618   0x08008618   0x00000030   Code   RO          961    .text               c_w.l(_printf_char_common.o)
    0x08008648   0x08008648   0x0000000a   Code   RO          963    .text               c_w.l(_sputc.o)
    0x08008652   0x08008652   0x00000002   PAD
    0x08008654   0x08008654   0x00000024   Code   RO          965    .text               c_w.l(_printf_char_file.o)
    0x08008678   0x08008678   0x00000008   Code   RO         1052    .text               c_w.l(rt_locale_intlibspace.o)
    0x08008680   0x08008680   0x00000008   Code   RO         1057    .text               c_w.l(rt_errno_addr_intlibspace.o)
    0x08008688   0x08008688   0x0000008a   Code   RO         1059    .text               c_w.l(lludiv10.o)
    0x08008712   0x08008712   0x00000002   PAD
    0x08008714   0x08008714   0x00000080   Code   RO         1061    .text               c_w.l(_printf_fp_infnan.o)
    0x08008794   0x08008794   0x000000e4   Code   RO         1065    .text               c_w.l(bigflt0.o)
    0x08008878   0x08008878   0x00000008   Code   RO         1090    .text               c_w.l(ferror.o)
    0x08008880   0x08008880   0x00000008   Code   RO         1107    .text               c_w.l(libspace.o)
    0x08008888   0x08008888   0x0000004a   Code   RO         1110    .text               c_w.l(sys_stackheap_outer.o)
    0x080088d2   0x080088d2   0x00000012   Code   RO         1112    .text               c_w.l(exit.o)
    0x080088e4   0x080088e4   0x00000080   Code   RO         1114    .text               c_w.l(strcmpv7m.o)
    0x08008964   0x08008964   0x0000003e   Code   RO         1068    CL$$btod_d2e        c_w.l(btod.o)
    0x080089a2   0x080089a2   0x00000046   Code   RO         1070    CL$$btod_d2e_denorm_low  c_w.l(btod.o)
    0x080089e8   0x080089e8   0x00000060   Code   RO         1069    CL$$btod_d2e_norm_op1  c_w.l(btod.o)
    0x08008a48   0x08008a48   0x00000338   Code   RO         1078    CL$$btod_div_common  c_w.l(btod.o)
    0x08008d80   0x08008d80   0x000000dc   Code   RO         1075    CL$$btod_e2e        c_w.l(btod.o)
    0x08008e5c   0x08008e5c   0x0000002a   Code   RO         1072    CL$$btod_ediv       c_w.l(btod.o)
    0x08008e86   0x08008e86   0x0000002a   Code   RO         1071    CL$$btod_emul       c_w.l(btod.o)
    0x08008eb0   0x08008eb0   0x00000244   Code   RO         1077    CL$$btod_mult_common  c_w.l(btod.o)
    0x080090f4   0x080090f4   0x00000030   Code   RO         1103    i.__ARM_fpclassify  m_wm.l(fpclassify.o)
    0x08009124   0x08009124   0x00000004   PAD
    0x08009128   0x08009128   0x000002d8   Code   RO          985    i.__hardfp_atan     m_wm.l(atan.o)
    0x08009400   0x08009400   0x000001f0   Code   RO          928    i.__hardfp_atan2    m_wm.l(atan2.o)
    0x080095f0   0x080095f0   0x000000c8   Code   RO          940    i.__hardfp_sin      m_wm.l(sin.o)
    0x080096b8   0x080096b8   0x00000438   Code   RO         1023    i.__ieee754_rem_pio2  m_wm.l(rred.o)
    0x08009af0   0x08009af0   0x00000170   Code   RO          999    i.__kernel_cos      m_wm.l(cos_i.o)
    0x08009c60   0x08009c60   0x000000f8   Code   RO         1105    i.__kernel_poly     m_wm.l(poly.o)
    0x08009d58   0x08009d58   0x00000130   Code   RO         1028    i.__kernel_sin      m_wm.l(sin_i.o)
    0x08009e88   0x08009e88   0x00000014   Code   RO         1003    i.__mathlib_dbl_infnan  m_wm.l(dunder.o)
    0x08009e9c   0x08009e9c   0x00000014   Code   RO         1004    i.__mathlib_dbl_infnan2  m_wm.l(dunder.o)
    0x08009eb0   0x08009eb0   0x00000020   Code   RO         1005    i.__mathlib_dbl_invalid  m_wm.l(dunder.o)
    0x08009ed0   0x08009ed0   0x00000020   Code   RO         1008    i.__mathlib_dbl_underflow  m_wm.l(dunder.o)
    0x08009ef0   0x08009ef0   0x0000000e   Code   RO          886    i._is_digit         c_w.l(__printf_wp.o)
    0x08009efe   0x08009efe   0x00000010   Code   RO          987    i.atan              m_wm.l(atan.o)
    0x08009f0e   0x08009f0e   0x00000018   Code   RO         1018    i.fabs              m_wm.l(fabs.o)
    0x08009f26   0x08009f26   0x00000002   PAD
    0x08009f28   0x08009f28   0x0000002c   Code   RO         1095    locale$$code        c_w.l(lc_numeric_c.o)
    0x08009f54   0x08009f54   0x00000018   Code   RO          968    x$fpl$basic         fz_wm.l(basic.o)
    0x08009f6c   0x08009f6c   0x00000062   Code   RO          906    x$fpl$d2f           fz_wm.l(d2f.o)
    0x08009fce   0x08009fce   0x00000002   PAD
    0x08009fd0   0x08009fd0   0x00000150   Code   RO          970    x$fpl$dadd          fz_wm.l(daddsub_clz.o)
    0x0800a120   0x0800a120   0x000002b0   Code   RO          909    x$fpl$ddiv          fz_wm.l(ddiv.o)
    0x0800a3d0   0x0800a3d0   0x0000005e   Code   RO         1097    x$fpl$dfix          fz_wm.l(dfix.o)
    0x0800a42e   0x0800a42e   0x00000002   PAD
    0x0800a430   0x0800a430   0x0000005a   Code   RO          912    x$fpl$dfixu         fz_wm.l(dfixu.o)
    0x0800a48a   0x0800a48a   0x0000002e   Code   RO          917    x$fpl$dflt          fz_wm.l(dflt_clz.o)
    0x0800a4b8   0x0800a4b8   0x00000026   Code   RO          916    x$fpl$dfltu         fz_wm.l(dflt_clz.o)
    0x0800a4de   0x0800a4de   0x00000002   PAD
    0x0800a4e0   0x0800a4e0   0x00000154   Code   RO          922    x$fpl$dmul          fz_wm.l(dmul.o)
    0x0800a634   0x0800a634   0x0000009c   Code   RO          976    x$fpl$dnaninf       fz_wm.l(dnaninf.o)
    0x0800a6d0   0x0800a6d0   0x0000000c   Code   RO          978    x$fpl$dretinf       fz_wm.l(dretinf.o)
    0x0800a6dc   0x0800a6dc   0x00000016   Code   RO          971    x$fpl$drsb          fz_wm.l(daddsub_clz.o)
    0x0800a6f2   0x0800a6f2   0x00000002   PAD
    0x0800a6f4   0x0800a6f4   0x000001d4   Code   RO          972    x$fpl$dsub          fz_wm.l(daddsub_clz.o)
    0x0800a8c8   0x0800a8c8   0x00000056   Code   RO          924    x$fpl$f2d           fz_wm.l(f2d.o)
    0x0800a91e   0x0800a91e   0x0000008c   Code   RO          980    x$fpl$fnaninf       fz_wm.l(fnaninf.o)
    0x0800a9aa   0x0800a9aa   0x0000000a   Code   RO         1171    x$fpl$fpinit        fz_wm.l(fpinit.o)
    0x0800a9b4   0x0800a9b4   0x0000000a   Code   RO          982    x$fpl$fretinf       fz_wm.l(fretinf.o)
    0x0800a9be   0x0800a9be   0x00000004   Code   RO          926    x$fpl$printf1       fz_wm.l(printf1.o)
    0x0800a9c2   0x0800a9c2   0x00000000   Code   RO          984    x$fpl$usenofp       fz_wm.l(usenofp.o)
    0x0800a9c2   0x0800a9c2   0x000017c0   Data   RO          277    .constdata          lcd.o
    0x0800c182   0x0800c182   0x00000002   PAD
    0x0800c184   0x0800c184   0x0000001c   Data   RO          517    .constdata          stm32f4xx_fsmc.o
    0x0800c1a0   0x0800c1a0   0x00000800   Data   RO          790    .constdata          arm_cortexM4lf_math.lib(arm_common_tables.o)
    0x0800c9a0   0x0800c9a0   0x00008000   Data   RO          799    .constdata          arm_cortexM4lf_math.lib(arm_common_tables.o)
    0x080149a0   0x080149a0   0x00000028   Data   RO          859    .constdata          c_w.l(_printf_hex_int.o)
    0x080149c8   0x080149c8   0x00000011   Data   RO          889    .constdata          c_w.l(__printf_flags_wp.o)
    0x080149d9   0x080149d9   0x00000007   PAD
    0x080149e0   0x080149e0   0x00000098   Data   RO          988    .constdata          m_wm.l(atan.o)
    0x08014a78   0x08014a78   0x00000030   Data   RO         1000    .constdata          m_wm.l(cos_i.o)
    0x08014aa8   0x08014aa8   0x00000008   Data   RO         1022    .constdata          m_wm.l(qnan.o)
    0x08014ab0   0x08014ab0   0x000000c8   Data   RO         1025    .constdata          m_wm.l(rred.o)
    0x08014b78   0x08014b78   0x00000028   Data   RO         1029    .constdata          m_wm.l(sin_i.o)
    0x08014ba0   0x08014ba0   0x00000094   Data   RO         1066    .constdata          c_w.l(bigflt0.o)
    0x08014c34   0x08014c34   0x00000020   Data   RO         1242    Region$$Table       anon$$obj.o
    0x08014c54   0x08014c54   0x0000001c   Data   RO         1094    locale$$data        c_w.l(lc_numeric_c.o)


    Execution Region RW_IRAM1 (Exec base: 0x20000000, Load base: 0x08014c70, Size: 0x00004b80, Max: 0x00020000, ABSOLUTE, COMPRESSED[0x00000fa4])

    Exec Addr    Load Addr    Size         Type   Attr      Idx    E Section Name        Object

    0x20000000   COMPRESSED   0x0000100a   Data   RW            5    .data               main.o
    0x2000100a   COMPRESSED   0x00000002   PAD
    0x2000100c   COMPRESSED   0x00000014   Data   RW          230    .data               system_stm32f4xx.o
    0x20001020   COMPRESSED   0x00000004   Data   RW          278    .data               lcd.o
    0x20001024   COMPRESSED   0x00000001   Data   RW          314    .data               key.o
    0x20001025   COMPRESSED   0x00000001   PAD
    0x20001026   COMPRESSED   0x00000400   Data   RW          356    .data               dac.o
    0x20001426   COMPRESSED   0x00000004   Data   RW          399    .data               delay.o
    0x2000142a   COMPRESSED   0x00000002   PAD
    0x2000142c   COMPRESSED   0x00000006   Data   RW          440    .data               usart.o
    0x20001432   COMPRESSED   0x00000010   Data   RW          540    .data               stm32f4xx_rcc.o
    0x20001442   COMPRESSED   0x00000002   PAD
    0x20001444        -       0x00003000   Zero   RW            4    .bss                main.o
    0x20004444        -       0x0000000e   Zero   RW          276    .bss                lcd.o
    0x20004452        -       0x000000c8   Zero   RW          439    .bss                usart.o
    0x2000451a   COMPRESSED   0x00000002   PAD
    0x2000451c        -       0x00000060   Zero   RW         1108    .bss                c_w.l(libspace.o)
    0x2000457c   COMPRESSED   0x00000004   PAD
    0x20004580        -       0x00000200   Zero   RW          468    HEAP                startup_stm32f40_41xxx.o
    0x20004780        -       0x00000400   Zero   RW          467    STACK               startup_stm32f40_41xxx.o


==============================================================================

Image component sizes


      Code (inc. data)   RO Data    RW Data    ZI Data      Debug   Object Name

       224         10          0          0          0       1231   adc.o
       660         44          0       1024          0       2638   dac.o
       260          8          0          4          0       1609   delay.o
       224         14          0          1          0        920   key.o
     13924        140       6080          4         14      19430   lcd.o
        64          4          0          0          0        591   led.o
      1768        140          0       4106      12288     338886   main.o
       224         20          0          0          0       1945   misc.o
        64         26        392          0       1536        892   startup_stm32f40_41xxx.o
      1124         24          0          0          0      10814   stm32f4xx_adc.o
       528          6          0          0          0       5169   stm32f4xx_dac.o
       936         32          0          0          0       6525   stm32f4xx_dma.o
      1480         18         28          0          0       5838   stm32f4xx_fsmc.o
       660         44          0          0          0       4289   stm32f4xx_gpio.o
        26          0          0          0          0       1286   stm32f4xx_it.o
      1628         52          0         16          0      13224   stm32f4xx_rcc.o
      3234         60          0          0          0      23144   stm32f4xx_tim.o
      1108         34          0          0          0       8012   stm32f4xx_usart.o
       528         46          0         20          0       1971   system_stm32f4xx.o
       132         10          0          0          0        892   timer.o
       328         16          0          6        200       3490   usart.o

    ----------------------------------------------------------------------
     29128        748       6534       5188      14040     452796   Object Totals
         0          0         32          0          0          0   (incl. Generated)
         4          0          2          7          2          0   (incl. Padding)

    ----------------------------------------------------------------------

      Code (inc. data)   RO Data    RW Data    ZI Data      Debug   Library Member Name

       486          0          0          0          0       2210   arm_bitreversal.o
      1696          0          0          0          0       4744   arm_cfft_radix4_f32.o
       192         46          0          0          0        767   arm_cfft_radix4_init_f32.o
       240          4          0          0          0      16312   arm_cmplx_mag_f32.o
         0          0      34816          0          0       2517   arm_common_tables.o
       100          0          0          0          0          0   __dclz77c.o
         8          0          0          0          0         68   __main.o
       312          4         17          0          0         92   __printf_flags_wp.o
        14          0          0          0          0         68   __printf_wp.o
         0          0          0          0          0          0   __rtentry.o
        12          0          0          0          0          0   __rtentry2.o
         6          0          0          0          0          0   __rtentry4.o
        52          8          0          0          0          0   __scatter.o
        28          0          0          0          0          0   __scatter_zi.o
        48          6          0          0          0         96   _printf_char_common.o
        36          4          0          0          0         80   _printf_char_file.o
         6          0          0          0          0          0   _printf_d.o
       120         16          0          0          0         92   _printf_dec.o
         6          0          0          0          0          0   _printf_f.o
      1054          0          0          0          0        216   _printf_fp_dec.o
       128         16          0          0          0         84   _printf_fp_infnan.o
        88          4         40          0          0         88   _printf_hex_int.o
       178          0          0          0          0         88   _printf_intcommon.o
         0          0          0          0          0          0   _printf_percent.o
         4          0          0          0          0          0   _printf_percent_end.o
         6          0          0          0          0          0   _printf_x.o
        22          0          0          0          0        100   _rserrno.o
        10          0          0          0          0         68   _sputc.o
       228          4        148          0          0         96   bigflt0.o
      1936        128          0          0          0        672   btod.o
        18          0          0          0          0         80   exit.o
         8          0          0          0          0         68   ferror.o
         6          0          0          0          0        152   heapauxi.o
        44         10         28          0          0         76   lc_numeric_c.o
         2          0          0          0          0          0   libinit.o
        22          0          0          0          0          0   libinit2.o
         2          0          0          0          0          0   libshutdown.o
         2          0          0          0          0          0   libshutdown2.o
         8          4          0          0         96         68   libspace.o
       138          0          0          0          0         80   lludiv10.o
        24          4          0          0          0         84   noretval__2printf.o
        40          6          0          0          0         84   noretval__2sprintf.o
         8          4          0          0          0         68   rt_errno_addr_intlibspace.o
         8          4          0          0          0         68   rt_locale_intlibspace.o
        78          0          0          0          0         80   rt_memclr_w.o
         2          0          0          0          0          0   rtexit.o
        10          0          0          0          0          0   rtexit2.o
       128          0          0          0          0         68   strcmpv7m.o
        74          0          0          0          0         80   sys_stackheap_outer.o
         2          0          0          0          0         68   use_no_semi.o
         2          0          0          0          0         68   use_no_semi_2.o
        24          0          0          0          0        164   basic.o
        98          4          0          0          0        140   d2f.o
       826         16          0          0          0        492   daddsub_clz.o
       688        140          0          0          0        256   ddiv.o
        94          4          0          0          0        140   dfix.o
        90          4          0          0          0        140   dfixu.o
        84          0          0          0          0        232   dflt_clz.o
       340         12          0          0          0        152   dmul.o
       156          4          0          0          0        140   dnaninf.o
        12          0          0          0          0        116   dretinf.o
        86          4          0          0          0        132   f2d.o
       140          4          0          0          0        132   fnaninf.o
        10          0          0          0          0        116   fpinit.o
        10          0          0          0          0        116   fretinf.o
         4          0          0          0          0        116   printf1.o
         0          0          0          0          0          0   usenofp.o
       744        106        152          0          0        352   atan.o
       496         64          0          0          0        192   atan2.o
       368         46         48          0          0        200   cos_i.o
       104         16          0          0          0        496   dunder.o
        24          0          0          0          0        124   fabs.o
        48          0          0          0          0        124   fpclassify.o
       248          0          0          0          0        152   poly.o
         0          0          8          0          0          0   qnan.o
      1080        142        200          0          0        188   rred.o
       200         20          0          0          0        164   sin.o
       304         24         40          0          0        208   sin_i.o

    ----------------------------------------------------------------------
     13938        882      35504          0        100      34434   Library Totals
        18          0          7          0          4          0   (incl. Padding)

    ----------------------------------------------------------------------

      Code (inc. data)   RO Data    RW Data    ZI Data      Debug   Library Name

      2614         50      34816          0          0      26550   arm_cortexM4lf_math.lib
      5028        222        233          0         96       3100   c_w.l
      2662        192          0          0          0       2584   fz_wm.l
      3616        418        448          0          0       2200   m_wm.l

    ----------------------------------------------------------------------
     13938        882      35504          0        100      34434   Library Totals

    ----------------------------------------------------------------------

==============================================================================


      Code (inc. data)   RO Data    RW Data    ZI Data      Debug   

     43066       1630      42038       5188      14140     477514   Grand Totals
     43066       1630      42038       4004      14140     477514   ELF Image Totals (compressed)
     43066       1630      42038       4004          0          0   ROM Totals

==============================================================================

    Total RO  Size (Code + RO Data)                85104 (  83.11kB)
    Total RW  Size (RW Data + ZI Data)             19328 (  18.88kB)
    Total ROM Size (Code + RO Data + RW Data)      89108 (  87.02kB)

==============================================================================

