<html>
<body>
<pre>
<h1>礦ision Build Log</h1>
<h2>Tool Versions:</h2>
IDE-Version: μVision V5.31.0.0
Copyright (C) 2020 ARM Ltd and ARM Germany GmbH. All rights reserved.
License Information: 啊啊啊啊啊 rgyzd9870, 666, LIC=QF82M-X2RP4-DYQV3-AX6NV-U8XHR-XSFXX
 
Tool Versions:
Toolchain:       MDK-ARM Plus  Version: 5.31.0.0
Toolchain Path:  E:\keil\ARM\ARMCC\Bin
C Compiler:      Armcc.exe V5.06 update 6 (build 750)
Assembler:       Armasm.exe V5.06 update 6 (build 750)
Linker/Locator:  ArmLink.exe V5.06 update 6 (build 750)
Library Manager: ArmAr.exe V5.06 update 6 (build 750)
Hex Converter:   FromElf.exe V5.06 update 6 (build 750)
CPU DLL:         SARMCM3.DLL V5.31.0.0
Dialog DLL:      DCM.DLL V1.17.3.0
Target DLL:      CMSIS_AGDI.dll V1.32.6.0
Dialog DLL:      TCM.DLL V1.46.0.0
 
<h2>Project:</h2>
C:\Users\rgyzd9870\Desktop\2024_电赛比赛文件\2024电赛大屏\stm32f407--adc---lcd_to_show_the_wave\USER\DSP_FFT.uvprojx
Project File Date:  07/22/2024

<h2>Output:</h2>
*** Using Compiler 'V5.06 update 6 (build 750)', folder: 'E:\keil\ARM\ARMCC\Bin'
Rebuild target 'DSP_FFT'
assembling startup_stm32f40_41xxx.s...
compiling key.c...
compiling adc.c...
compiling delay.c...
compiling sys.c...
compiling stm32f4xx_it.c...
compiling timer.c...
compiling led.c...
compiling usart.c...
compiling dac.c...
compiling system_stm32f4xx.c...
compiling misc.c...
compiling stm32f4xx_gpio.c...
compiling lcd.c...
compiling main.c...
main.c(43): warning:  #550-D: variable "key"  was set but never used
   	u8 key,t;
main.c(43): warning:  #177-D: variable "t"  was declared but never referenced
   	u8 key,t;
main.c(46): warning:  #177-D: variable "arg_buff"  was declared but never referenced
      u8 arg_buff[20]={0};
main.c(47): warning:  #177-D: variable "i"  was declared but never referenced
  	u16 i; 
main.c: 4 warnings, 0 errors
compiling stm32f4xx_fsmc.c...
compiling stm32f4xx_syscfg.c...
compiling stm32f4xx_rcc.c...
compiling stm32f4xx_usart.c...
compiling stm32f4xx_dac.c...
compiling stm32f4xx_dma.c...
compiling stm32f4xx_adc.c...
compiling stm32f4xx_tim.c...
linking...
Program Size: Code=42962 RO-data=42038 RW-data=5188 ZI-data=14140  
FromELF: creating hex file...
"..\OBJ\DSP_FFT.axf" - 0 Error(s), 4 Warning(s).

<h2>Software Packages used:</h2>

Package Vendor: Keil
                http://www.keil.com/pack/Keil.STM32F4xx_DFP.2.15.0.pack
                Keil.STM32F4xx_DFP.2.15.0
                STMicroelectronics STM32F4 Series Device Support, Drivers and Examples

<h2>Collection of Component include folders:</h2>
  E:\keil\ARM\PACK\Keil\STM32F4xx_DFP\2.15.0\Drivers\CMSIS\Device\ST\STM32F4xx\Include

<h2>Collection of Component Files used:</h2>
Build Time Elapsed:  00:00:02
</pre>
</body>
</html>
