Component: ARM Compiler 5.06 update 6 (build 750) Tool: armlink [4d35ed]

==============================================================================

Section Cross References

    main.o(.text) refers to _printf_percent.o(.ARM.Collect$$_printf_percent$$00000000) for _printf_percent
    main.o(.text) refers to _printf_f.o(.ARM.Collect$$_printf_percent$$00000003) for _printf_f
    main.o(.text) refers to printf1.o(x$fpl$printf1) for _printf_fp_dec
    main.o(.text) refers to _printf_d.o(.ARM.Collect$$_printf_percent$$00000009) for _printf_d
    main.o(.text) refers to _printf_dec.o(.text) for _printf_int_dec
    main.o(.text) refers to noretval__2printf.o(.text) for __2printf
    main.o(.text) refers to arm_var_f32.o(.text) for arm_var_f32
    main.o(.text) refers to f2d.o(x$fpl$f2d) for __aeabi_f2d
    main.o(.text) refers to atan2.o(i.__hardfp_atan2) for __hardfp_atan2
    main.o(.text) refers to dmul.o(x$fpl$dmul) for __aeabi_dmul
    main.o(.text) refers to ddiv.o(x$fpl$ddiv) for __aeabi_ddiv
    main.o(.text) refers to dfixu.o(x$fpl$dfixu) for __aeabi_d2uiz
    main.o(.text) refers to lcd.o(.text) for LCD_DrawPoint
    main.o(.text) refers to adc.o(.text) for Get_Adc
    main.o(.text) refers to main.o(.data) for head
    main.o(.text) refers to main.o(.bss) for buffer
    main.o(.text) refers to lcd.o(.bss) for lcddev
    main.o(.text) refers to lcd.o(.data) for POINT_COLOR
    main.o(.text) refers to rt_memclr_w.o(.text) for __aeabi_memclr4
    main.o(.text) refers to misc.o(.text) for NVIC_PriorityGroupConfig
    main.o(.text) refers to delay.o(.text) for delay_init
    main.o(.text) refers to usart.o(.text) for uart_init
    main.o(.text) refers to led.o(.text) for LED_Init
    main.o(.text) refers to key.o(.text) for KEY_Init
    main.o(.text) refers to ad9833.o(.text) for AD9833_Init
    main.o(.text) refers to dac.o(.text) for DAC_Mode_Init
    main.o(.text) refers to noretval__2sprintf.o(.text) for __2sprintf
    main.o(.text) refers to timer.o(.text) for TIM3_Int_Init
    main.o(.text) refers to arm_cfft_radix4_init_f32.o(.text) for arm_cfft_radix4_init_f32
    main.o(.text) refers to arm_cfft_radix4_f32.o(.text) for arm_cfft_radix4_f32
    main.o(.text) refers to arm_cmplx_mag_f32.o(.text) for arm_cmplx_mag_f32
    system_stm32f4xx.o(.text) refers to system_stm32f4xx.o(.data) for SystemCoreClock
    led.o(.text) refers to stm32f4xx_rcc.o(.text) for RCC_AHB1PeriphClockCmd
    led.o(.text) refers to stm32f4xx_gpio.o(.text) for GPIO_Init
    lcd.o(.text) refers to _printf_percent.o(.ARM.Collect$$_printf_percent$$00000000) for _printf_percent
    lcd.o(.text) refers to _printf_x.o(.ARM.Collect$$_printf_percent$$0000000C) for _printf_x
    lcd.o(.text) refers to _printf_hex_int.o(.text) for _printf_longlong_hex
    lcd.o(.text) refers to delay.o(.text) for delay_us
    lcd.o(.text) refers to lcd.o(.bss) for lcddev
    lcd.o(.text) refers to dflt_clz.o(x$fpl$dfltu) for __aeabi_ui2d
    lcd.o(.text) refers to dmul.o(x$fpl$dmul) for __aeabi_dmul
    lcd.o(.text) refers to dfixu.o(x$fpl$dfixu) for __aeabi_d2uiz
    lcd.o(.text) refers to lcd.o(.data) for POINT_COLOR
    lcd.o(.text) refers to stm32f4xx_rcc.o(.text) for RCC_AHB1PeriphClockCmd
    lcd.o(.text) refers to stm32f4xx_gpio.o(.text) for GPIO_Init
    lcd.o(.text) refers to stm32f4xx_fsmc.o(.text) for FSMC_NORSRAMInit
    lcd.o(.text) refers to noretval__2printf.o(.text) for __2printf
    lcd.o(.text) refers to lcd.o(.constdata) for asc2_1206
    key.o(.text) refers to stm32f4xx_rcc.o(.text) for RCC_AHB1PeriphClockCmd
    key.o(.text) refers to stm32f4xx_gpio.o(.text) for GPIO_Init
    key.o(.text) refers to delay.o(.text) for delay_ms
    key.o(.text) refers to key.o(.data) for key_up
    timer.o(.text) refers to stm32f4xx_rcc.o(.text) for RCC_APB1PeriphClockCmd
    timer.o(.text) refers to stm32f4xx_tim.o(.text) for TIM_TimeBaseInit
    timer.o(.text) refers to misc.o(.text) for NVIC_Init
    timer.o(.text) refers to main.o(.data) for timeout
    dac.o(.text) refers to stm32f4xx_rcc.o(.text) for RCC_AHB1PeriphClockCmd
    dac.o(.text) refers to stm32f4xx_gpio.o(.text) for GPIO_Init
    dac.o(.text) refers to stm32f4xx_dac.o(.text) for DAC_Init
    dac.o(.text) refers to stm32f4xx_tim.o(.text) for TIM_TimeBaseInit
    dac.o(.text) refers to stm32f4xx_dma.o(.text) for DMA_Init
    dac.o(.text) refers to f2d.o(x$fpl$f2d) for __aeabi_f2d
    dac.o(.text) refers to sin.o(i.__hardfp_sin) for __hardfp_sin
    dac.o(.text) refers to d2f.o(x$fpl$d2f) for __aeabi_d2f
    dac.o(.text) refers to dac.o(.data) for Sine12bit
    adc.o(.text) refers to stm32f4xx_rcc.o(.text) for RCC_AHB1PeriphClockCmd
    adc.o(.text) refers to stm32f4xx_gpio.o(.text) for GPIO_Init
    adc.o(.text) refers to stm32f4xx_adc.o(.text) for ADC_CommonInit
    adc.o(.text) refers to delay.o(.text) for delay_ms
    ad9833.o(.text) refers to stm32f4xx_rcc.o(.text) for RCC_AHB1PeriphClockCmd
    ad9833.o(.text) refers to stm32f4xx_gpio.o(.text) for GPIO_Init
[...]
    __rt_lib_init_lc_common                  0x08000261   Thumb Code     0  libinit2.o(.ARM.Collect$$libinit$$0000000F)
    __rt_lib_init_preinit_1                  0x08000261   Thumb Code     0  libinit2.o(.ARM.Collect$$libinit$$00000004)
    __rt_lib_init_rand_1                     0x08000261   Thumb Code     0  libinit2.o(.ARM.Collect$$libinit$$0000000E)
    __rt_lib_init_user_alloc_1               0x08000261   Thumb Code     0  libinit2.o(.ARM.Collect$$libinit$$0000000C)
    __rt_lib_init_lc_collate_1               0x08000267   Thumb Code     0  libinit2.o(.ARM.Collect$$libinit$$00000011)
    __rt_lib_init_lc_ctype_1                 0x08000267   Thumb Code     0  libinit2.o(.ARM.Collect$$libinit$$00000013)
    __rt_lib_init_lc_monetary_1              0x08000267   Thumb Code     0  libinit2.o(.ARM.Collect$$libinit$$00000015)
    __rt_lib_init_lc_numeric_2               0x08000267   Thumb Code     0  libinit2.o(.ARM.Collect$$libinit$$00000016)
    __rt_lib_init_alloca_1                   0x08000271   Thumb Code     0  libinit2.o(.ARM.Collect$$libinit$$0000002E)
    __rt_lib_init_argv_1                     0x08000271   Thumb Code     0  libinit2.o(.ARM.Collect$$libinit$$0000002C)
    __rt_lib_init_atexit_1                   0x08000271   Thumb Code     0  libinit2.o(.ARM.Collect$$libinit$$0000001B)
    __rt_lib_init_clock_1                    0x08000271   Thumb Code     0  libinit2.o(.ARM.Collect$$libinit$$00000021)
    __rt_lib_init_cpp_1                      0x08000271   Thumb Code     0  libinit2.o(.ARM.Collect$$libinit$$00000032)
    __rt_lib_init_exceptions_1               0x08000271   Thumb Code     0  libinit2.o(.ARM.Collect$$libinit$$00000030)
    __rt_lib_init_fp_trap_1                  0x08000271   Thumb Code     0  libinit2.o(.ARM.Collect$$libinit$$0000001F)
    __rt_lib_init_getenv_1                   0x08000271   Thumb Code     0  libinit2.o(.ARM.Collect$$libinit$$00000023)
    __rt_lib_init_lc_numeric_1               0x08000271   Thumb Code     0  libinit2.o(.ARM.Collect$$libinit$$00000017)
    __rt_lib_init_lc_time_1                  0x08000271   Thumb Code     0  libinit2.o(.ARM.Collect$$libinit$$00000019)
    __rt_lib_init_return                     0x08000271   Thumb Code     0  libinit2.o(.ARM.Collect$$libinit$$00000033)
    __rt_lib_init_signal_1                   0x08000271   Thumb Code     0  libinit2.o(.ARM.Collect$$libinit$$0000001D)
    __rt_lib_init_stdio_1                    0x08000271   Thumb Code     0  libinit2.o(.ARM.Collect$$libinit$$00000025)
    __rt_lib_shutdown                        0x08000273   Thumb Code     0  libshutdown.o(.ARM.Collect$$libshutdown$$00000000)
    __rt_lib_shutdown_cpp_1                  0x08000275   Thumb Code     0  libshutdown2.o(.ARM.Collect$$libshutdown$$00000002)
    __rt_lib_shutdown_fp_trap_1              0x08000275   Thumb Code     0  libshutdown2.o(.ARM.Collect$$libshutdown$$00000007)
    __rt_lib_shutdown_heap_1                 0x08000275   Thumb Code     0  libshutdown2.o(.ARM.Collect$$libshutdown$$0000000F)
    __rt_lib_shutdown_return                 0x08000275   Thumb Code     0  libshutdown2.o(.ARM.Collect$$libshutdown$$00000010)
    __rt_lib_shutdown_signal_1               0x08000275   Thumb Code     0  libshutdown2.o(.ARM.Collect$$libshutdown$$0000000A)
    __rt_lib_shutdown_stdio_1                0x08000275   Thumb Code     0  libshutdown2.o(.ARM.Collect$$libshutdown$$00000004)
    __rt_lib_shutdown_user_alloc_1           0x08000275   Thumb Code     0  libshutdown2.o(.ARM.Collect$$libshutdown$$0000000C)
    __rt_entry                               0x08000277   Thumb Code     0  __rtentry.o(.ARM.Collect$$rtentry$$00000000)
    __rt_entry_presh_1                       0x08000277   Thumb Code     0  __rtentry2.o(.ARM.Collect$$rtentry$$00000002)
    __rt_entry_sh                            0x08000277   Thumb Code     0  __rtentry4.o(.ARM.Collect$$rtentry$$00000004)
    __rt_entry_li                            0x0800027d   Thumb Code     0  __rtentry2.o(.ARM.Collect$$rtentry$$0000000A)
    __rt_entry_postsh_1                      0x0800027d   Thumb Code     0  __rtentry2.o(.ARM.Collect$$rtentry$$00000009)
    __rt_entry_main                          0x08000281   Thumb Code     0  __rtentry2.o(.ARM.Collect$$rtentry$$0000000D)
    __rt_entry_postli_1                      0x08000281   Thumb Code     0  __rtentry2.o(.ARM.Collect$$rtentry$$0000000C)
    __rt_exit                                0x08000289   Thumb Code     0  rtexit.o(.ARM.Collect$$rtexit$$00000000)
    __rt_exit_ls                             0x0800028b   Thumb Code     0  rtexit2.o(.ARM.Collect$$rtexit$$00000003)
    __rt_exit_prels_1                        0x0800028b   Thumb Code     0  rtexit2.o(.ARM.Collect$$rtexit$$00000002)
    __rt_exit_exit                           0x0800028f   Thumb Code     0  rtexit2.o(.ARM.Collect$$rtexit$$00000004)
    printBuffer                              0x08000295   Thumb Code   100  main.o(.text)
    addElement                               0x080002f9   Thumb Code    64  main.o(.text)
    get_arg                                  0x08000339   Thumb Code   196  main.o(.text)
    get_freq                                 0x080003fd   Thumb Code    80  main.o(.text)
    Add_Kwindow                              0x0800044d   Thumb Code    48  main.o(.text)
    get_vpp                                  0x0800047d   Thumb Code   116  main.o(.text)
    clear_point                              0x080004f1   Thumb Code   158  main.o(.text)
    DrawOscillogram                          0x0800058f   Thumb Code   150  main.o(.text)
    Collect_ADC_LEVEL                        0x08000625   Thumb Code   204  main.o(.text)
    Lcd_DrawNetwork                          0x080006f1   Thumb Code    96  main.o(.text)
    Set_BackGround                           0x08000751   Thumb Code   104  main.o(.text)
    main                                     0x080007b9   Thumb Code  1220  main.o(.text)
    rDawSpectrum                             0x08000c7d   Thumb Code   200  main.o(.text)
    NMI_Handler                              0x08000d79   Thumb Code     2  stm32f4xx_it.o(.text)
    HardFault_Handler                        0x08000d7b   Thumb Code     4  stm32f4xx_it.o(.text)
    MemManage_Handler                        0x08000d7f   Thumb Code     4  stm32f4xx_it.o(.text)
    BusFault_Handler                         0x08000d83   Thumb Code     4  stm32f4xx_it.o(.text)
    UsageFault_Handler                       0x08000d87   Thumb Code     4  stm32f4xx_it.o(.text)
    SVC_Handler                              0x08000d8b   Thumb Code     2  stm32f4xx_it.o(.text)
    DebugMon_Handler                         0x08000d8d   Thumb Code     2  stm32f4xx_it.o(.text)
    PendSV_Handler                           0x08000d8f   Thumb Code     2  stm32f4xx_it.o(.text)
    SysTick_Handler                          0x08000d91   Thumb Code     2  stm32f4xx_it.o(.text)
    SystemInit                               0x08000e71   Thumb Code    88  system_stm32f4xx.o(.text)
    SystemCoreClockUpdate                    0x08000ec9   Thumb Code   174  system_stm32f4xx.o(.text)
    LED_Init                                 0x08000fa5   Thumb Code    60  led.o(.text)
    LCD_WR_REG                               0x08000fe5   Thumb Code    18  lcd.o(.text)
    LCD_WR_DATA                              0x08000ff7   Thumb Code    20  lcd.o(.text)
    LCD_RD_DATA                              0x0800100b   Thumb Code    16  lcd.o(.text)
    LCD_WriteReg                             0x0800101b   Thumb Code    14  lcd.o(.text)
    LCD_ReadReg                              0x08001029   Thumb Code    22  lcd.o(.text)
    LCD_WriteRAM_Prepare                     0x0800103f   Thumb Code    10  lcd.o(.text)
    LCD_WriteRAM                             0x08001049   Thumb Code     8  lcd.o(.text)
    LCD_BGR2RGB                              0x08001051   Thumb Code    26  lcd.o(.text)
    opt_delay                                0x0800106b   Thumb Code    14  lcd.o(.text)
    LCD_SetCursor                            0x08001079   Thumb Code   282  lcd.o(.text)
    LCD_ReadPoint                            0x08001193   Thumb Code   132  lcd.o(.text)
    LCD_DisplayOn                            0x08001217   Thumb Code    32  lcd.o(.text)
    LCD_DisplayOff                           0x08001237   Thumb Code    32  lcd.o(.text)
    LCD_Scan_Dir                             0x08001257   Thumb Code   570  lcd.o(.text)
    LCD_DrawPoint                            0x08001491   Thumb Code    28  lcd.o(.text)
    LCD_Fast_DrawPoint                       0x080014ad   Thumb Code   238  lcd.o(.text)
    LCD_SSD_BackLightSet                     0x0800159b   Thumb Code    88  lcd.o(.text)
    LCD_Display_Dir                          0x080015f3   Thumb Code   298  lcd.o(.text)
    LCD_Set_Window                           0x0800171d   Thumb Code   384  lcd.o(.text)
    LCD_Clear                                0x0800189d   Thumb Code    42  lcd.o(.text)
    LCD_Init                                 0x080018c7   Thumb Code 10318  lcd.o(.text)
    LCD_Fill                                 0x08004115   Thumb Code    82  lcd.o(.text)
    LCD_Color_Fill                           0x08004167   Thumb Code    92  lcd.o(.text)
    LCD_DrawLine                             0x080041c3   Thumb Code   176  lcd.o(.text)
    LCD_DrawRectangle                        0x08004273   Thumb Code    60  lcd.o(.text)
    LCD_Draw_Circle                          0x080042af   Thumb Code   152  lcd.o(.text)
    LCD_ShowChar                             0x08004347   Thumb Code   284  lcd.o(.text)
    LCD_Pow                                  0x08004463   Thumb Code    22  lcd.o(.text)
    LCD_ShowNum                              0x08004479   Thumb Code   148  lcd.o(.text)
    LCD_ShowxNum                             0x0800450d   Thumb Code   190  lcd.o(.text)
    LCD_ShowString                           0x080045cb   Thumb Code   102  lcd.o(.text)
    KEY_Init                                 0x08004649   Thumb Code    60  key.o(.text)
    KEY_Scan                                 0x08004685   Thumb Code   176  key.o(.text)
    TIM3_Int_Init                            0x08004741   Thumb Code    88  timer.o(.text)
    TIM3_IRQHandler                          0x08004799   Thumb Code    34  timer.o(.text)
    DAC_Config                               0x080047c5   Thumb Code    90  dac.o(.text)
    DAC_TIM_Config                           0x0800481f   Thumb Code   100  dac.o(.text)
    DAC_DMA_Config                           0x08004883   Thumb Code   124  dac.o(.text)
    Set_Sine12bit                            0x080048ff   Thumb Code   268  dac.o(.text)
    DAC_Mode_Init                            0x08004a0b   Thumb Code    34  dac.o(.text)
    Adc_Init                                 0x08004a59   Thumb Code   124  adc.o(.text)
    Get_Adc                                  0x08004ad5   Thumb Code    44  adc.o(.text)
    Get_Adc_Average                          0x08004b01   Thumb Code    46  adc.o(.text)
    AD9833_Init                              0x08004b39   Thumb Code    44  ad9833.o(.text)
    AD9833_Delay                             0x08004b65   Thumb Code    14  ad9833.o(.text)
    AD9833_Write                             0x08004b73   Thumb Code    86  ad9833.o(.text)
    AD9833_SetFrequency                      0x08004bc9   Thumb Code   164  ad9833.o(.text)
    AD9833_SetPhase                          0x08004c6d   Thumb Code    52  ad9833.o(.text)
    AD9833_RESET                             0x08004ca1   Thumb Code    12  ad9833.o(.text)
    AD9833_SetWave                           0x08004cad   Thumb Code    46  ad9833.o(.text)
    AD9833_Setup                             0x08004cdb   Thumb Code    96  ad9833.o(.text)
    AD9833_Square_Wave                       0x08004d3b   Thumb Code    68  ad9833.o(.text)
    AD9833_None_Wave                         0x08004d7f   Thumb Code    68  ad9833.o(.text)
    delay_init                               0x08004de1   Thumb Code    52  delay.o(.text)
    delay_us                                 0x08004e15   Thumb Code    72  delay.o(.text)
    delay_xms                                0x08004e5d   Thumb Code    72  delay.o(.text)
    delay_ms                                 0x08004ea5   Thumb Code    56  delay.o(.text)
    _sys_exit                                0x08004ee5   Thumb Code     4  usart.o(.text)
    fputc                                    0x08004ee9   Thumb Code    22  usart.o(.text)
    uart_init                                0x08004eff   Thumb Code   164  usart.o(.text)
    USART1_IRQHandler                        0x08004fa3   Thumb Code   122  usart.o(.text)
    Reset_Handler                            0x0800502d   Thumb Code     8  startup_stm32f40_41xxx.o(.text)
    ADC_IRQHandler                           0x08005047   Thumb Code     0  startup_stm32f40_41xxx.o(.text)
    CAN1_RX0_IRQHandler                      0x08005047   Thumb Code     0  startup_stm32f40_41xxx.o(.text)
    CAN1_RX1_IRQHandler                      0x08005047   Thumb Code     0  startup_stm32f40_41xxx.o(.text)
    CAN1_SCE_IRQHandler                      0x08005047   Thumb Code     0  startup_stm32f40_41xxx.o(.text)
    CAN1_TX_IRQHandler                       0x08005047   Thumb Code     0  startup_stm32f40_41xxx.o(.text)
    CAN2_RX0_IRQHandler                      0x08005047   Thumb Code     0  startup_stm32f40_41xxx.o(.text)
    CAN2_RX1_IRQHandler                      0x08005047   Thumb Code     0  startup_stm32f40_41xxx.o(.text)
    CAN2_SCE_IRQHandler                      0x08005047   Thumb Code     0  startup_stm32f40_41xxx.o(.text)
    CAN2_TX_IRQHandler                       0x08005047   Thumb Code     0  startup_stm32f40_41xxx.o(.text)
    CRYP_IRQHandler                          0x08005047   Thumb Code     0  startup_stm32f40_41xxx.o(.text)
    DCMI_IRQHandler                          0x08005047   Thumb Code     0  startup_stm32f40_41xxx.o(.text)
    DMA1_Stream0_IRQHandler                  0x08005047   Thumb Code     0  startup_stm32f40_41xxx.o(.text)
    DMA1_Stream1_IRQHandler                  0x08005047   Thumb Code     0  startup_stm32f40_41xxx.o(.text)
    DMA1_Stream2_IRQHandler                  0x08005047   Thumb Code     0  startup_stm32f40_41xxx.o(.text)
    DMA1_Stream3_IRQHandler                  0x08005047   Thumb Code     0  startup_stm32f40_41xxx.o(.text)
    DMA1_Stream4_IRQHandler                  0x08005047   Thumb Code     0  startup_stm32f40_41xxx.o(.text)
    DMA1_Stream5_IRQHandler                  0x08005047   Thumb Code     0  startup_stm32f40_41xxx.o(.text)
    DMA1_Stream6_IRQHandler                  0x08005047   Thumb Code     0  startup_stm32f40_41xxx.o(.text)
    DMA1_Stream7_IRQHandler                  0x08005047   Thumb Code     0  startup_stm32f40_41xxx.o(.text)
    DMA2_Stream0_IRQHandler                  0x08005047   Thumb Code     0  startup_stm32f40_41xxx.o(.text)
    DMA2_Stream1_IRQHandler                  0x08005047   Thumb Code     0  startup_stm32f40_41xxx.o(.text)
    DMA2_Stream2_IRQHandler                  0x08005047   Thumb Code     0  startup_stm32f40_41xxx.o(.text)
    DMA2_Stream3_IRQHandler                  0x08005047   Thumb Code     0  startup_stm32f40_41xxx.o(.text)
    DMA2_Stream4_IRQHandler                  0x08005047   Thumb Code     0  startup_stm32f40_41xxx.o(.text)
    DMA2_Stream5_IRQHandler                  0x08005047   Thumb Code     0  startup_stm32f40_41xxx.o(.text)
    DMA2_Stream6_IRQHandler                  0x08005047   Thumb Code     0  startup_stm32f40_41xxx.o(.text)
    DMA2_Stream7_IRQHandler                  0x08005047   Thumb Code     0  startup_stm32f40_41xxx.o(.text)
    ETH_IRQHandler                           0x08005047   Thumb Code     0  startup_stm32f40_41xxx.o(.text)
    ETH_WKUP_IRQHandler                      0x08005047   Thumb Code     0  startup_stm32f40_41xxx.o(.text)
    EXTI0_IRQHandler                         0x08005047   Thumb Code     0  startup_stm32f40_41xxx.o(.text)
    EXTI15_10_IRQHandler                     0x08005047   Thumb Code     0  startup_stm32f40_41xxx.o(.text)
    EXTI1_IRQHandler                         0x08005047   Thumb Code     0  startup_stm32f40_41xxx.o(.text)
    EXTI2_IRQHandler                         0x08005047   Thumb Code     0  startup_stm32f40_41xxx.o(.text)
    EXTI3_IRQHandler                         0x08005047   Thumb Code     0  startup_stm32f40_41xxx.o(.text)
    EXTI4_IRQHandler                         0x08005047   Thumb Code     0  startup_stm32f40_41xxx.o(.text)
    EXTI9_5_IRQHandler                       0x08005047   Thumb Code     0  startup_stm32f40_41xxx.o(.text)
    FLASH_IRQHandler                         0x08005047   Thumb Code     0  startup_stm32f40_41xxx.o(.text)
    FPU_IRQHandler                           0x08005047   Thumb Code     0  startup_stm32f40_41xxx.o(.text)
    FSMC_IRQHandler                          0x08005047   Thumb Code     0  startup_stm32f40_41xxx.o(.text)
    HASH_RNG_IRQHandler                      0x08005047   Thumb Code     0  startup_stm32f40_41xxx.o(.text)
    I2C1_ER_IRQHandler                       0x08005047   Thumb Code     0  startup_stm32f40_41xxx.o(.text)
    I2C1_EV_IRQHandler                       0x08005047   Thumb Code     0  startup_stm32f40_41xxx.o(.text)
    I2C2_ER_IRQHandler                       0x08005047   Thumb Code     0  startup_stm32f40_41xxx.o(.text)
    I2C2_EV_IRQHandler                       0x08005047   Thumb Code     0  startup_stm32f40_41xxx.o(.text)
    I2C3_ER_IRQHandler                       0x08005047   Thumb Code     0  startup_stm32f40_41xxx.o(.text)
    I2C3_EV_IRQHandler                       0x08005047   Thumb Code     0  startup_stm32f40_41xxx.o(.text)
    OTG_FS_IRQHandler                        0x08005047   Thumb Code     0  startup_stm32f40_41xxx.o(.text)
    OTG_FS_WKUP_IRQHandler                   0x08005047   Thumb Code     0  startup_stm32f40_41xxx.o(.text)
    OTG_HS_EP1_IN_IRQHandler                 0x08005047   Thumb Code     0  startup_stm32f40_41xxx.o(.text)
    OTG_HS_EP1_OUT_IRQHandler                0x08005047   Thumb Code     0  startup_stm32f40_41xxx.o(.text)
    OTG_HS_IRQHandler                        0x08005047   Thumb Code     0  startup_stm32f40_41xxx.o(.text)
    OTG_HS_WKUP_IRQHandler                   0x08005047   Thumb Code     0  startup_stm32f40_41xxx.o(.text)
    PVD_IRQHandler                           0x08005047   Thumb Code     0  startup_stm32f40_41xxx.o(.text)
    RCC_IRQHandler                           0x08005047   Thumb Code     0  startup_stm32f40_41xxx.o(.text)
    RTC_Alarm_IRQHandler                     0x08005047   Thumb Code     0  startup_stm32f40_41xxx.o(.text)
    RTC_WKUP_IRQHandler                      0x08005047   Thumb Code     0  startup_stm32f40_41xxx.o(.text)
    SDIO_IRQHandler                          0x08005047   Thumb Code     0  startup_stm32f40_41xxx.o(.text)
    SPI1_IRQHandler                          0x08005047   Thumb Code     0  startup_stm32f40_41xxx.o(.text)
    SPI2_IRQHandler                          0x08005047   Thumb Code     0  startup_stm32f40_41xxx.o(.text)
    SPI3_IRQHandler                          0x08005047   Thumb Code     0  startup_stm32f40_41xxx.o(.text)
    TAMP_STAMP_IRQHandler                    0x08005047   Thumb Code     0  startup_stm32f40_41xxx.o(.text)
    TIM1_BRK_TIM9_IRQHandler                 0x08005047   Thumb Code     0  startup_stm32f40_41xxx.o(.text)
    TIM1_CC_IRQHandler                       0x08005047   Thumb Code     0  startup_stm32f40_41xxx.o(.text)
    TIM1_TRG_COM_TIM11_IRQHandler            0x08005047   Thumb Code     0  startup_stm32f40_41xxx.o(.text)
    TIM1_UP_TIM10_IRQHandler                 0x08005047   Thumb Code     0  startup_stm32f40_41xxx.o(.text)
    TIM2_IRQHandler                          0x08005047   Thumb Code     0  startup_stm32f40_41xxx.o(.text)
    TIM4_IRQHandler                          0x08005047   Thumb Code     0  startup_stm32f40_41xxx.o(.text)
    TIM5_IRQHandler                          0x08005047   Thumb Code     0  startup_stm32f40_41xxx.o(.text)
    TIM6_DAC_IRQHandler                      0x08005047   Thumb Code     0  startup_stm32f40_41xxx.o(.text)
    TIM7_IRQHandler                          0x08005047   Thumb Code     0  startup_stm32f40_41xxx.o(.text)
    TIM8_BRK_TIM12_IRQHandler                0x08005047   Thumb Code     0  startup_stm32f40_41xxx.o(.text)
    TIM8_CC_IRQHandler                       0x08005047   Thumb Code     0  startup_stm32f40_41xxx.o(.text)
    TIM8_TRG_COM_TIM14_IRQHandler            0x08005047   Thumb Code     0  startup_stm32f40_41xxx.o(.text)
    TIM8_UP_TIM13_IRQHandler                 0x08005047   Thumb Code     0  startup_stm32f40_41xxx.o(.text)
    UART4_IRQHandler                         0x08005047   Thumb Code     0  startup_stm32f40_41xxx.o(.text)
    UART5_IRQHandler                         0x08005047   Thumb Code     0  startup_stm32f40_41xxx.o(.text)
    USART2_IRQHandler                        0x08005047   Thumb Code     0  startup_stm32f40_41xxx.o(.text)
    USART3_IRQHandler                        0x08005047   Thumb Code     0  startup_stm32f40_41xxx.o(.text)
    USART6_IRQHandler                        0x08005047   Thumb Code     0  startup_stm32f40_41xxx.o(.text)
    WWDG_IRQHandler                          0x08005047   Thumb Code     0  startup_stm32f40_41xxx.o(.text)
    __user_initial_stackheap                 0x08005049   Thumb Code     0  startup_stm32f40_41xxx.o(.text)
    NVIC_PriorityGroupConfig                 0x0800506d   Thumb Code    10  misc.o(.text)
    NVIC_Init                                0x08005077   Thumb Code   106  misc.o(.text)
    NVIC_SetVectorTable                      0x080050e1   Thumb Code    14  misc.o(.text)
    NVIC_SystemLPConfig                      0x080050ef   Thumb Code    34  misc.o(.text)
    SysTick_CLKSourceConfig                  0x08005111   Thumb Code    40  misc.o(.text)
    GPIO_DeInit                              0x0800514d   Thumb Code   268  stm32f4xx_gpio.o(.text)
    GPIO_Init                                0x08005259   Thumb Code   144  stm32f4xx_gpio.o(.text)
    GPIO_StructInit                          0x080052e9   Thumb Code    18  stm32f4xx_gpio.o(.text)
    GPIO_PinLockConfig                       0x080052fb   Thumb Code    34  stm32f4xx_gpio.o(.text)
    GPIO_ReadInputDataBit                    0x0800531d   Thumb Code    18  stm32f4xx_gpio.o(.text)
    GPIO_ReadInputData                       0x0800532f   Thumb Code     8  stm32f4xx_gpio.o(.text)
    GPIO_ReadOutputDataBit                   0x08005337   Thumb Code    18  stm32f4xx_gpio.o(.text)
    GPIO_ReadOutputData                      0x08005349   Thumb Code     8  stm32f4xx_gpio.o(.text)
    GPIO_SetBits                             0x08005351   Thumb Code     4  stm32f4xx_gpio.o(.text)
    GPIO_ResetBits                           0x08005355   Thumb Code     4  stm32f4xx_gpio.o(.text)
    GPIO_WriteBit                            0x08005359   Thumb Code    10  stm32f4xx_gpio.o(.text)
    GPIO_Write                               0x08005363   Thumb Code     4  stm32f4xx_gpio.o(.text)
    GPIO_ToggleBits                          0x08005367   Thumb Code     8  stm32f4xx_gpio.o(.text)
    GPIO_PinAFConfig                         0x0800536f   Thumb Code    70  stm32f4xx_gpio.o(.text)
    FSMC_NORSRAMDeInit                       0x080053e1   Thumb Code    54  stm32f4xx_fsmc.o(.text)
    FSMC_NORSRAMInit                         0x08005417   Thumb Code   230  stm32f4xx_fsmc.o(.text)
    FSMC_NORSRAMStructInit                   0x080054fd   Thumb Code    48  stm32f4xx_fsmc.o(.text)
    FSMC_NORSRAMCmd                          0x0800552d   Thumb Code    46  stm32f4xx_fsmc.o(.text)
    FSMC_NANDDeInit                          0x0800555b   Thumb Code    62  stm32f4xx_fsmc.o(.text)
    FSMC_NANDInit                            0x08005599   Thumb Code   132  stm32f4xx_fsmc.o(.text)
    FSMC_NANDStructInit                      0x0800561d   Thumb Code    54  stm32f4xx_fsmc.o(.text)
    FSMC_NANDCmd                             0x08005653   Thumb Code    86  stm32f4xx_fsmc.o(.text)
    FSMC_NANDECCCmd                          0x080056a9   Thumb Code    86  stm32f4xx_fsmc.o(.text)
    FSMC_GetECC                              0x080056ff   Thumb Code    24  stm32f4xx_fsmc.o(.text)
    FSMC_PCCARDDeInit                        0x08005717   Thumb Code    36  stm32f4xx_fsmc.o(.text)
    FSMC_PCCARDInit                          0x0800573b   Thumb Code   130  stm32f4xx_fsmc.o(.text)
    FSMC_PCCARDStructInit                    0x080057bd   Thumb Code    60  stm32f4xx_fsmc.o(.text)
    FSMC_PCCARDCmd                           0x080057f9   Thumb Code    44  stm32f4xx_fsmc.o(.text)
    FSMC_ITConfig                            0x08005825   Thumb Code   128  stm32f4xx_fsmc.o(.text)
    FSMC_GetFlagStatus                       0x080058a5   Thumb Code    54  stm32f4xx_fsmc.o(.text)
    FSMC_ClearFlag                           0x080058db   Thumb Code    74  stm32f4xx_fsmc.o(.text)
    FSMC_GetITStatus                         0x08005925   Thumb Code    62  stm32f4xx_fsmc.o(.text)
    FSMC_ClearITPendingBit                   0x08005963   Thumb Code    66  stm32f4xx_fsmc.o(.text)
    RCC_DeInit                               0x080059a9   Thumb Code    82  stm32f4xx_rcc.o(.text)
    RCC_HSEConfig                            0x080059fb   Thumb Code    14  stm32f4xx_rcc.o(.text)
    RCC_GetFlagStatus                        0x08005a09   Thumb Code    60  stm32f4xx_rcc.o(.text)
    RCC_WaitForHSEStartUp                    0x08005a45   Thumb Code    56  stm32f4xx_rcc.o(.text)
    RCC_AdjustHSICalibrationValue            0x08005a7d   Thumb Code    20  stm32f4xx_rcc.o(.text)
    RCC_HSICmd                               0x08005a91   Thumb Code     6  stm32f4xx_rcc.o(.text)
    RCC_LSEConfig                            0x08005a97   Thumb Code    46  stm32f4xx_rcc.o(.text)
    RCC_LSICmd                               0x08005ac5   Thumb Code     6  stm32f4xx_rcc.o(.text)
    RCC_PLLConfig                            0x08005acb   Thumb Code    32  stm32f4xx_rcc.o(.text)
    RCC_PLLCmd                               0x08005aeb   Thumb Code     6  stm32f4xx_rcc.o(.text)
    RCC_PLLI2SConfig                         0x08005af1   Thumb Code    14  stm32f4xx_rcc.o(.text)
    RCC_PLLI2SCmd                            0x08005aff   Thumb Code     6  stm32f4xx_rcc.o(.text)
    RCC_PLLSAIConfig                         0x08005b05   Thumb Code    20  stm32f4xx_rcc.o(.text)
    RCC_PLLSAICmd                            0x08005b19   Thumb Code     6  stm32f4xx_rcc.o(.text)
    RCC_ClockSecuritySystemCmd               0x08005b1f   Thumb Code     6  stm32f4xx_rcc.o(.text)
    RCC_MCO1Config                           0x08005b25   Thumb Code    28  stm32f4xx_rcc.o(.text)
    RCC_MCO2Config                           0x08005b41   Thumb Code    28  stm32f4xx_rcc.o(.text)
    RCC_SYSCLKConfig                         0x08005b5d   Thumb Code    20  stm32f4xx_rcc.o(.text)
    RCC_GetSYSCLKSource                      0x08005b71   Thumb Code    12  stm32f4xx_rcc.o(.text)
    RCC_HCLKConfig                           0x08005b7d   Thumb Code    20  stm32f4xx_rcc.o(.text)
    RCC_PCLK1Config                          0x08005b91   Thumb Code    20  stm32f4xx_rcc.o(.text)
    RCC_PCLK2Config                          0x08005ba5   Thumb Code    22  stm32f4xx_rcc.o(.text)
    RCC_GetClocksFreq                        0x08005bbb   Thumb Code   222  stm32f4xx_rcc.o(.text)
    RCC_RTCCLKConfig                         0x08005c99   Thumb Code    54  stm32f4xx_rcc.o(.text)
    RCC_RTCCLKCmd                            0x08005ccf   Thumb Code     8  stm32f4xx_rcc.o(.text)
    RCC_BackupResetCmd                       0x08005cd7   Thumb Code     8  stm32f4xx_rcc.o(.text)
    RCC_I2SCLKConfig                         0x08005cdf   Thumb Code     6  stm32f4xx_rcc.o(.text)
    RCC_SAIPLLI2SClkDivConfig                0x08005ce5   Thumb Code    26  stm32f4xx_rcc.o(.text)
    RCC_SAIPLLSAIClkDivConfig                0x08005cff   Thumb Code    28  stm32f4xx_rcc.o(.text)
    RCC_SAIBlockACLKConfig                   0x08005d1b   Thumb Code    20  stm32f4xx_rcc.o(.text)
    RCC_SAIBlockBCLKConfig                   0x08005d2f   Thumb Code    20  stm32f4xx_rcc.o(.text)
    RCC_LTDCCLKDivConfig                     0x08005d43   Thumb Code    20  stm32f4xx_rcc.o(.text)
    RCC_TIMCLKPresConfig                     0x08005d57   Thumb Code     6  stm32f4xx_rcc.o(.text)
    RCC_AHB1PeriphClockCmd                   0x08005d5d   Thumb Code    34  stm32f4xx_rcc.o(.text)
    RCC_AHB2PeriphClockCmd                   0x08005d7f   Thumb Code    78  stm32f4xx_rcc.o(.text)
    RCC_AHB3PeriphClockCmd                   0x08005dcd   Thumb Code    34  stm32f4xx_rcc.o(.text)
    RCC_APB1PeriphClockCmd                   0x08005def   Thumb Code    34  stm32f4xx_rcc.o(.text)
    RCC_APB2PeriphClockCmd                   0x08005e11   Thumb Code    34  stm32f4xx_rcc.o(.text)
    RCC_AHB1PeriphResetCmd                   0x08005e33   Thumb Code    34  stm32f4xx_rcc.o(.text)
    RCC_AHB2PeriphResetCmd                   0x08005e55   Thumb Code    34  stm32f4xx_rcc.o(.text)
    RCC_AHB3PeriphResetCmd                   0x08005e77   Thumb Code    34  stm32f4xx_rcc.o(.text)
    RCC_APB1PeriphResetCmd                   0x08005e99   Thumb Code    34  stm32f4xx_rcc.o(.text)
    RCC_APB2PeriphResetCmd                   0x08005ebb   Thumb Code    34  stm32f4xx_rcc.o(.text)
    RCC_AHB1PeriphClockLPModeCmd             0x08005edd   Thumb Code    34  stm32f4xx_rcc.o(.text)
    RCC_AHB2PeriphClockLPModeCmd             0x08005eff   Thumb Code    34  stm32f4xx_rcc.o(.text)
    RCC_AHB3PeriphClockLPModeCmd             0x08005f21   Thumb Code    34  stm32f4xx_rcc.o(.text)
    RCC_APB1PeriphClockLPModeCmd             0x08005f43   Thumb Code    34  stm32f4xx_rcc.o(.text)
    RCC_APB2PeriphClockLPModeCmd             0x08005f65   Thumb Code    34  stm32f4xx_rcc.o(.text)
    RCC_LSEModeConfig                        0x08005f87   Thumb Code    40  stm32f4xx_rcc.o(.text)
    RCC_ITConfig                             0x08005faf   Thumb Code    34  stm32f4xx_rcc.o(.text)
    RCC_ClearFlag                            0x08005fd1   Thumb Code    18  stm32f4xx_rcc.o(.text)
    RCC_GetITStatus                          0x08005fe3   Thumb Code    22  stm32f4xx_rcc.o(.text)
    RCC_ClearITPendingBit                    0x08005ff9   Thumb Code     8  stm32f4xx_rcc.o(.text)
    USART_DeInit                             0x08006005   Thumb Code   206  stm32f4xx_usart.o(.text)
    USART_Init                               0x080060d3   Thumb Code   204  stm32f4xx_usart.o(.text)
    USART_StructInit                         0x0800619f   Thumb Code    24  stm32f4xx_usart.o(.text)
    USART_ClockInit                          0x080061b7   Thumb Code    32  stm32f4xx_usart.o(.text)
    USART_ClockStructInit                    0x080061d7   Thumb Code    12  stm32f4xx_usart.o(.text)
    USART_Cmd                                0x080061e3   Thumb Code    24  stm32f4xx_usart.o(.text)
    USART_SetPrescaler                       0x080061fb   Thumb Code    16  stm32f4xx_usart.o(.text)
    USART_OverSampling8Cmd                   0x0800620b   Thumb Code    22  stm32f4xx_usart.o(.text)
    USART_OneBitMethodCmd                    0x08006221   Thumb Code    24  stm32f4xx_usart.o(.text)
    USART_SendData                           0x08006239   Thumb Code     8  stm32f4xx_usart.o(.text)
    USART_ReceiveData                        0x08006241   Thumb Code    10  stm32f4xx_usart.o(.text)
    USART_SetAddress                         0x0800624b   Thumb Code    18  stm32f4xx_usart.o(.text)
    USART_ReceiverWakeUpCmd                  0x0800625d   Thumb Code    24  stm32f4xx_usart.o(.text)
    USART_WakeUpConfig                       0x08006275   Thumb Code    18  stm32f4xx_usart.o(.text)
    USART_LINBreakDetectLengthConfig         0x08006287   Thumb Code    18  stm32f4xx_usart.o(.text)
    USART_LINCmd                             0x08006299   Thumb Code    24  stm32f4xx_usart.o(.text)
    USART_SendBreak                          0x080062b1   Thumb Code    10  stm32f4xx_usart.o(.text)
    USART_HalfDuplexCmd                      0x080062bb   Thumb Code    24  stm32f4xx_usart.o(.text)
    USART_SetGuardTime                       0x080062d3   Thumb Code    16  stm32f4xx_usart.o(.text)
    USART_SmartCardCmd                       0x080062e3   Thumb Code    24  stm32f4xx_usart.o(.text)
    USART_SmartCardNACKCmd                   0x080062fb   Thumb Code    24  stm32f4xx_usart.o(.text)
    USART_IrDAConfig                         0x08006313   Thumb Code    18  stm32f4xx_usart.o(.text)
    USART_IrDACmd                            0x08006325   Thumb Code    24  stm32f4xx_usart.o(.text)
    USART_DMACmd                             0x0800633d   Thumb Code    18  stm32f4xx_usart.o(.text)
    USART_ITConfig                           0x0800634f   Thumb Code    74  stm32f4xx_usart.o(.text)
    USART_GetFlagStatus                      0x08006399   Thumb Code    26  stm32f4xx_usart.o(.text)
    USART_ClearFlag                          0x080063b3   Thumb Code    18  stm32f4xx_usart.o(.text)
    USART_GetITStatus                        0x080063c5   Thumb Code   118  stm32f4xx_usart.o(.text)
    USART_ClearITPendingBit                  0x0800643b   Thumb Code    30  stm32f4xx_usart.o(.text)
    TIM_DeInit                               0x08006459   Thumb Code   346  stm32f4xx_tim.o(.text)
    TIM_TimeBaseInit                         0x080065b3   Thumb Code   104  stm32f4xx_tim.o(.text)
    TIM_TimeBaseStructInit                   0x0800661b   Thumb Code    18  stm32f4xx_tim.o(.text)
    TIM_PrescalerConfig                      0x0800662d   Thumb Code     6  stm32f4xx_tim.o(.text)
    TIM_CounterModeConfig                    0x08006633   Thumb Code    18  stm32f4xx_tim.o(.text)
    TIM_SetCounter                           0x08006645   Thumb Code     4  stm32f4xx_tim.o(.text)
    TIM_SetAutoreload                        0x08006649   Thumb Code     4  stm32f4xx_tim.o(.text)
    TIM_GetCounter                           0x0800664d   Thumb Code     6  stm32f4xx_tim.o(.text)
    TIM_GetPrescaler                         0x08006653   Thumb Code     6  stm32f4xx_tim.o(.text)
    TIM_UpdateDisableConfig                  0x08006659   Thumb Code    24  stm32f4xx_tim.o(.text)
    TIM_UpdateRequestConfig                  0x08006671   Thumb Code    24  stm32f4xx_tim.o(.text)
    TIM_ARRPreloadConfig                     0x08006689   Thumb Code    24  stm32f4xx_tim.o(.text)
    TIM_SelectOnePulseMode                   0x080066a1   Thumb Code    18  stm32f4xx_tim.o(.text)
    TIM_SetClockDivision                     0x080066b3   Thumb Code    18  stm32f4xx_tim.o(.text)
    TIM_Cmd                                  0x080066c5   Thumb Code    24  stm32f4xx_tim.o(.text)
    TIM_OC1Init                              0x080066dd   Thumb Code   114  stm32f4xx_tim.o(.text)
    TIM_OC2Init                              0x0800674f   Thumb Code   154  stm32f4xx_tim.o(.text)
    TIM_OC3Init                              0x080067e9   Thumb Code   204  stm32f4xx_tim.o(.text)
    TIM_OC4Init                              0x080068b5   Thumb Code   112  stm32f4xx_tim.o(.text)
    TIM_OCStructInit                         0x08006925   Thumb Code    20  stm32f4xx_tim.o(.text)
    TIM_SelectOCxM                           0x08006939   Thumb Code    86  stm32f4xx_tim.o(.text)
    TIM_SetCompare1                          0x0800698f   Thumb Code     4  stm32f4xx_tim.o(.text)
    TIM_SetCompare2                          0x08006993   Thumb Code     4  stm32f4xx_tim.o(.text)
    TIM_SetCompare3                          0x08006997   Thumb Code     4  stm32f4xx_tim.o(.text)
    TIM_SetCompare4                          0x0800699b   Thumb Code     4  stm32f4xx_tim.o(.text)
    TIM_ForcedOC1Config                      0x0800699f   Thumb Code    18  stm32f4xx_tim.o(.text)
    TIM_ForcedOC2Config                      0x080069b1   Thumb Code    26  stm32f4xx_tim.o(.text)
    TIM_ForcedOC3Config                      0x080069cb   Thumb Code    18  stm32f4xx_tim.o(.text)
    TIM_ForcedOC4Config                      0x080069dd   Thumb Code    26  stm32f4xx_tim.o(.text)
    TIM_OC1PreloadConfig                     0x080069f7   Thumb Code    18  stm32f4xx_tim.o(.text)
    TIM_OC2PreloadConfig                     0x08006a09   Thumb Code    26  stm32f4xx_tim.o(.text)
    TIM_OC3PreloadConfig                     0x08006a23   Thumb Code    18  stm32f4xx_tim.o(.text)
    TIM_OC4PreloadConfig                     0x08006a35   Thumb Code    26  stm32f4xx_tim.o(.text)
    TIM_OC1FastConfig                        0x08006a4f   Thumb Code    18  stm32f4xx_tim.o(.text)
    TIM_OC2FastConfig                        0x08006a61   Thumb Code    26  stm32f4xx_tim.o(.text)
    TIM_OC3FastConfig                        0x08006a7b   Thumb Code    18  stm32f4xx_tim.o(.text)
    TIM_OC4FastConfig                        0x08006a8d   Thumb Code    26  stm32f4xx_tim.o(.text)
    TIM_ClearOC1Ref                          0x08006aa7   Thumb Code    18  stm32f4xx_tim.o(.text)
    TIM_ClearOC2Ref                          0x08006ab9   Thumb Code    24  stm32f4xx_tim.o(.text)
    TIM_ClearOC3Ref                          0x08006ad1   Thumb Code    18  stm32f4xx_tim.o(.text)
    TIM_ClearOC4Ref                          0x08006ae3   Thumb Code    24  stm32f4xx_tim.o(.text)
    TIM_OC1PolarityConfig                    0x08006afb   Thumb Code    18  stm32f4xx_tim.o(.text)
    TIM_OC1NPolarityConfig                   0x08006b0d   Thumb Code    18  stm32f4xx_tim.o(.text)
    TIM_OC2PolarityConfig                    0x08006b1f   Thumb Code    26  stm32f4xx_tim.o(.text)
    TIM_OC2NPolarityConfig                   0x08006b39   Thumb Code    26  stm32f4xx_tim.o(.text)
    TIM_OC3PolarityConfig                    0x08006b53   Thumb Code    26  stm32f4xx_tim.o(.text)
    TIM_OC3NPolarityConfig                   0x08006b6d   Thumb Code    26  stm32f4xx_tim.o(.text)
    TIM_OC4PolarityConfig                    0x08006b87   Thumb Code    26  stm32f4xx_tim.o(.text)
    TIM_CCxCmd                               0x08006ba1   Thumb Code    30  stm32f4xx_tim.o(.text)
    TIM_CCxNCmd                              0x08006bbf   Thumb Code    30  stm32f4xx_tim.o(.text)
    TIM_SetIC4Prescaler                      0x08006bdd   Thumb Code    26  stm32f4xx_tim.o(.text)
    TIM_SetIC3Prescaler                      0x08006c47   Thumb Code    18  stm32f4xx_tim.o(.text)
    TIM_SetIC2Prescaler                      0x08006ca1   Thumb Code    26  stm32f4xx_tim.o(.text)
    TIM_SetIC1Prescaler                      0x08006d15   Thumb Code    18  stm32f4xx_tim.o(.text)
    TIM_ICInit                               0x08006d61   Thumb Code   110  stm32f4xx_tim.o(.text)
    TIM_ICStructInit                         0x08006dcf   Thumb Code    18  stm32f4xx_tim.o(.text)
    TIM_PWMIConfig                           0x08006de1   Thumb Code   124  stm32f4xx_tim.o(.text)
    TIM_GetCapture1                          0x08006e5d   Thumb Code     6  stm32f4xx_tim.o(.text)
    TIM_GetCapture2                          0x08006e63   Thumb Code     6  stm32f4xx_tim.o(.text)
    TIM_GetCapture3                          0x08006e69   Thumb Code     6  stm32f4xx_tim.o(.text)
    TIM_GetCapture4                          0x08006e6f   Thumb Code     6  stm32f4xx_tim.o(.text)
    TIM_BDTRConfig                           0x08006e75   Thumb Code    32  stm32f4xx_tim.o(.text)
    TIM_BDTRStructInit                       0x08006e95   Thumb Code    18  stm32f4xx_tim.o(.text)
    TIM_CtrlPWMOutputs                       0x08006ea7   Thumb Code    30  stm32f4xx_tim.o(.text)
    TIM_SelectCOM                            0x08006ec5   Thumb Code    24  stm32f4xx_tim.o(.text)
    TIM_CCPreloadControl                     0x08006edd   Thumb Code    24  stm32f4xx_tim.o(.text)
    TIM_ITConfig                             0x08006ef5   Thumb Code    18  stm32f4xx_tim.o(.text)
    TIM_GenerateEvent                        0x08006f07   Thumb Code     4  stm32f4xx_tim.o(.text)
    TIM_GetFlagStatus                        0x08006f0b   Thumb Code    18  stm32f4xx_tim.o(.text)
    TIM_ClearFlag                            0x08006f1d   Thumb Code     6  stm32f4xx_tim.o(.text)
    TIM_GetITStatus                          0x08006f23   Thumb Code    34  stm32f4xx_tim.o(.text)
    TIM_ClearITPendingBit                    0x08006f45   Thumb Code     6  stm32f4xx_tim.o(.text)
    TIM_DMAConfig                            0x08006f4b   Thumb Code    10  stm32f4xx_tim.o(.text)
    TIM_DMACmd                               0x08006f55   Thumb Code    18  stm32f4xx_tim.o(.text)
    TIM_SelectCCDMA                          0x08006f67   Thumb Code    24  stm32f4xx_tim.o(.text)
    TIM_InternalClockConfig                  0x08006f7f   Thumb Code    12  stm32f4xx_tim.o(.text)
    TIM_SelectInputTrigger                   0x08006f8b   Thumb Code    18  stm32f4xx_tim.o(.text)
    TIM_ITRxExternalClockConfig              0x08006f9d   Thumb Code    24  stm32f4xx_tim.o(.text)
    TIM_TIxExternalClockConfig               0x08006fb5   Thumb Code    62  stm32f4xx_tim.o(.text)
    TIM_ETRConfig                            0x08006ff3   Thumb Code    28  stm32f4xx_tim.o(.text)
    TIM_ETRClockMode1Config                  0x0800700f   Thumb Code    54  stm32f4xx_tim.o(.text)
    TIM_ETRClockMode2Config                  0x08007045   Thumb Code    32  stm32f4xx_tim.o(.text)
    TIM_SelectOutputTrigger                  0x08007065   Thumb Code    18  stm32f4xx_tim.o(.text)
    TIM_SelectSlaveMode                      0x08007077   Thumb Code    18  stm32f4xx_tim.o(.text)
    TIM_SelectMasterSlaveMode                0x08007089   Thumb Code    18  stm32f4xx_tim.o(.text)
    TIM_EncoderInterfaceConfig               0x0800709b   Thumb Code    66  stm32f4xx_tim.o(.text)
    TIM_SelectHallSensor                     0x080070dd   Thumb Code    24  stm32f4xx_tim.o(.text)
    TIM_RemapConfig                          0x080070f5   Thumb Code     6  stm32f4xx_tim.o(.text)
    ADC_DeInit                               0x080070fd   Thumb Code    22  stm32f4xx_adc.o(.text)
    ADC_Init                                 0x08007113   Thumb Code    74  stm32f4xx_adc.o(.text)
    ADC_StructInit                           0x0800715d   Thumb Code    20  stm32f4xx_adc.o(.text)
    ADC_CommonInit                           0x08007171   Thumb Code    34  stm32f4xx_adc.o(.text)
    ADC_CommonStructInit                     0x08007193   Thumb Code    12  stm32f4xx_adc.o(.text)
    ADC_Cmd                                  0x0800719f   Thumb Code    22  stm32f4xx_adc.o(.text)
    ADC_AnalogWatchdogCmd                    0x080071b5   Thumb Code    16  stm32f4xx_adc.o(.text)
    ADC_AnalogWatchdogThresholdsConfig       0x080071c5   Thumb Code     6  stm32f4xx_adc.o(.text)
    ADC_AnalogWatchdogSingleChannelConfig    0x080071cb   Thumb Code    16  stm32f4xx_adc.o(.text)
    ADC_TempSensorVrefintCmd                 0x080071db   Thumb Code    34  stm32f4xx_adc.o(.text)
    ADC_VBATCmd                              0x080071fd   Thumb Code    34  stm32f4xx_adc.o(.text)
    ADC_RegularChannelConfig                 0x0800721f   Thumb Code   184  stm32f4xx_adc.o(.text)
    ADC_SoftwareStartConv                    0x080072d7   Thumb Code    10  stm32f4xx_adc.o(.text)
    ADC_GetSoftwareStartConvStatus           0x080072e1   Thumb Code    20  stm32f4xx_adc.o(.text)
    ADC_EOCOnEachRegularChannelCmd           0x080072f5   Thumb Code    22  stm32f4xx_adc.o(.text)
    ADC_ContinuousModeCmd                    0x0800730b   Thumb Code    22  stm32f4xx_adc.o(.text)
    ADC_DiscModeChannelCountConfig           0x08007321   Thumb Code    24  stm32f4xx_adc.o(.text)
    ADC_DiscModeCmd                          0x08007339   Thumb Code    22  stm32f4xx_adc.o(.text)
    ADC_GetConversionValue                   0x0800734f   Thumb Code     8  stm32f4xx_adc.o(.text)
    ADC_GetMultiModeConversionValue          0x08007357   Thumb Code     8  stm32f4xx_adc.o(.text)
    ADC_DMACmd                               0x0800735f   Thumb Code    22  stm32f4xx_adc.o(.text)
    ADC_DMARequestAfterLastTransferCmd       0x08007375   Thumb Code    22  stm32f4xx_adc.o(.text)
    ADC_MultiModeDMARequestAfterLastTransferCmd 0x0800738b   Thumb Code    34  stm32f4xx_adc.o(.text)
    ADC_InjectedChannelConfig                0x080073ad   Thumb Code   130  stm32f4xx_adc.o(.text)
    ADC_InjectedSequencerLengthConfig        0x0800742f   Thumb Code    24  stm32f4xx_adc.o(.text)
    ADC_SetInjectedOffset                    0x08007447   Thumb Code    20  stm32f4xx_adc.o(.text)
    ADC_ExternalTrigInjectedConvConfig       0x0800745b   Thumb Code    16  stm32f4xx_adc.o(.text)
    ADC_ExternalTrigInjectedConvEdgeConfig   0x0800746b   Thumb Code    16  stm32f4xx_adc.o(.text)
    ADC_SoftwareStartInjectedConv            0x0800747b   Thumb Code    10  stm32f4xx_adc.o(.text)
    ADC_GetSoftwareStartInjectedConvCmdStatus 0x08007485   Thumb Code    20  stm32f4xx_adc.o(.text)
    ADC_AutoInjectedConvCmd                  0x08007499   Thumb Code    22  stm32f4xx_adc.o(.text)
    ADC_InjectedDiscModeCmd                  0x080074af   Thumb Code    22  stm32f4xx_adc.o(.text)
    ADC_GetInjectedConversionValue           0x080074c5   Thumb Code    28  stm32f4xx_adc.o(.text)
    ADC_ITConfig                             0x080074e1   Thumb Code    56  stm32f4xx_adc.o(.text)
    ADC_GetFlagStatus                        0x08007519   Thumb Code    18  stm32f4xx_adc.o(.text)
    ADC_ClearFlag                            0x0800752b   Thumb Code     6  stm32f4xx_adc.o(.text)
    ADC_GetITStatus                          0x08007531   Thumb Code    38  stm32f4xx_adc.o(.text)
    ADC_ClearITPendingBit                    0x08007557   Thumb Code    10  stm32f4xx_adc.o(.text)
    DAC_DeInit                               0x08007561   Thumb Code    22  stm32f4xx_dac.o(.text)
    DAC_Init                                 0x08007577   Thumb Code    46  stm32f4xx_dac.o(.text)
    DAC_StructInit                           0x080075a5   Thumb Code    12  stm32f4xx_dac.o(.text)
    DAC_Cmd                                  0x080075b1   Thumb Code    34  stm32f4xx_dac.o(.text)
    DAC_SoftwareTriggerCmd                   0x080075d3   Thumb Code    48  stm32f4xx_dac.o(.text)
    DAC_DualSoftwareTriggerCmd               0x08007603   Thumb Code    38  stm32f4xx_dac.o(.text)
    DAC_WaveGenerationCmd                    0x08007629   Thumb Code    36  stm32f4xx_dac.o(.text)
    DAC_SetChannel1Data                      0x0800764d   Thumb Code    26  stm32f4xx_dac.o(.text)
    DAC_SetChannel2Data                      0x08007667   Thumb Code    26  stm32f4xx_dac.o(.text)
    DAC_SetDualChannelData                   0x08007681   Thumb Code    32  stm32f4xx_dac.o(.text)
    DAC_GetDataOutputValue                   0x080076a1   Thumb Code    32  stm32f4xx_dac.o(.text)
    DAC_DMACmd                               0x080076c1   Thumb Code    38  stm32f4xx_dac.o(.text)
    DAC_ITConfig                             0x080076e7   Thumb Code    36  stm32f4xx_dac.o(.text)
    DAC_GetFlagStatus                        0x0800770b   Thumb Code    28  stm32f4xx_dac.o(.text)
    DAC_ClearFlag                            0x08007727   Thumb Code    12  stm32f4xx_dac.o(.text)
    DAC_GetITStatus                          0x08007733   Thumb Code    44  stm32f4xx_dac.o(.text)
    DAC_ClearITPendingBit                    0x0800775f   Thumb Code    12  stm32f4xx_dac.o(.text)
    DMA_DeInit                               0x08007771   Thumb Code   324  stm32f4xx_dma.o(.text)
    DMA_Init                                 0x080078b5   Thumb Code    82  stm32f4xx_dma.o(.text)
    DMA_StructInit                           0x08007907   Thumb Code    34  stm32f4xx_dma.o(.text)
    DMA_Cmd                                  0x08007929   Thumb Code    22  stm32f4xx_dma.o(.text)
    DMA_PeriphIncOffsetSizeConfig            0x0800793f   Thumb Code    22  stm32f4xx_dma.o(.text)
    DMA_FlowControllerConfig                 0x08007955   Thumb Code    22  stm32f4xx_dma.o(.text)
    DMA_SetCurrDataCounter                   0x0800796b   Thumb Code     4  stm32f4xx_dma.o(.text)
    DMA_GetCurrDataCounter                   0x0800796f   Thumb Code     8  stm32f4xx_dma.o(.text)
    DMA_DoubleBufferModeConfig               0x08007977   Thumb Code    24  stm32f4xx_dma.o(.text)
    DMA_DoubleBufferModeCmd                  0x0800798f   Thumb Code    22  stm32f4xx_dma.o(.text)
    DMA_MemoryTargetConfig                   0x080079a5   Thumb Code    10  stm32f4xx_dma.o(.text)
    DMA_GetCurrentMemoryTarget               0x080079af   Thumb Code    20  stm32f4xx_dma.o(.text)
    DMA_GetCmdStatus                         0x080079c3   Thumb Code    20  stm32f4xx_dma.o(.text)
    DMA_GetFIFOStatus                        0x080079d7   Thumb Code    12  stm32f4xx_dma.o(.text)
    DMA_GetFlagStatus                        0x080079e3   Thumb Code    56  stm32f4xx_dma.o(.text)
    DMA_ClearFlag                            0x08007a1b   Thumb Code    40  stm32f4xx_dma.o(.text)
    DMA_ITConfig                             0x08007a43   Thumb Code    58  stm32f4xx_dma.o(.text)
    DMA_GetITStatus                          0x08007a7d   Thumb Code    84  stm32f4xx_dma.o(.text)
    DMA_ClearITPendingBit                    0x08007ad1   Thumb Code    40  stm32f4xx_dma.o(.text)
    arm_cmplx_mag_f32                        0x08007b19   Thumb Code   236  arm_cmplx_mag_f32.o(.text)
    arm_radix4_butterfly_f32                 0x08007c09   Thumb Code   800  arm_cfft_radix4_f32.o(.text)
    arm_radix4_butterfly_inverse_f32         0x08007f29   Thumb Code   836  arm_cfft_radix4_f32.o(.text)
    arm_cfft_radix4_f32                      0x0800826d   Thumb Code    60  arm_cfft_radix4_f32.o(.text)
    arm_cfft_radix4_init_f32                 0x080082a9   Thumb Code   146  arm_cfft_radix4_init_f32.o(.text)
    arm_var_f32                              0x08008369   Thumb Code   268  arm_var_f32.o(.text)
    arm_bitreversal_f32                      0x08008479   Thumb Code   178  arm_bitreversal.o(.text)
    arm_bitreversal_q31                      0x0800852b   Thumb Code   180  arm_bitreversal.o(.text)
    arm_bitreversal_q15                      0x080085df   Thumb Code   128  arm_bitreversal.o(.text)
    __use_no_semihosting                     0x0800865f   Thumb Code     2  use_no_semi_2.o(.text)
    __2printf                                0x08008661   Thumb Code    20  noretval__2printf.o(.text)
    __2sprintf                               0x08008679   Thumb Code    34  noretval__2sprintf.o(.text)
    _printf_int_dec                          0x080086a1   Thumb Code   104  _printf_dec.o(.text)
    _printf_int_hex                          0x08008719   Thumb Code    84  _printf_hex_int.o(.text)
    _printf_longlong_hex                     0x08008719   Thumb Code     0  _printf_hex_int.o(.text)
    __printf                                 0x08008771   Thumb Code   308  __printf_flags_wp.o(.text)
    __aeabi_memclr4                          0x080088a9   Thumb Code     0  rt_memclr_w.o(.text)
    __aeabi_memclr8                          0x080088a9   Thumb Code     0  rt_memclr_w.o(.text)
    __rt_memclr_w                            0x080088a9   Thumb Code    78  rt_memclr_w.o(.text)
    _memset_w                                0x080088ad   Thumb Code     0  rt_memclr_w.o(.text)
    __use_two_region_memory                  0x080088f7   Thumb Code     2  heapauxi.o(.text)
    __rt_heap_escrow$2region                 0x080088f9   Thumb Code     2  heapauxi.o(.text)
    __rt_heap_expand$2region                 0x080088fb   Thumb Code     2  heapauxi.o(.text)
    __I$use$semihosting                      0x080088fd   Thumb Code     0  use_no_semi.o(.text)
    __use_no_semihosting_swi                 0x080088fd   Thumb Code     2  use_no_semi.o(.text)
    __read_errno                             0x080088ff   Thumb Code    10  _rserrno.o(.text)
    __set_errno                              0x08008909   Thumb Code    12  _rserrno.o(.text)
    _printf_int_common                       0x08008915   Thumb Code   178  _printf_intcommon.o(.text)
    __lib_sel_fp_printf                      0x080089c7   Thumb Code     2  _printf_fp_dec.o(.text)
    _printf_fp_dec_real                      0x08008b79   Thumb Code   620  _printf_fp_dec.o(.text)
    _printf_char_common                      0x08008def   Thumb Code    32  _printf_char_common.o(.text)
    _sputc                                   0x08008e15   Thumb Code    10  _sputc.o(.text)
    _printf_char_file                        0x08008e21   Thumb Code    32  _printf_char_file.o(.text)
    __rt_locale                              0x08008e45   Thumb Code     8  rt_locale_intlibspace.o(.text)
    __aeabi_errno_addr                       0x08008e4d   Thumb Code     8  rt_errno_addr_intlibspace.o(.text)
    __errno$intlibspace                      0x08008e4d   Thumb Code     0  rt_errno_addr_intlibspace.o(.text)
    __rt_errno_addr$intlibspace              0x08008e4d   Thumb Code     0  rt_errno_addr_intlibspace.o(.text)
    _ll_udiv10                               0x08008e55   Thumb Code   138  lludiv10.o(.text)
    _printf_fp_infnan                        0x08008ee1   Thumb Code   112  _printf_fp_infnan.o(.text)
    _btod_etento                             0x08008f61   Thumb Code   224  bigflt0.o(.text)
    ferror                                   0x08009045   Thumb Code     8  ferror.o(.text)
    __user_libspace                          0x0800904d   Thumb Code     8  libspace.o(.text)
    __user_perproc_libspace                  0x0800904d   Thumb Code     0  libspace.o(.text)
    __user_perthread_libspace                0x0800904d   Thumb Code     0  libspace.o(.text)
    __user_setup_stackheap                   0x08009055   Thumb Code    74  sys_stackheap_outer.o(.text)
    exit                                     0x0800909f   Thumb Code    18  exit.o(.text)
    strcmp                                   0x080090b1   Thumb Code   128  strcmpv7m.o(.text)
    _btod_d2e                                0x08009131   Thumb Code    62  btod.o(CL$$btod_d2e)
    _d2e_denorm_low                          0x0800916f   Thumb Code    70  btod.o(CL$$btod_d2e_denorm_low)
    _d2e_norm_op1                            0x080091b5   Thumb Code    96  btod.o(CL$$btod_d2e_norm_op1)
    __btod_div_common                        0x08009215   Thumb Code   696  btod.o(CL$$btod_div_common)
    _e2e                                     0x0800954d   Thumb Code   220  btod.o(CL$$btod_e2e)
    _btod_ediv                               0x08009629   Thumb Code    42  btod.o(CL$$btod_ediv)
    _btod_emul                               0x08009653   Thumb Code    42  btod.o(CL$$btod_emul)
    __btod_mult_common                       0x0800967d   Thumb Code   580  btod.o(CL$$btod_mult_common)
    __ARM_fpclassify                         0x080098c1   Thumb Code    48  fpclassify.o(i.__ARM_fpclassify)
    __hardfp_atan                            0x080098f1   Thumb Code   622  atan.o(i.__hardfp_atan)
    __hardfp_atan2                           0x08009bc9   Thumb Code   432  atan2.o(i.__hardfp_atan2)
    __hardfp_sin                             0x08009db9   Thumb Code   180  sin.o(i.__hardfp_sin)
    __ieee754_rem_pio2                       0x08009e81   Thumb Code   938  rred.o(i.__ieee754_rem_pio2)
    __kernel_cos                             0x0800a2b9   Thumb Code   322  cos_i.o(i.__kernel_cos)
    __kernel_poly                            0x0800a429   Thumb Code   248  poly.o(i.__kernel_poly)
    __kernel_sin                             0x0800a521   Thumb Code   280  sin_i.o(i.__kernel_sin)
    __mathlib_dbl_infnan                     0x0800a651   Thumb Code    20  dunder.o(i.__mathlib_dbl_infnan)
    __mathlib_dbl_infnan2                    0x0800a665   Thumb Code    20  dunder.o(i.__mathlib_dbl_infnan2)
    __mathlib_dbl_invalid                    0x0800a679   Thumb Code    24  dunder.o(i.__mathlib_dbl_invalid)
    __mathlib_dbl_underflow                  0x0800a699   Thumb Code    24  dunder.o(i.__mathlib_dbl_underflow)
    _is_digit                                0x0800a6b9   Thumb Code    14  __printf_wp.o(i._is_digit)
    atan                                     0x0800a6c7   Thumb Code    16  atan.o(i.atan)
    fabs                                     0x0800a6d7   Thumb Code    24  fabs.o(i.fabs)
    _get_lc_numeric                          0x0800a6f1   Thumb Code    44  lc_numeric_c.o(locale$$code)
    __aeabi_dneg                             0x0800a71d   Thumb Code     0  basic.o(x$fpl$basic)
    _dneg                                    0x0800a71d   Thumb Code     6  basic.o(x$fpl$basic)
    __aeabi_fneg                             0x0800a723   Thumb Code     0  basic.o(x$fpl$basic)
    _fneg                                    0x0800a723   Thumb Code     6  basic.o(x$fpl$basic)
    _dabs                                    0x0800a729   Thumb Code     6  basic.o(x$fpl$basic)
    _fabs                                    0x0800a72f   Thumb Code     6  basic.o(x$fpl$basic)
    __aeabi_d2f                              0x0800a735   Thumb Code     0  d2f.o(x$fpl$d2f)
    _d2f                                     0x0800a735   Thumb Code    98  d2f.o(x$fpl$d2f)
    __aeabi_dadd                             0x0800a799   Thumb Code     0  daddsub_clz.o(x$fpl$dadd)
    _dadd                                    0x0800a799   Thumb Code   332  daddsub_clz.o(x$fpl$dadd)
    __aeabi_ddiv                             0x0800a8e9   Thumb Code     0  ddiv.o(x$fpl$ddiv)
    _ddiv                                    0x0800a8e9   Thumb Code   552  ddiv.o(x$fpl$ddiv)
    __aeabi_d2iz                             0x0800ab99   Thumb Code     0  dfix.o(x$fpl$dfix)
    _dfix                                    0x0800ab99   Thumb Code    94  dfix.o(x$fpl$dfix)
    __aeabi_d2uiz                            0x0800abf9   Thumb Code     0  dfixu.o(x$fpl$dfixu)
    _dfixu                                   0x0800abf9   Thumb Code    90  dfixu.o(x$fpl$dfixu)
    __aeabi_i2d                              0x0800ac53   Thumb Code     0  dflt_clz.o(x$fpl$dflt)
    _dflt                                    0x0800ac53   Thumb Code    46  dflt_clz.o(x$fpl$dflt)
    __aeabi_ui2d                             0x0800ac81   Thumb Code     0  dflt_clz.o(x$fpl$dfltu)
    _dfltu                                   0x0800ac81   Thumb Code    38  dflt_clz.o(x$fpl$dfltu)
    __aeabi_dmul                             0x0800aca9   Thumb Code     0  dmul.o(x$fpl$dmul)
    _dmul                                    0x0800aca9   Thumb Code   332  dmul.o(x$fpl$dmul)
    __fpl_dnaninf                            0x0800adfd   Thumb Code   156  dnaninf.o(x$fpl$dnaninf)
    __fpl_dretinf                            0x0800ae99   Thumb Code    12  dretinf.o(x$fpl$dretinf)
    __aeabi_drsub                            0x0800aea5   Thumb Code     0  daddsub_clz.o(x$fpl$drsb)
    _drsb                                    0x0800aea5   Thumb Code    22  daddsub_clz.o(x$fpl$drsb)
    __aeabi_dsub                             0x0800aebd   Thumb Code     0  daddsub_clz.o(x$fpl$dsub)
    _dsub                                    0x0800aebd   Thumb Code   464  daddsub_clz.o(x$fpl$dsub)
    __aeabi_f2d                              0x0800b091   Thumb Code     0  f2d.o(x$fpl$f2d)
    _f2d                                     0x0800b091   Thumb Code    86  f2d.o(x$fpl$f2d)
    __fpl_fnaninf                            0x0800b0e7   Thumb Code   140  fnaninf.o(x$fpl$fnaninf)
    _fp_init                                 0x0800b173   Thumb Code    10  fpinit.o(x$fpl$fpinit)
    __fplib_config_fpu_vfp                   0x0800b17b   Thumb Code     0  fpinit.o(x$fpl$fpinit)
    __fplib_config_pureend_doubles           0x0800b17b   Thumb Code     0  fpinit.o(x$fpl$fpinit)
    __fpl_fretinf                            0x0800b17d   Thumb Code    10  fretinf.o(x$fpl$fretinf)
    _printf_fp_dec                           0x0800b187   Thumb Code     4  printf1.o(x$fpl$printf1)
    __I$use$fp                               0x0800b18a   Number         0  usenofp.o(x$fpl$usenofp)
    asc2_1206                                0x0800b18a   Data        1140  lcd.o(.constdata)
    asc2_1608                                0x0800b5fe   Data        1520  lcd.o(.constdata)
    asc2_2412                                0x0800bbee   Data        3420  lcd.o(.constdata)
    FSMC_DefaultTimingStruct                 0x0800c94c   Data          28  stm32f4xx_fsmc.o(.constdata)
    armBitRevTable                           0x0800c968   Data        2048  arm_common_tables.o(.constdata)
    twiddleCoef_4096                         0x0800d168   Data       32768  arm_common_tables.o(.constdata)
    __mathlib_zero                           0x08015270   Data           8  qnan.o(.constdata)
    Region$$Table$$Base                      0x080153fc   Number         0  anon$$obj.o(Region$$Table)
    Region$$Table$$Limit                     0x0801541c   Number         0  anon$$obj.o(Region$$Table)
    kaiser                                   0x20000000   Data        4096  main.o(.data)
    timeout                                  0x20001000   Data           1  main.o(.data)
    head                                     0x20001004   Data           4  main.o(.data)
    tail                                     0x20001008   Data           4  main.o(.data)
    i                                        0x2000100c   Data           4  main.o(.data)
    varResult                                0x20001010   Data           4  main.o(.data)
    SystemCoreClock                          0x20001024   Data           4  system_stm32f4xx.o(.data)
    AHBPrescTable                            0x20001028   Data          16  system_stm32f4xx.o(.data)
    POINT_COLOR                              0x20001038   Data           2  lcd.o(.data)
    BACK_COLOR                               0x2000103a   Data           2  lcd.o(.data)
    Sine12bit                                0x2000103e   Data         512  dac.o(.data)
    Sine12bit1                               0x2000123e   Data         512  dac.o(.data)
    __stdout                                 0x20001444   Data           4  usart.o(.data)
    USART_RX_STA                             0x20001448   Data           2  usart.o(.data)
    fft_inputbuf                             0x2000145c   Data        8192  main.o(.bss)
    fft_outputbuf                            0x2000345c   Data        4096  main.o(.bss)
    buffer                                   0x2000445c   Data          40  main.o(.bss)
    Freq_buffer                              0x20004484   Data          40  main.o(.bss)
    lcddev                                   0x200044ac   Data          14  lcd.o(.bss)
    USART_RX_BUF                             0x200044ba   Data         200  usart.o(.bss)
    __libspace_start                         0x20004584   Data          96  libspace.o(.bss)
    __temporary_stack_top$libspace           0x200045e4   Data           0  libspace.o(.bss)



==============================================================================

Memory Map of the image

  Image Entry point : 0x08000189

  Load Region LR_IROM1 (Base: 0x08000000, Size: 0x00016894, Max: 0x00100000, ABSOLUTE, COMPRESSED[0x000163e0])

    Execution Region ER_IROM1 (Exec base: 0x08000000, Load base: 0x08000000, Size: 0x00015438, Max: 0x00100000, ABSOLUTE)

    Exec Addr    Load Addr    Size         Type   Attr      Idx    E Section Name        Object

    0x08000000   0x08000000   0x00000188   Data   RO          495    RESET               startup_stm32f40_41xxx.o
    0x08000188   0x08000188   0x00000008   Code   RO          950  * !!!main             c_w.l(__main.o)
    0x08000190   0x08000190   0x00000034   Code   RO         1292    !!!scatter          c_w.l(__scatter.o)
    0x080001c4   0x080001c4   0x00000064   Code   RO         1290    !!dclz77c           c_w.l(__dclz77c.o)
    0x08000228   0x08000228   0x0000001c   Code   RO         1294    !!handler_zi        c_w.l(__scatter_zi.o)
    0x08000244   0x08000244   0x00000000   Code   RO          945    .ARM.Collect$$_printf_percent$$00000000  c_w.l(_printf_percent.o)
    0x08000244   0x08000244   0x00000006   Code   RO          944    .ARM.Collect$$_printf_percent$$00000003  c_w.l(_printf_f.o)
    0x0800024a   0x0800024a   0x00000006   Code   RO          943    .ARM.Collect$$_printf_percent$$00000009  c_w.l(_printf_d.o)
    0x08000250   0x08000250   0x00000006   Code   RO          942    .ARM.Collect$$_printf_percent$$0000000C  c_w.l(_printf_x.o)
    0x08000256   0x08000256   0x00000004   Code   RO         1013    .ARM.Collect$$_printf_percent$$00000017  c_w.l(_printf_percent_end.o)
    0x0800025a   0x0800025a   0x00000002   Code   RO         1167    .ARM.Collect$$libinit$$00000000  c_w.l(libinit.o)
    0x0800025c   0x0800025c   0x00000004   Code   RO         1168    .ARM.Collect$$libinit$$00000001  c_w.l(libinit2.o)
    0x08000260   0x08000260   0x00000000   Code   RO         1171    .ARM.Collect$$libinit$$00000004  c_w.l(libinit2.o)
    0x08000260   0x08000260   0x00000000   Code   RO         1174    .ARM.Collect$$libinit$$0000000A  c_w.l(libinit2.o)
    0x08000260   0x08000260   0x00000000   Code   RO         1176    .ARM.Collect$$libinit$$0000000C  c_w.l(libinit2.o)
    0x08000260   0x08000260   0x00000000   Code   RO         1178    .ARM.Collect$$libinit$$0000000E  c_w.l(libinit2.o)
    0x08000260   0x08000260   0x00000006   Code   RO         1179    .ARM.Collect$$libinit$$0000000F  c_w.l(libinit2.o)
    0x08000266   0x08000266   0x00000000   Code   RO         1181    .ARM.Collect$$libinit$$00000011  c_w.l(libinit2.o)
    0x08000266   0x08000266   0x00000000   Code   RO         1183    .ARM.Collect$$libinit$$00000013  c_w.l(libinit2.o)
    0x08000266   0x08000266   0x00000000   Code   RO         1185    .ARM.Collect$$libinit$$00000015  c_w.l(libinit2.o)
    0x08000266   0x08000266   0x0000000a   Code   RO         1186    .ARM.Collect$$libinit$$00000016  c_w.l(libinit2.o)
    0x08000270   0x08000270   0x00000000   Code   RO         1187    .ARM.Collect$$libinit$$00000017  c_w.l(libinit2.o)
    0x08000270   0x08000270   0x00000000   Code   RO         1189    .ARM.Collect$$libinit$$00000019  c_w.l(libinit2.o)
    0x08000270   0x08000270   0x00000000   Code   RO         1191    .ARM.Collect$$libinit$$0000001B  c_w.l(libinit2.o)
    0x08000270   0x08000270   0x00000000   Code   RO         1193    .ARM.Collect$$libinit$$0000001D  c_w.l(libinit2.o)
    0x08000270   0x08000270   0x00000000   Code   RO         1195    .ARM.Collect$$libinit$$0000001F  c_w.l(libinit2.o)
    0x08000270   0x08000270   0x00000000   Code   RO         1197    .ARM.Collect$$libinit$$00000021  c_w.l(libinit2.o)
    0x08000270   0x08000270   0x00000000   Code   RO         1199    .ARM.Collect$$libinit$$00000023  c_w.l(libinit2.o)
    0x08000270   0x08000270   0x00000000   Code   RO         1201    .ARM.Collect$$libinit$$00000025  c_w.l(libinit2.o)
    0x08000270   0x08000270   0x00000000   Code   RO         1205    .ARM.Collect$$libinit$$0000002C  c_w.l(libinit2.o)
    0x08000270   0x08000270   0x00000000   Code   RO         1207    .ARM.Collect$$libinit$$0000002E  c_w.l(libinit2.o)
    0x08000270   0x08000270   0x00000000   Code   RO         1209    .ARM.Collect$$libinit$$00000030  c_w.l(libinit2.o)
    0x08000270   0x08000270   0x00000000   Code   RO         1211    .ARM.Collect$$libinit$$00000032  c_w.l(libinit2.o)
    0x08000270   0x08000270   0x00000002   Code   RO         1212    .ARM.Collect$$libinit$$00000033  c_w.l(libinit2.o)
    0x08000272   0x08000272   0x00000002   Code   RO         1240    .ARM.Collect$$libshutdown$$00000000  c_w.l(libshutdown.o)
    0x08000274   0x08000274   0x00000000   Code   RO         1249    .ARM.Collect$$libshutdown$$00000002  c_w.l(libshutdown2.o)
    0x08000274   0x08000274   0x00000000   Code   RO         1251    .ARM.Collect$$libshutdown$$00000004  c_w.l(libshutdown2.o)
    0x08000274   0x08000274   0x00000000   Code   RO         1254    .ARM.Collect$$libshutdown$$00000007  c_w.l(libshutdown2.o)
    0x08000274   0x08000274   0x00000000   Code   RO         1257    .ARM.Collect$$libshutdown$$0000000A  c_w.l(libshutdown2.o)
    0x08000274   0x08000274   0x00000000   Code   RO         1259    .ARM.Collect$$libshutdown$$0000000C  c_w.l(libshutdown2.o)
    0x08000274   0x08000274   0x00000000   Code   RO         1262    .ARM.Collect$$libshutdown$$0000000F  c_w.l(libshutdown2.o)
    0x08000274   0x08000274   0x00000002   Code   RO         1263    .ARM.Collect$$libshutdown$$00000010  c_w.l(libshutdown2.o)
    0x08000276   0x08000276   0x00000000   Code   RO         1000    .ARM.Collect$$rtentry$$00000000  c_w.l(__rtentry.o)
    0x08000276   0x08000276   0x00000000   Code   RO         1081    .ARM.Collect$$rtentry$$00000002  c_w.l(__rtentry2.o)
    0x08000276   0x08000276   0x00000006   Code   RO         1093    .ARM.Collect$$rtentry$$00000004  c_w.l(__rtentry4.o)
    0x0800027c   0x0800027c   0x00000000   Code   RO         1083    .ARM.Collect$$rtentry$$00000009  c_w.l(__rtentry2.o)
    0x0800027c   0x0800027c   0x00000004   Code   RO         1084    .ARM.Collect$$rtentry$$0000000A  c_w.l(__rtentry2.o)
    0x08000280   0x08000280   0x00000000   Code   RO         1086    .ARM.Collect$$rtentry$$0000000C  c_w.l(__rtentry2.o)
    0x08000280   0x08000280   0x00000008   Code   RO         1087    .ARM.Collect$$rtentry$$0000000D  c_w.l(__rtentry2.o)
    0x08000288   0x08000288   0x00000002   Code   RO         1213    .ARM.Collect$$rtexit$$00000000  c_w.l(rtexit.o)
    0x0800028a   0x0800028a   0x00000000   Code   RO         1220    .ARM.Collect$$rtexit$$00000002  c_w.l(rtexit2.o)
    0x0800028a   0x0800028a   0x00000004   Code   RO         1221    .ARM.Collect$$rtexit$$00000003  c_w.l(rtexit2.o)
    0x0800028e   0x0800028e   0x00000006   Code   RO         1222    .ARM.Collect$$rtexit$$00000004  c_w.l(rtexit2.o)
    0x08000294   0x08000294   0x00000ae4   Code   RO            3    .text               main.o
    0x08000d78   0x08000d78   0x0000001a   Code   RO          186    .text               stm32f4xx_it.o
    0x08000d92   0x08000d92   0x00000002   PAD
    0x08000d94   0x08000d94   0x00000210   Code   RO          235    .text               system_stm32f4xx.o
    0x08000fa4   0x08000fa4   0x00000040   Code   RO          261    .text               led.o
    0x08000fe4   0x08000fe4   0x00003664   Code   RO          281    .text               lcd.o
    0x08004648   0x08004648   0x000000f8   Code   RO          319    .text               key.o
    0x08004740   0x08004740   0x00000084   Code   RO          340    .text               timer.o
    0x080047c4   0x080047c4   0x00000294   Code   RO          361    .text               dac.o
    0x08004a58   0x08004a58   0x000000e0   Code   RO          384    .text               adc.o
    0x08004b38   0x08004b38   0x000002a8   Code   RO          404    .text               ad9833.o
    0x08004de0   0x08004de0   0x00000104   Code   RO          424    .text               delay.o
    0x08004ee4   0x08004ee4   0x00000148   Code   RO          464    .text               usart.o
    0x0800502c   0x0800502c   0x00000040   Code   RO          496    .text               startup_stm32f40_41xxx.o
    0x0800506c   0x0800506c   0x000000e0   Code   RO          502    .text               misc.o
    0x0800514c   0x0800514c   0x00000294   Code   RO          522    .text               stm32f4xx_gpio.o
    0x080053e0   0x080053e0   0x000005c8   Code   RO          542    .text               stm32f4xx_fsmc.o
    0x080059a8   0x080059a8   0x0000065c   Code   RO          565    .text               stm32f4xx_rcc.o
    0x08006004   0x08006004   0x00000454   Code   RO          607    .text               stm32f4xx_usart.o
    0x08006458   0x08006458   0x00000ca2   Code   RO          627    .text               stm32f4xx_tim.o
    0x080070fa   0x080070fa   0x00000002   PAD
    0x080070fc   0x080070fc   0x00000464   Code   RO          647    .text               stm32f4xx_adc.o
    0x08007560   0x08007560   0x00000210   Code   RO          667    .text               stm32f4xx_dac.o
    0x08007770   0x08007770   0x000003a8   Code   RO          687    .text               stm32f4xx_dma.o
    0x08007b18   0x08007b18   0x000000f0   Code   RO          707    .text               arm_cortexM4lf_math.lib(arm_cmplx_mag_f32.o)
    0x08007c08   0x08007c08   0x000006a0   Code   RO          752    .text               arm_cortexM4lf_math.lib(arm_cfft_radix4_f32.o)
    0x080082a8   0x080082a8   0x000000c0   Code   RO          772    .text               arm_cortexM4lf_math.lib(arm_cfft_radix4_init_f32.o)
    0x08008368   0x08008368   0x00000110   Code   RO          796    .text               arm_cortexM4lf_math.lib(arm_var_f32.o)
    0x08008478   0x08008478   0x000001e6   Code   RO          816    .text               arm_cortexM4lf_math.lib(arm_bitreversal.o)
    0x0800865e   0x0800865e   0x00000002   Code   RO          887    .text               c_w.l(use_no_semi_2.o)
    0x08008660   0x08008660   0x00000018   Code   RO          893    .text               c_w.l(noretval__2printf.o)
    0x08008678   0x08008678   0x00000028   Code   RO          895    .text               c_w.l(noretval__2sprintf.o)
    0x080086a0   0x080086a0   0x00000078   Code   RO          899    .text               c_w.l(_printf_dec.o)
    0x08008718   0x08008718   0x00000058   Code   RO          904    .text               c_w.l(_printf_hex_int.o)
    0x08008770   0x08008770   0x00000138   Code   RO          934    .text               c_w.l(__printf_flags_wp.o)
    0x080088a8   0x080088a8   0x0000004e   Code   RO          946    .text               c_w.l(rt_memclr_w.o)
    0x080088f6   0x080088f6   0x00000006   Code   RO          948    .text               c_w.l(heapauxi.o)
    0x080088fc   0x080088fc   0x00000002   Code   RO          998    .text               c_w.l(use_no_semi.o)
    0x080088fe   0x080088fe   0x00000016   Code   RO         1001    .text               c_w.l(_rserrno.o)
    0x08008914   0x08008914   0x000000b2   Code   RO         1003    .text               c_w.l(_printf_intcommon.o)
    0x080089c6   0x080089c6   0x0000041e   Code   RO         1005    .text               c_w.l(_printf_fp_dec.o)
    0x08008de4   0x08008de4   0x00000030   Code   RO         1007    .text               c_w.l(_printf_char_common.o)
    0x08008e14   0x08008e14   0x0000000a   Code   RO         1009    .text               c_w.l(_sputc.o)
    0x08008e1e   0x08008e1e   0x00000002   PAD
    0x08008e20   0x08008e20   0x00000024   Code   RO         1011    .text               c_w.l(_printf_char_file.o)
    0x08008e44   0x08008e44   0x00000008   Code   RO         1098    .text               c_w.l(rt_locale_intlibspace.o)
    0x08008e4c   0x08008e4c   0x00000008   Code   RO         1103    .text               c_w.l(rt_errno_addr_intlibspace.o)
    0x08008e54   0x08008e54   0x0000008a   Code   RO         1105    .text               c_w.l(lludiv10.o)
    0x08008ede   0x08008ede   0x00000002   PAD
    0x08008ee0   0x08008ee0   0x00000080   Code   RO         1107    .text               c_w.l(_printf_fp_infnan.o)
    0x08008f60   0x08008f60   0x000000e4   Code   RO         1111    .text               c_w.l(bigflt0.o)
    0x08009044   0x08009044   0x00000008   Code   RO         1136    .text               c_w.l(ferror.o)
    0x0800904c   0x0800904c   0x00000008   Code   RO         1153    .text               c_w.l(libspace.o)
    0x08009054   0x08009054   0x0000004a   Code   RO         1156    .text               c_w.l(sys_stackheap_outer.o)
    0x0800909e   0x0800909e   0x00000012   Code   RO         1158    .text               c_w.l(exit.o)
    0x080090b0   0x080090b0   0x00000080   Code   RO         1160    .text               c_w.l(strcmpv7m.o)
    0x08009130   0x08009130   0x0000003e   Code   RO         1114    CL$$btod_d2e        c_w.l(btod.o)
    0x0800916e   0x0800916e   0x00000046   Code   RO         1116    CL$$btod_d2e_denorm_low  c_w.l(btod.o)
    0x080091b4   0x080091b4   0x00000060   Code   RO         1115    CL$$btod_d2e_norm_op1  c_w.l(btod.o)
    0x08009214   0x08009214   0x00000338   Code   RO         1124    CL$$btod_div_common  c_w.l(btod.o)
    0x0800954c   0x0800954c   0x000000dc   Code   RO         1121    CL$$btod_e2e        c_w.l(btod.o)
    0x08009628   0x08009628   0x0000002a   Code   RO         1118    CL$$btod_ediv       c_w.l(btod.o)
    0x08009652   0x08009652   0x0000002a   Code   RO         1117    CL$$btod_emul       c_w.l(btod.o)
    0x0800967c   0x0800967c   0x00000244   Code   RO         1123    CL$$btod_mult_common  c_w.l(btod.o)
    0x080098c0   0x080098c0   0x00000030   Code   RO         1149    i.__ARM_fpclassify  m_wm.l(fpclassify.o)
    0x080098f0   0x080098f0   0x000002d8   Code   RO         1031    i.__hardfp_atan     m_wm.l(atan.o)
    0x08009bc8   0x08009bc8   0x000001f0   Code   RO          974    i.__hardfp_atan2    m_wm.l(atan2.o)
    0x08009db8   0x08009db8   0x000000c8   Code   RO          986    i.__hardfp_sin      m_wm.l(sin.o)
    0x08009e80   0x08009e80   0x00000438   Code   RO         1069    i.__ieee754_rem_pio2  m_wm.l(rred.o)
    0x0800a2b8   0x0800a2b8   0x00000170   Code   RO         1045    i.__kernel_cos      m_wm.l(cos_i.o)
    0x0800a428   0x0800a428   0x000000f8   Code   RO         1151    i.__kernel_poly     m_wm.l(poly.o)
    0x0800a520   0x0800a520   0x00000130   Code   RO         1074    i.__kernel_sin      m_wm.l(sin_i.o)
    0x0800a650   0x0800a650   0x00000014   Code   RO         1049    i.__mathlib_dbl_infnan  m_wm.l(dunder.o)
    0x0800a664   0x0800a664   0x00000014   Code   RO         1050    i.__mathlib_dbl_infnan2  m_wm.l(dunder.o)
    0x0800a678   0x0800a678   0x00000020   Code   RO         1051    i.__mathlib_dbl_invalid  m_wm.l(dunder.o)
    0x0800a698   0x0800a698   0x00000020   Code   RO         1054    i.__mathlib_dbl_underflow  m_wm.l(dunder.o)
    0x0800a6b8   0x0800a6b8   0x0000000e   Code   RO          932    i._is_digit         c_w.l(__printf_wp.o)
    0x0800a6c6   0x0800a6c6   0x00000010   Code   RO         1033    i.atan              m_wm.l(atan.o)
    0x0800a6d6   0x0800a6d6   0x00000018   Code   RO         1064    i.fabs              m_wm.l(fabs.o)
    0x0800a6ee   0x0800a6ee   0x00000002   PAD
    0x0800a6f0   0x0800a6f0   0x0000002c   Code   RO         1141    locale$$code        c_w.l(lc_numeric_c.o)
    0x0800a71c   0x0800a71c   0x00000018   Code   RO         1014    x$fpl$basic         fz_wm.l(basic.o)
    0x0800a734   0x0800a734   0x00000062   Code   RO          952    x$fpl$d2f           fz_wm.l(d2f.o)
    0x0800a796   0x0800a796   0x00000002   PAD
    0x0800a798   0x0800a798   0x00000150   Code   RO         1016    x$fpl$dadd          fz_wm.l(daddsub_clz.o)
    0x0800a8e8   0x0800a8e8   0x000002b0   Code   RO          955    x$fpl$ddiv          fz_wm.l(ddiv.o)
    0x0800ab98   0x0800ab98   0x0000005e   Code   RO         1143    x$fpl$dfix          fz_wm.l(dfix.o)
    0x0800abf6   0x0800abf6   0x00000002   PAD
    0x0800abf8   0x0800abf8   0x0000005a   Code   RO          958    x$fpl$dfixu         fz_wm.l(dfixu.o)
    0x0800ac52   0x0800ac52   0x0000002e   Code   RO          963    x$fpl$dflt          fz_wm.l(dflt_clz.o)
    0x0800ac80   0x0800ac80   0x00000026   Code   RO          962    x$fpl$dfltu         fz_wm.l(dflt_clz.o)
    0x0800aca6   0x0800aca6   0x00000002   PAD
    0x0800aca8   0x0800aca8   0x00000154   Code   RO          968    x$fpl$dmul          fz_wm.l(dmul.o)
    0x0800adfc   0x0800adfc   0x0000009c   Code   RO         1022    x$fpl$dnaninf       fz_wm.l(dnaninf.o)
    0x0800ae98   0x0800ae98   0x0000000c   Code   RO         1024    x$fpl$dretinf       fz_wm.l(dretinf.o)
    0x0800aea4   0x0800aea4   0x00000016   Code   RO         1017    x$fpl$drsb          fz_wm.l(daddsub_clz.o)
    0x0800aeba   0x0800aeba   0x00000002   PAD
    0x0800aebc   0x0800aebc   0x000001d4   Code   RO         1018    x$fpl$dsub          fz_wm.l(daddsub_clz.o)
    0x0800b090   0x0800b090   0x00000056   Code   RO          970    x$fpl$f2d           fz_wm.l(f2d.o)
    0x0800b0e6   0x0800b0e6   0x0000008c   Code   RO         1026    x$fpl$fnaninf       fz_wm.l(fnaninf.o)
    0x0800b172   0x0800b172   0x0000000a   Code   RO         1217    x$fpl$fpinit        fz_wm.l(fpinit.o)
    0x0800b17c   0x0800b17c   0x0000000a   Code   RO         1028    x$fpl$fretinf       fz_wm.l(fretinf.o)
    0x0800b186   0x0800b186   0x00000004   Code   RO          972    x$fpl$printf1       fz_wm.l(printf1.o)
    0x0800b18a   0x0800b18a   0x00000000   Code   RO         1030    x$fpl$usenofp       fz_wm.l(usenofp.o)
    0x0800b18a   0x0800b18a   0x000017c0   Data   RO          283    .constdata          lcd.o
    0x0800c94a   0x0800c94a   0x00000002   PAD
    0x0800c94c   0x0800c94c   0x0000001c   Data   RO          543    .constdata          stm32f4xx_fsmc.o
    0x0800c968   0x0800c968   0x00000800   Data   RO          836    .constdata          arm_cortexM4lf_math.lib(arm_common_tables.o)
    0x0800d168   0x0800d168   0x00008000   Data   RO          845    .constdata          arm_cortexM4lf_math.lib(arm_common_tables.o)
    0x08015168   0x08015168   0x00000028   Data   RO          905    .constdata          c_w.l(_printf_hex_int.o)
    0x08015190   0x08015190   0x00000011   Data   RO          935    .constdata          c_w.l(__printf_flags_wp.o)
    0x080151a1   0x080151a1   0x00000007   PAD
    0x080151a8   0x080151a8   0x00000098   Data   RO         1034    .constdata          m_wm.l(atan.o)
    0x08015240   0x08015240   0x00000030   Data   RO         1046    .constdata          m_wm.l(cos_i.o)
    0x08015270   0x08015270   0x00000008   Data   RO         1068    .constdata          m_wm.l(qnan.o)
    0x08015278   0x08015278   0x000000c8   Data   RO         1071    .constdata          m_wm.l(rred.o)
    0x08015340   0x08015340   0x00000028   Data   RO         1075    .constdata          m_wm.l(sin_i.o)
    0x08015368   0x08015368   0x00000094   Data   RO         1112    .constdata          c_w.l(bigflt0.o)
    0x080153fc   0x080153fc   0x00000020   Data   RO         1288    Region$$Table       anon$$obj.o
    0x0801541c   0x0801541c   0x0000001c   Data   RO         1140    locale$$data        c_w.l(lc_numeric_c.o)


    Execution Region RW_IRAM1 (Exec base: 0x20000000, Load base: 0x08015438, Size: 0x00004be8, Max: 0x00020000, ABSOLUTE, COMPRESSED[0x00000fa8])

    Exec Addr    Load Addr    Size         Type   Attr      Idx    E Section Name        Object

    0x20000000   COMPRESSED   0x00001024   Data   RW            5    .data               main.o
    0x20001024   COMPRESSED   0x00000014   Data   RW          236    .data               system_stm32f4xx.o
    0x20001038   COMPRESSED   0x00000004   Data   RW          284    .data               lcd.o
    0x2000103c   COMPRESSED   0x00000001   Data   RW          320    .data               key.o
    0x2000103d   COMPRESSED   0x00000001   PAD
    0x2000103e   COMPRESSED   0x00000400   Data   RW          362    .data               dac.o
    0x2000143e   COMPRESSED   0x00000004   Data   RW          425    .data               delay.o
    0x20001442   COMPRESSED   0x00000002   PAD
    0x20001444   COMPRESSED   0x00000006   Data   RW          466    .data               usart.o
    0x2000144a   COMPRESSED   0x00000010   Data   RW          566    .data               stm32f4xx_rcc.o
    0x2000145a   COMPRESSED   0x00000002   PAD
    0x2000145c        -       0x00003050   Zero   RW            4    .bss                main.o
    0x200044ac        -       0x0000000e   Zero   RW          282    .bss                lcd.o
    0x200044ba        -       0x000000c8   Zero   RW          465    .bss                usart.o
    0x20004582   COMPRESSED   0x00000002   PAD
    0x20004584        -       0x00000060   Zero   RW         1154    .bss                c_w.l(libspace.o)
    0x200045e4   COMPRESSED   0x00000004   PAD
    0x200045e8        -       0x00000200   Zero   RW          494    HEAP                startup_stm32f40_41xxx.o
    0x200047e8        -       0x00000400   Zero   RW          493    STACK               startup_stm32f40_41xxx.o


==============================================================================

Image component sizes


      Code (inc. data)   RO Data    RW Data    ZI Data      Debug   Object Name

       680         30          0          0          0       3701   ad9833.o
       224         10          0          0          0       1235   adc.o
       660         44          0       1024          0       2650   dac.o
       260          8          0          4          0       1613   delay.o
       248         12          0          1          0        936   key.o
     13924        140       6080          4         14      19438   lcd.o
        64          4          0          0          0        591   led.o
      2788        350          0       4132      12368     340182   main.o
       224         20          0          0          0       1949   misc.o
        64         26        392          0       1536        892   startup_stm32f40_41xxx.o
      1124         24          0          0          0      10822   stm32f4xx_adc.o
       528          6          0          0          0       5177   stm32f4xx_dac.o
       936         32          0          0          0       6525   stm32f4xx_dma.o
      1480         18         28          0          0       5846   stm32f4xx_fsmc.o
       660         44          0          0          0       4289   stm32f4xx_gpio.o
        26          0          0          0          0       1290   stm32f4xx_it.o
      1628         52          0         16          0      13232   stm32f4xx_rcc.o
      3234         60          0          0          0      23148   stm32f4xx_tim.o
      1108         34          0          0          0       8016   stm32f4xx_usart.o
       528         46          0         20          0       1975   system_stm32f4xx.o
       132         10          0          0          0        892   timer.o
       328         16          0          6        200       3498   usart.o

    ----------------------------------------------------------------------
     30852        986       6534       5212      14120     457897   Object Totals
         0          0         32          0          0          0   (incl. Generated)
         4          0          2          5          2          0   (incl. Padding)

    ----------------------------------------------------------------------

      Code (inc. data)   RO Data    RW Data    ZI Data      Debug   Library Member Name

       486          0          0          0          0       2210   arm_bitreversal.o
      1696          0          0          0          0       4744   arm_cfft_radix4_f32.o
       192         46          0          0          0        767   arm_cfft_radix4_init_f32.o
       240          4          0          0          0      16312   arm_cmplx_mag_f32.o
         0          0      34816          0          0       2517   arm_common_tables.o
       272          4          0          0          0        986   arm_var_f32.o
       100          0          0          0          0          0   __dclz77c.o
         8          0          0          0          0         68   __main.o
       312          4         17          0          0         92   __printf_flags_wp.o
        14          0          0          0          0         68   __printf_wp.o
         0          0          0          0          0          0   __rtentry.o
        12          0          0          0          0          0   __rtentry2.o
         6          0          0          0          0          0   __rtentry4.o
        52          8          0          0          0          0   __scatter.o
        28          0          0          0          0          0   __scatter_zi.o
        48          6          0          0          0         96   _printf_char_common.o
        36          4          0          0          0         80   _printf_char_file.o
         6          0          0          0          0          0   _printf_d.o
       120         16          0          0          0         92   _printf_dec.o
         6          0          0          0          0          0   _printf_f.o
      1054          0          0          0          0        216   _printf_fp_dec.o
       128         16          0          0          0         84   _printf_fp_infnan.o
        88          4         40          0          0         88   _printf_hex_int.o
       178          0          0          0          0         88   _printf_intcommon.o
         0          0          0          0          0          0   _printf_percent.o
         4          0          0          0          0          0   _printf_percent_end.o
         6          0          0          0          0          0   _printf_x.o
        22          0          0          0          0        100   _rserrno.o
        10          0          0          0          0         68   _sputc.o
       228          4        148          0          0         96   bigflt0.o
      1936        128          0          0          0        672   btod.o
        18          0          0          0          0         80   exit.o
         8          0          0          0          0         68   ferror.o
         6          0          0          0          0        152   heapauxi.o
        44         10         28          0          0         76   lc_numeric_c.o
         2          0          0          0          0          0   libinit.o
        22          0          0          0          0          0   libinit2.o
         2          0          0          0          0          0   libshutdown.o
         2          0          0          0          0          0   libshutdown2.o
         8          4          0          0         96         68   libspace.o
       138          0          0          0          0         80   lludiv10.o
        24          4          0          0          0         84   noretval__2printf.o
        40          6          0          0          0         84   noretval__2sprintf.o
         8          4          0          0          0         68   rt_errno_addr_intlibspace.o
         8          4          0          0          0         68   rt_locale_intlibspace.o
        78          0          0          0          0         80   rt_memclr_w.o
         2          0          0          0          0          0   rtexit.o
        10          0          0          0          0          0   rtexit2.o
       128          0          0          0          0         68   strcmpv7m.o
        74          0          0          0          0         80   sys_stackheap_outer.o
         2          0          0          0          0         68   use_no_semi.o
         2          0          0          0          0         68   use_no_semi_2.o
        24          0          0          0          0        164   basic.o
        98          4          0          0          0        140   d2f.o
       826         16          0          0          0        492   daddsub_clz.o
       688        140          0          0          0        256   ddiv.o
        94          4          0          0          0        140   dfix.o
        90          4          0          0          0        140   dfixu.o
        84          0          0          0          0        232   dflt_clz.o
       340         12          0          0          0        152   dmul.o
       156          4          0          0          0        140   dnaninf.o
        12          0          0          0          0        116   dretinf.o
        86          4          0          0          0        132   f2d.o
       140          4          0          0          0        132   fnaninf.o
        10          0          0          0          0        116   fpinit.o
        10          0          0          0          0        116   fretinf.o
         4          0          0          0          0        116   printf1.o
         0          0          0          0          0          0   usenofp.o
       744        106        152          0          0        352   atan.o
       496         64          0          0          0        192   atan2.o
       368         46         48          0          0        200   cos_i.o
       104         16          0          0          0        496   dunder.o
        24          0          0          0          0        124   fabs.o
        48          0          0          0          0        124   fpclassify.o
       248          0          0          0          0        152   poly.o
         0          0          8          0          0          0   qnan.o
      1080        142        200          0          0        188   rred.o
       200         20          0          0          0        164   sin.o
       304         24         40          0          0        208   sin_i.o

    ----------------------------------------------------------------------
     14206        886      35504          0        100      35420   Library Totals
        14          0          7          0          4          0   (incl. Padding)

    ----------------------------------------------------------------------

      Code (inc. data)   RO Data    RW Data    ZI Data      Debug   Library Name

      2886         54      34816          0          0      27536   arm_cortexM4lf_math.lib
      5028        222        233          0         96       3100   c_w.l
      2662        192          0          0          0       2584   fz_wm.l
      3616        418        448          0          0       2200   m_wm.l

    ----------------------------------------------------------------------
     14206        886      35504          0        100      35420   Library Totals

    ----------------------------------------------------------------------

==============================================================================


      Code (inc. data)   RO Data    RW Data    ZI Data      Debug   

     45058       1872      42038       5212      14220     483201   Grand Totals
     45058       1872      42038       4008      14220     483201   ELF Image Totals (compressed)
     45058       1872      42038       4008          0          0   ROM Totals

==============================================================================

    Total RO  Size (Code + RO Data)                87096 (  85.05kB)
    Total RW  Size (RW Data + ZI Data)             19432 (  18.98kB)
    Total ROM Size (Code + RO Data + RW Data)      91104 (  88.97kB)

==============================================================================

